Archive member included to satisfy reference by file (symbol)

C:/ST/STM32CubeIDE_1.18.0/STM32CubeIDE/plugins/com.st.stm32cube.ide.mcu.externaltools.gnu-tools-for-stm32.13.3.rel1.win32_1.0.0.202411081344/tools/bin/../lib/gcc/arm-none-eabi/13.3.1/../../../../arm-none-eabi/lib/thumb/v7e-m+fp/hard\libc_nano.a(libc_a-exit.o)
                              C:/ST/STM32CubeIDE_1.18.0/STM32CubeIDE/plugins/com.st.stm32cube.ide.mcu.externaltools.gnu-tools-for-stm32.13.3.rel1.win32_1.0.0.202411081344/tools/bin/../lib/gcc/arm-none-eabi/13.3.1/../../../../arm-none-eabi/lib/thumb/v7e-m+fp/hard/crt0.o (exit)
C:/ST/STM32CubeIDE_1.18.0/STM32CubeIDE/plugins/com.st.stm32cube.ide.mcu.externaltools.gnu-tools-for-stm32.13.3.rel1.win32_1.0.0.202411081344/tools/bin/../lib/gcc/arm-none-eabi/13.3.1/../../../../arm-none-eabi/lib/thumb/v7e-m+fp/hard\libc_nano.a(libc_a-findfp.o)
                              C:/ST/STM32CubeIDE_1.18.0/STM32CubeIDE/plugins/com.st.stm32cube.ide.mcu.externaltools.gnu-tools-for-stm32.13.3.rel1.win32_1.0.0.202411081344/tools/bin/../lib/gcc/arm-none-eabi/13.3.1/../../../../arm-none-eabi/lib/thumb/v7e-m+fp/hard\libc_nano.a(libc_a-exit.o) (__stdio_exit_handler)
C:/ST/STM32CubeIDE_1.18.0/STM32CubeIDE/plugins/com.st.stm32cube.ide.mcu.externaltools.gnu-tools-for-stm32.13.3.rel1.win32_1.0.0.202411081344/tools/bin/../lib/gcc/arm-none-eabi/13.3.1/../../../../arm-none-eabi/lib/thumb/v7e-m+fp/hard\libc_nano.a(libc_a-fwalk.o)
                              C:/ST/STM32CubeIDE_1.18.0/STM32CubeIDE/plugins/com.st.stm32cube.ide.mcu.externaltools.gnu-tools-for-stm32.13.3.rel1.win32_1.0.0.202411081344/tools/bin/../lib/gcc/arm-none-eabi/13.3.1/../../../../arm-none-eabi/lib/thumb/v7e-m+fp/hard\libc_nano.a(libc_a-findfp.o) (_fwalk_sglue)
C:/ST/STM32CubeIDE_1.18.0/STM32CubeIDE/plugins/com.st.stm32cube.ide.mcu.externaltools.gnu-tools-for-stm32.13.3.rel1.win32_1.0.0.202411081344/tools/bin/../lib/gcc/arm-none-eabi/13.3.1/../../../../arm-none-eabi/lib/thumb/v7e-m+fp/hard\libc_nano.a(libc_a-printf.o)
                              ./Core/Src/charge_game.o (printf)
C:/ST/STM32CubeIDE_1.18.0/STM32CubeIDE/plugins/com.st.stm32cube.ide.mcu.externaltools.gnu-tools-for-stm32.13.3.rel1.win32_1.0.0.202411081344/tools/bin/../lib/gcc/arm-none-eabi/13.3.1/../../../../arm-none-eabi/lib/thumb/v7e-m+fp/hard\libc_nano.a(libc_a-snprintf.o)
                              ./Core/Src/binary_game.o (snprintf)
C:/ST/STM32CubeIDE_1.18.0/STM32CubeIDE/plugins/com.st.stm32cube.ide.mcu.externaltools.gnu-tools-for-stm32.13.3.rel1.win32_1.0.0.202411081344/tools/bin/../lib/gcc/arm-none-eabi/13.3.1/../../../../arm-none-eabi/lib/thumb/v7e-m+fp/hard\libc_nano.a(libc_a-stdio.o)
                              C:/ST/STM32CubeIDE_1.18.0/STM32CubeIDE/plugins/com.st.stm32cube.ide.mcu.externaltools.gnu-tools-for-stm32.13.3.rel1.win32_1.0.0.202411081344/tools/bin/../lib/gcc/arm-none-eabi/13.3.1/../../../../arm-none-eabi/lib/thumb/v7e-m+fp/hard\libc_nano.a(libc_a-findfp.o) (__sread)
C:/ST/STM32CubeIDE_1.18.0/STM32CubeIDE/plugins/com.st.stm32cube.ide.mcu.externaltools.gnu-tools-for-stm32.13.3.rel1.win32_1.0.0.202411081344/tools/bin/../lib/gcc/arm-none-eabi/13.3.1/../../../../arm-none-eabi/lib/thumb/v7e-m+fp/hard\libc_nano.a(libc_a-memset.o)
                              C:/ST/STM32CubeIDE_1.18.0/STM32CubeIDE/plugins/com.st.stm32cube.ide.mcu.externaltools.gnu-tools-for-stm32.13.3.rel1.win32_1.0.0.202411081344/tools/bin/../lib/gcc/arm-none-eabi/13.3.1/../../../../arm-none-eabi/lib/thumb/v7e-m+fp/hard/crt0.o (memset)
C:/ST/STM32CubeIDE_1.18.0/STM32CubeIDE/plugins/com.st.stm32cube.ide.mcu.externaltools.gnu-tools-for-stm32.13.3.rel1.win32_1.0.0.202411081344/tools/bin/../lib/gcc/arm-none-eabi/13.3.1/../../../../arm-none-eabi/lib/thumb/v7e-m+fp/hard\libc_nano.a(libc_a-closer.o)
                              C:/ST/STM32CubeIDE_1.18.0/STM32CubeIDE/plugins/com.st.stm32cube.ide.mcu.externaltools.gnu-tools-for-stm32.13.3.rel1.win32_1.0.0.202411081344/tools/bin/../lib/gcc/arm-none-eabi/13.3.1/../../../../arm-none-eabi/lib/thumb/v7e-m+fp/hard\libc_nano.a(libc_a-stdio.o) (_close_r)
C:/ST/STM32CubeIDE_1.18.0/STM32CubeIDE/plugins/com.st.stm32cube.ide.mcu.externaltools.gnu-tools-for-stm32.13.3.rel1.win32_1.0.0.202411081344/tools/bin/../lib/gcc/arm-none-eabi/13.3.1/../../../../arm-none-eabi/lib/thumb/v7e-m+fp/hard\libc_nano.a(libc_a-reent.o)
                              C:/ST/STM32CubeIDE_1.18.0/STM32CubeIDE/plugins/com.st.stm32cube.ide.mcu.externaltools.gnu-tools-for-stm32.13.3.rel1.win32_1.0.0.202411081344/tools/bin/../lib/gcc/arm-none-eabi/13.3.1/../../../../arm-none-eabi/lib/thumb/v7e-m+fp/hard\libc_nano.a(libc_a-closer.o) (errno)
C:/ST/STM32CubeIDE_1.18.0/STM32CubeIDE/plugins/com.st.stm32cube.ide.mcu.externaltools.gnu-tools-for-stm32.13.3.rel1.win32_1.0.0.202411081344/tools/bin/../lib/gcc/arm-none-eabi/13.3.1/../../../../arm-none-eabi/lib/thumb/v7e-m+fp/hard\libc_nano.a(libc_a-impure.o)
[...]
Memory Configuration

Name             Origin             Length             Attributes
RAM              0x20000000         0x00010000         xrw
FLASH            0x08000000         0x00040000         xr
*default*        0x00000000         0xffffffff

Linker script and memory map

LOAD C:/ST/STM32CubeIDE_1.18.0/STM32CubeIDE/plugins/com.st.stm32cube.ide.mcu.externaltools.gnu-tools-for-stm32.13.3.rel1.win32_1.0.0.202411081344/tools/bin/../lib/gcc/arm-none-eabi/13.3.1/thumb/v7e-m+fp/hard/crti.o
LOAD C:/ST/STM32CubeIDE_1.18.0/STM32CubeIDE/plugins/com.st.stm32cube.ide.mcu.externaltools.gnu-tools-for-stm32.13.3.rel1.win32_1.0.0.202411081344/tools/bin/../lib/gcc/arm-none-eabi/13.3.1/thumb/v7e-m+fp/hard/crtbegin.o
LOAD C:/ST/STM32CubeIDE_1.18.0/STM32CubeIDE/plugins/com.st.stm32cube.ide.mcu.externaltools.gnu-tools-for-stm32.13.3.rel1.win32_1.0.0.202411081344/tools/bin/../lib/gcc/arm-none-eabi/13.3.1/../../../../arm-none-eabi/lib/thumb/v7e-m+fp/hard/crt0.o
LOAD ./Core/Src/binary_game.o
LOAD ./Core/Src/charge_game.o
LOAD ./Core/Src/dht.o
LOAD ./Core/Src/flash_storage.o
LOAD ./Core/Src/main.o
LOAD ./Core/Src/rhythm_game.o
LOAD ./Core/Src/stm32f4xx_hal_msp.o
LOAD ./Core/Src/stm32f4xx_it.o
LOAD ./Core/Src/syscalls.o
LOAD ./Core/Src/sysmem.o
LOAD ./Core/Src/system_stm32f4xx.o
LOAD ./Core/Src/whack_game.o
LOAD ./Core/Startup/startup_stm32f401ccux.o
LOAD ./Drivers/STM32F4xx_HAL_Driver/Src/stm32f4xx_hal.o
LOAD ./Drivers/STM32F4xx_HAL_Driver/Src/stm32f4xx_hal_adc.o
LOAD ./Drivers/STM32F4xx_HAL_Driver/Src/stm32f4xx_hal_adc_ex.o
LOAD ./Drivers/STM32F4xx_HAL_Driver/Src/stm32f4xx_hal_cortex.o
LOAD ./Drivers/STM32F4xx_HAL_Driver/Src/stm32f4xx_hal_dma.o
LOAD ./Drivers/STM32F4xx_HAL_Driver/Src/stm32f4xx_hal_dma_ex.o
LOAD ./Drivers/STM32F4xx_HAL_Driver/Src/stm32f4xx_hal_exti.o
LOAD ./Drivers/STM32F4xx_HAL_Driver/Src/stm32f4xx_hal_flash.o
LOAD ./Drivers/STM32F4xx_HAL_Driver/Src/stm32f4xx_hal_flash_ex.o
LOAD ./Drivers/STM32F4xx_HAL_Driver/Src/stm32f4xx_hal_flash_ramfunc.o
LOAD ./Drivers/STM32F4xx_HAL_Driver/Src/stm32f4xx_hal_gpio.o
LOAD ./Drivers/STM32F4xx_HAL_Driver/Src/stm32f4xx_hal_pcd.o
LOAD ./Drivers/STM32F4xx_HAL_Driver/Src/stm32f4xx_hal_pcd_ex.o
LOAD ./Drivers/STM32F4xx_HAL_Driver/Src/stm32f4xx_hal_pwr.o
LOAD ./Drivers/STM32F4xx_HAL_Driver/Src/stm32f4xx_hal_pwr_ex.o
LOAD ./Drivers/STM32F4xx_HAL_Driver/Src/stm32f4xx_hal_rcc.o
LOAD ./Drivers/STM32F4xx_HAL_Driver/Src/stm32f4xx_hal_rcc_ex.o
LOAD ./Drivers/STM32F4xx_HAL_Driver/Src/stm32f4xx_hal_tim.o
LOAD ./Drivers/STM32F4xx_HAL_Driver/Src/stm32f4xx_hal_tim_ex.o
LOAD ./Drivers/STM32F4xx_HAL_Driver/Src/stm32f4xx_ll_adc.o
LOAD ./Drivers/STM32F4xx_HAL_Driver/Src/stm32f4xx_ll_usb.o
LOAD ./Middlewares/ST/STM32_USB_Device_Library/Class/CDC/Src/usbd_cdc.o
LOAD ./Middlewares/ST/STM32_USB_Device_Library/Core/Src/usbd_core.o
LOAD ./Middlewares/ST/STM32_USB_Device_Library/Core/Src/usbd_ctlreq.o
LOAD ./Middlewares/ST/STM32_USB_Device_Library/Core/Src/usbd_ioreq.o
LOAD ./USB_DEVICE/App/usb_device.o
LOAD ./USB_DEVICE/App/usbd_cdc_if.o
LOAD ./USB_DEVICE/App/usbd_desc.o
LOAD ./USB_DEVICE/Target/usbd_conf.o
START GROUP
LOAD C:/ST/STM32CubeIDE_1.18.0/STM32CubeIDE/plugins/com.st.stm32cube.ide.mcu.externaltools.gnu-tools-for-stm32.13.3.rel1.win32_1.0.0.202411081344/tools/bin/../lib/gcc/arm-none-eabi/13.3.1/../../../../arm-none-eabi/lib/thumb/v7e-m+fp/hard\libc_nano.a
LOAD C:/ST/STM32CubeIDE_1.18.0/STM32CubeIDE/plugins/com.st.stm32cube.ide.mcu.externaltools.gnu-tools-for-stm32.13.3.rel1.win32_1.0.0.202411081344/tools/bin/../lib/gcc/arm-none-eabi/13.3.1/../../../../arm-none-eabi/lib/thumb/v7e-m+fp/hard\libm.a
END GROUP
START GROUP
LOAD C:/ST/STM32CubeIDE_1.18.0/STM32CubeIDE/plugins/com.st.stm32cube.ide.mcu.externaltools.gnu-tools-for-stm32.13.3.rel1.win32_1.0.0.202411081344/tools/bin/../lib/gcc/arm-none-eabi/13.3.1/thumb/v7e-m+fp/hard\libgcc.a
LOAD C:/ST/STM32CubeIDE_1.18.0/STM32CubeIDE/plugins/com.st.stm32cube.ide.mcu.externaltools.gnu-tools-for-stm32.13.3.rel1.win32_1.0.0.202411081344/tools/bin/../lib/gcc/arm-none-eabi/13.3.1/../../../../arm-none-eabi/lib/thumb/v7e-m+fp/hard\libc_nano.a
END GROUP
START GROUP
LOAD C:/ST/STM32CubeIDE_1.18.0/STM32CubeIDE/plugins/com.st.stm32cube.ide.mcu.externaltools.gnu-tools-for-stm32.13.3.rel1.win32_1.0.0.202411081344/tools/bin/../lib/gcc/arm-none-eabi/13.3.1/thumb/v7e-m+fp/hard\libgcc.a
LOAD C:/ST/STM32CubeIDE_1.18.0/STM32CubeIDE/plugins/com.st.stm32cube.ide.mcu.externaltools.gnu-tools-for-stm32.13.3.rel1.win32_1.0.0.202411081344/tools/bin/../lib/gcc/arm-none-eabi/13.3.1/../../../../arm-none-eabi/lib/thumb/v7e-m+fp/hard\libc_nano.a
LOAD C:/ST/STM32CubeIDE_1.18.0/STM32CubeIDE/plugins/com.st.stm32cube.ide.mcu.externaltools.gnu-tools-for-stm32.13.3.rel1.win32_1.0.0.202411081344/tools/bin/../lib/gcc/arm-none-eabi/13.3.1/../../../../arm-none-eabi/lib/thumb/v7e-m+fp/hard\libnosys.a
END GROUP
START GROUP
LOAD C:/ST/STM32CubeIDE_1.18.0/STM32CubeIDE/plugins/com.st.stm32cube.ide.mcu.externaltools.gnu-tools-for-stm32.13.3.rel1.win32_1.0.0.202411081344/tools/bin/../lib/gcc/arm-none-eabi/13.3.1/thumb/v7e-m+fp/hard\libgcc.a
LOAD C:/ST/STM32CubeIDE_1.18.0/STM32CubeIDE/plugins/com.st.stm32cube.ide.mcu.externaltools.gnu-tools-for-stm32.13.3.rel1.win32_1.0.0.202411081344/tools/bin/../lib/gcc/arm-none-eabi/13.3.1/../../../../arm-none-eabi/lib/thumb/v7e-m+fp/hard\libc_nano.a
LOAD C:/ST/STM32CubeIDE_1.18.0/STM32CubeIDE/plugins/com.st.stm32cube.ide.mcu.externaltools.gnu-tools-for-stm32.13.3.rel1.win32_1.0.0.202411081344/tools/bin/../lib/gcc/arm-none-eabi/13.3.1/../../../../arm-none-eabi/lib/thumb/v7e-m+fp/hard\libnosys.a
END GROUP
LOAD C:/ST/STM32CubeIDE_1.18.0/STM32CubeIDE/plugins/com.st.stm32cube.ide.mcu.externaltools.gnu-tools-for-stm32.13.3.rel1.win32_1.0.0.202411081344/tools/bin/../lib/gcc/arm-none-eabi/13.3.1/thumb/v7e-m+fp/hard/crtend.o
LOAD C:/ST/STM32CubeIDE_1.18.0/STM32CubeIDE/plugins/com.st.stm32cube.ide.mcu.externaltools.gnu-tools-for-stm32.13.3.rel1.win32_1.0.0.202411081344/tools/bin/../lib/gcc/arm-none-eabi/13.3.1/thumb/v7e-m+fp/hard/crtn.o
                0x20010000                        _estack = (ORIGIN (RAM) + LENGTH (RAM))
                0x00000600                        _Min_Heap_Size = 0x600
                0x00000600                        _Min_Stack_Size = 0x600

.isr_vector     0x08000000      0x194
                0x08000000                        . = ALIGN (0x4)
 *(.isr_vector)
 .isr_vector    0x08000000      0x194 ./Core/Startup/startup_stm32f401ccux.o
                0x08000000                g_pfnVectors
                0x08000194                        . = ALIGN (0x4)

.text           0x080001a0     0xea04
                0x080001a0                        . = ALIGN (0x4)
 *(.text)
 .text          0x080001a0       0x40 C:/ST/STM32CubeIDE_1.18.0/STM32CubeIDE/plugins/com.st.stm32cube.ide.mcu.externaltools.gnu-tools-for-stm32.13.3.rel1.win32_1.0.0.202411081344/tools/bin/../lib/gcc/arm-none-eabi/13.3.1/thumb/v7e-m+fp/hard/crtbegin.o
 .text          0x080001e0       0x10 C:/ST/STM32CubeIDE_1.18.0/STM32CubeIDE/plugins/com.st.stm32cube.ide.mcu.externaltools.gnu-tools-for-stm32.13.3.rel1.win32_1.0.0.202411081344/tools/bin/../lib/gcc/arm-none-eabi/13.3.1/../../../../arm-none-eabi/lib/thumb/v7e-m+fp/hard\libc_nano.a(libc_a-strlen.o)
                0x080001e0                strlen
 .text          0x080001f0       0xa0 C:/ST/STM32CubeIDE_1.18.0/STM32CubeIDE/plugins/com.st.stm32cube.ide.mcu.externaltools.gnu-tools-for-stm32.13.3.rel1.win32_1.0.0.202411081344/tools/bin/../lib/gcc/arm-none-eabi/13.3.1/../../../../arm-none-eabi/lib/thumb/v7e-m+fp/hard\libc_nano.a(libc_a-memchr.o)
                0x080001f0                memchr
 .text          0x08000290      0x254 C:/ST/STM32CubeIDE_1.18.0/STM32CubeIDE/plugins/com.st.stm32cube.ide.mcu.externaltools.gnu-tools-for-stm32.13.3.rel1.win32_1.0.0.202411081344/tools/bin/../lib/gcc/arm-none-eabi/13.3.1/thumb/v7e-m+fp/hard\libgcc.a(_arm_muldf3.o)
                0x08000290                __muldf3
                0x08000290                __aeabi_dmul
 .text          0x080004e4      0x378 C:/ST/STM32CubeIDE_1.18.0/STM32CubeIDE/plugins/com.st.stm32cube.ide.mcu.externaltools.gnu-tools-for-stm32.13.3.rel1.win32_1.0.0.202411081344/tools/bin/../lib/gcc/arm-none-eabi/13.3.1/thumb/v7e-m+fp/hard\libgcc.a(_arm_addsubdf3.o)
                0x080004e4                __aeabi_drsub
                0x080004ec                __aeabi_dsub
                0x080004ec                __subdf3
                0x080004f0                __aeabi_dadd
                0x080004f0                __adddf3
                0x08000768                __floatunsidf
                0x08000768                __aeabi_ui2d
                0x08000788                __floatsidf
                0x08000788                __aeabi_i2d
                0x080007ac                __aeabi_f2d
                0x080007ac                __extendsfdf2
                0x080007f0                __floatundidf
                0x080007f0                __aeabi_ul2d
                0x08000800                __floatdidf
                0x08000800                __aeabi_l2d
 .text          0x0800085c      0x110 C:/ST/STM32CubeIDE_1.18.0/STM32CubeIDE/plugins/com.st.stm32cube.ide.mcu.externaltools.gnu-tools-for-stm32.13.3.rel1.win32_1.0.0.202411081344/tools/bin/../lib/gcc/arm-none-eabi/13.3.1/thumb/v7e-m+fp/hard\libgcc.a(_arm_cmpdf2.o)
                0x0800085c                __gtdf2
                0x0800085c                __gedf2
                0x08000864                __ltdf2
                0x08000864                __ledf2
                0x0800086c                __nedf2
                0x0800086c                __eqdf2
                0x0800086c                __cmpdf2
                0x080008e8                __aeabi_cdrcmple
                0x080008f8                __aeabi_cdcmpeq
                0x080008f8                __aeabi_cdcmple
                0x08000908                __aeabi_dcmpeq
                0x0800091c                __aeabi_dcmplt
                0x08000930                __aeabi_dcmple
                0x08000944                __aeabi_dcmpge
                0x08000958                __aeabi_dcmpgt
 .text          0x0800096c       0x30 C:/ST/STM32CubeIDE_1.18.0/STM32CubeIDE/plugins/com.st.stm32cube.ide.mcu.externaltools.gnu-tools-for-stm32.13.3.rel1.win32_1.0.0.202411081344/tools/bin/../lib/gcc/arm-none-eabi/13.3.1/thumb/v7e-m+fp/hard\libgcc.a(_aeabi_uldivmod.o)
                0x0800096c                __aeabi_uldivmod
 .text          0x0800099c      0x2f8 C:/ST/STM32CubeIDE_1.18.0/STM32CubeIDE/plugins/com.st.stm32cube.ide.mcu.externaltools.gnu-tools-for-stm32.13.3.rel1.win32_1.0.0.202411081344/tools/bin/../lib/gcc/arm-none-eabi/13.3.1/thumb/v7e-m+fp/hard\libgcc.a(_udivmoddi4.o)
                0x0800099c                __udivmoddi4
 .text          0x08000c94        0x4 C:/ST/STM32CubeIDE_1.18.0/STM32CubeIDE/plugins/com.st.stm32cube.ide.mcu.externaltools.gnu-tools-for-stm32.13.3.rel1.win32_1.0.0.202411081344/tools/bin/../lib/gcc/arm-none-eabi/13.3.1/thumb/v7e-m+fp/hard\libgcc.a(_dvmd_tls.o)
                0x08000c94                __aeabi_idiv0
                0x08000c94                __aeabi_ldiv0
 *(.text*)
 .text.bg_set_leds
                0x08000c98       0x64 ./Core/Src/binary_game.o
 .text.BinaryGame_UART_Transmit
                0x08000cfc       0x18 ./Core/Src/binary_game.o
                0x08000cfc                BinaryGame_UART_Transmit
 .text.send_to_website
                0x08000d14       0x9c ./Core/Src/binary_game.o
 .text.BinaryGame_Init
                0x08000db0       0x1c ./Core/Src/binary_game.o
                0x08000db0                BinaryGame_Init
 .text.BinaryGame_Run
                0x08000dcc        0xe ./Core/Src/binary_game.o
                0x08000dcc                BinaryGame_Run
 *fill*         0x08000dda        0x2 
 .text.BinaryGame_Reset
                0x08000ddc       0x18 ./Core/Src/binary_game.o
                0x08000ddc                BinaryGame_Reset
 .text.BinaryGame_BTN1_Press
                0x08000df4       0x2c ./Core/Src/binary_game.o
                0x08000df4                BinaryGame_BTN1_Press
 .text.BinaryGame_BTN2_Press
                0x08000e20       0x28 ./Core/Src/binary_game.o
                0x08000e20                BinaryGame_BTN2_Press
 .text.LED_WriteRaw
                0x08000e48       0xcc ./Core/Src/charge_game.o
 .text.ChargeGame_Init
                0x08000f14       0x74 ./Core/Src/charge_game.o
                0x08000f14                ChargeGame_Init
 .text.GetADC_seed
                0x08000f88       0x18 ./Core/Src/charge_game.o
 .text.ChargeGame_Run
                0x08000fa0      0x6c8 ./Core/Src/charge_game.o
                0x08000fa0                ChargeGame_Run
 .text.ChargeGame_Reset
                0x08001668       0x18 ./Core/Src/charge_game.o
                0x08001668                ChargeGame_Reset
 .text.ChargeGame_BTN2_Press
                0x08001680        0xe ./Core/Src/charge_game.o
                0x08001680                ChargeGame_BTN2_Press
 .text.DHT_pinChangeCallBack
                0x0800168e       0x60 ./Core/Src/dht.o
                0x0800168e                DHT_pinChangeCallBack
 .text.DHT_delayUs
                0x080016ee       0x3a ./Core/Src/dht.o
                0x080016ee                DHT_delayUs
 .text.DHT_output
                0x08001728       0x3c ./Core/Src/dht.o
                0x08001728                DHT_output
 .text.DHT_input
                0x08001764       0x34 ./Core/Src/dht.o
                0x08001764                DHT_input
 .text.DHT_decode
                0x08001798      0x206 ./Core/Src/dht.o
                0x08001798                DHT_decode
 .text.DHT_init
                0x0800199e       0x8c ./Core/Src/dht.o
                0x0800199e                DHT_init
 .text.DHT_readData
                0x08001a2a      0x27e ./Core/Src/dht.o
                0x08001a2a                DHT_readData
 .text.FlashStorage_Read
                0x08001ca8       0x44 ./Core/Src/flash_storage.o
                0x08001ca8                FlashStorage_Read
 .text.FlashStorage_Write
                0x08001cec       0xc4 ./Core/Src/flash_storage.o
                0x08001cec                FlashStorage_Write
 .text.set_leds
                0x08001db0       0x54 ./Core/Src/main.o
 .text.all_leds_on
                0x08001e04        0xe ./Core/Src/main.o
 .text.all_leds_off
                0x08001e12        0xe ./Core/Src/main.o
 .text.main     0x08001e20      0x9fc ./Core/Src/main.o
                0x08001e20                main
 .text.SystemClock_Config
                0x0800281c       0xd8 ./Core/Src/main.o
                0x0800281c                SystemClock_Config
 .text.MX_ADC1_Init
                0x080028f4       0xa4 ./Core/Src/main.o
 .text.MX_TIM2_Init
                0x08002998       0x98 ./Core/Src/main.o
 .text.MX_TIM3_Init
                0x08002a30       0xa8 ./Core/Src/main.o
 .text.MX_TIM4_Init
                0x08002ad8       0xb4 ./Core/Src/main.o
 .text.MX_DMA_Init
                0x08002b8c       0x40 ./Core/Src/main.o
 .text.MX_GPIO_Init
                0x08002bcc      0x138 ./Core/Src/main.o
 .text.HAL_GPIO_EXTI_Callback
                0x08002d04      0x1a4 ./Core/Src/main.o
                0x08002d04                HAL_GPIO_EXTI_Callback
 .text.Error_Handler
                0x08002ea8        0xc ./Core/Src/main.o
                0x08002ea8                Error_Handler
 .text.rg_set_leds
                0x08002eb4       0x54 ./Core/Src/rhythm_game.o
 .text.rg_calc_beat_ms
                0x08002f08       0x58 ./Core/Src/rhythm_game.o
 .text.rg_play_demo
                0x08002f60       0x64 ./Core/Src/rhythm_game.o
 .text.rg_ready_signal
                0x08002fc4       0x44 ./Core/Src/rhythm_game.o
 .text.rg_compute_errors
                0x08003008       0x80 ./Core/Src/rhythm_game.o
 .text._abs32   0x08003088       0x1c ./Core/Src/rhythm_game.o
 .text.rg_classify
                0x080030a4       0x2e ./Core/Src/rhythm_game.o
 *fill*         0x080030d2        0x2 
 .text.rg_calc_round_score
                0x080030d4       0xbc ./Core/Src/rhythm_game.o
 .text.rg_show_feedback
                0x08003190       0xdc ./Core/Src/rhythm_game.o
 .text.rg_level_up_anim
                0x0800326c       0x68 ./Core/Src/rhythm_game.o
 .text.rg_game_over_anim
                0x080032d4       0x88 ./Core/Src/rhythm_game.o
 .text.RhythmGame_UART_Transmit
                0x0800335c       0x18 ./Core/Src/rhythm_game.o
                0x0800335c                RhythmGame_UART_Transmit
 .text.rg_send_uart_result
                0x08003374      0x148 ./Core/Src/rhythm_game.o
 .text.RhythmGame_Init
                0x080034bc       0x38 ./Core/Src/rhythm_game.o
                0x080034bc                RhythmGame_Init
 .text.RhythmGame_Reset
                0x080034f4        0xc ./Core/Src/rhythm_game.o
                0x080034f4                RhythmGame_Reset
 .text.RhythmGame_BTN1_Tap
                0x08003500       0x60 ./Core/Src/rhythm_game.o
                0x08003500                RhythmGame_BTN1_Tap
 .text.RhythmGame_BTN2_Press
                0x08003560       0x18 ./Core/Src/rhythm_game.o
                0x08003560                RhythmGame_BTN2_Press
 .text.RhythmGame_Run
                0x08003578      0x2b8 ./Core/Src/rhythm_game.o
                0x08003578                RhythmGame_Run
 .text.HAL_MspInit
                0x08003830       0x50 ./Core/Src/stm32f4xx_hal_msp.o
                0x08003830                HAL_MspInit
 .text.HAL_ADC_MspInit
                0x08003880       0xf0 ./Core/Src/stm32f4xx_hal_msp.o
                0x08003880                HAL_ADC_MspInit
 .text.HAL_TIM_Base_MspInit
                0x08003970       0x40 ./Core/Src/stm32f4xx_hal_msp.o
                0x08003970                HAL_TIM_Base_MspInit
 .text.HAL_TIM_IC_MspInit
                0x080039b0       0xa0 ./Core/Src/stm32f4xx_hal_msp.o
                0x080039b0                HAL_TIM_IC_MspInit
 .text.HAL_TIM_PWM_MspInit
                0x08003a50       0x44 ./Core/Src/stm32f4xx_hal_msp.o
                0x08003a50                HAL_TIM_PWM_MspInit
 .text.HAL_TIM_MspPostInit
                0x08003a94       0x74 ./Core/Src/stm32f4xx_hal_msp.o
                0x08003a94                HAL_TIM_MspPostInit
 .text.NMI_Handler
                0x08003b08        0x8 ./Core/Src/stm32f4xx_it.o
                0x08003b08                NMI_Handler
 .text.HardFault_Handler
                0x08003b10        0x8 ./Core/Src/stm32f4xx_it.o
                0x08003b10                HardFault_Handler
 .text.MemManage_Handler
                0x08003b18        0x8 ./Core/Src/stm32f4xx_it.o
                0x08003b18                MemManage_Handler
 .text.BusFault_Handler
                0x08003b20        0x8 ./Core/Src/stm32f4xx_it.o
                0x08003b20                BusFault_Handler
 .text.UsageFault_Handler
                0x08003b28        0x8 ./Core/Src/stm32f4xx_it.o
                0x08003b28                UsageFault_Handler
 .text.SVC_Handler
                0x08003b30        0xe ./Core/Src/stm32f4xx_it.o
                0x08003b30                SVC_Handler
 .text.DebugMon_Handler
                0x08003b3e        0xe ./Core/Src/stm32f4xx_it.o
                0x08003b3e                DebugMon_Handler
 .text.PendSV_Handler
                0x08003b4c        0xe ./Core/Src/stm32f4xx_it.o
                0x08003b4c                PendSV_Handler
 .text.SysTick_Handler
                0x08003b5a        0xc ./Core/Src/stm32f4xx_it.o
                0x08003b5a                SysTick_Handler
 .text.EXTI0_IRQHandler
                0x08003b66        0xe ./Core/Src/stm32f4xx_it.o
                0x08003b66                EXTI0_IRQHandler
 .text.EXTI1_IRQHandler
                0x08003b74        0xe ./Core/Src/stm32f4xx_it.o
                0x08003b74                EXTI1_IRQHandler
 .text.EXTI4_IRQHandler
                0x08003b82        0xe ./Core/Src/stm32f4xx_it.o
                0x08003b82                EXTI4_IRQHandler
 .text.TIM3_IRQHandler
                0x08003b90       0x14 ./Core/Src/stm32f4xx_it.o
                0x08003b90                TIM3_IRQHandler
 .text.DMA2_Stream0_IRQHandler
                0x08003ba4       0x14 ./Core/Src/stm32f4xx_it.o
                0x08003ba4                DMA2_Stream0_IRQHandler
 .text.OTG_FS_IRQHandler
                0x08003bb8       0x14 ./Core/Src/stm32f4xx_it.o
                0x08003bb8                OTG_FS_IRQHandler
 .text._read    0x08003bcc       0x3a ./Core/Src/syscalls.o
                0x08003bcc                _read
 .text._write   0x08003c06       0x38 ./Core/Src/syscalls.o
                0x08003c06                _write
 .text._close   0x08003c3e       0x18 ./Core/Src/syscalls.o
                0x08003c3e                _close
 .text._fstat   0x08003c56       0x20 ./Core/Src/syscalls.o
                0x08003c56                _fstat
 .text._isatty  0x08003c76       0x16 ./Core/Src/syscalls.o
                0x08003c76                _isatty
 .text._lseek   0x08003c8c       0x1a ./Core/Src/syscalls.o
                0x08003c8c                _lseek
 *fill*         0x08003ca6        0x2 
 .text._sbrk    0x08003ca8       0x6c ./Core/Src/sysmem.o
                0x08003ca8                _sbrk
 .text.SystemInit
                0x08003d14       0x24 ./Core/Src/system_stm32f4xx.o
                0x08003d14                SystemInit
 .text.WhackGame_UART_Transmit
                0x08003d38       0x18 ./Core/Src/whack_game.o
                0x08003d38                WhackGame_UART_Transmit
 .text.whack_send_uart
                0x08003d50       0x22 ./Core/Src/whack_game.o
 *fill*         0x08003d72        0x2 
 .text.LED_WriteRaw
                0x08003d74       0xcc ./Core/Src/whack_game.o
 .text.WhackGame_Init
                0x08003e40       0x68 ./Core/Src/whack_game.o
                0x08003e40                WhackGame_Init
 .text.WhackGame_Reset
                0x08003ea8       0xb0 ./Core/Src/whack_game.o
                0x08003ea8                WhackGame_Reset
 .text.WhackGame_BTN1_Press
                0x08003f58       0xcc ./Core/Src/whack_game.o
                0x08003f58                WhackGame_BTN1_Press
 .text.WhackGame_BTN2_Press
                0x08004024       0x38 ./Core/Src/whack_game.o
                0x08004024                WhackGame_BTN2_Press
 .text.getCorrectButton
                0x0800405c       0x22 ./Core/Src/whack_game.o
 *fill*         0x0800407e        0x2 
 .text.evaluate_hit
                0x08004080      0x3ac ./Core/Src/whack_game.o
 *fill*         0x0800442c        0x4 
 .text.WhackGame_Run
                0x08004430      0x628 ./Core/Src/whack_game.o
                0x08004430                WhackGame_Run
 .text.Reset_Handler
                0x08004a58       0x50 ./Core/Startup/startup_stm32f401ccux.o
                0x08004a58                Reset_Handler
 .text.Default_Handler
                0x08004aa8        0x2 ./Core/Startup/startup_stm32f401ccux.o
                0x08004aa8                RTC_Alarm_IRQHandler
                0x08004aa8                EXTI2_IRQHandler
                0x08004aa8                SPI4_IRQHandler
                0x08004aa8                TIM1_CC_IRQHandler
                0x08004aa8                DMA2_Stream5_IRQHandler
                0x08004aa8                DMA1_Stream5_IRQHandler
                0x08004aa8                PVD_IRQHandler
                0x08004aa8                SDIO_IRQHandler
                0x08004aa8                TAMP_STAMP_IRQHandler
                0x08004aa8                EXTI3_IRQHandler
                0x08004aa8                TIM1_UP_TIM10_IRQHandler
                0x08004aa8                I2C3_ER_IRQHandler
                0x08004aa8                I2C2_EV_IRQHandler
                0x08004aa8                DMA1_Stream2_IRQHandler
                0x08004aa8                FPU_IRQHandler
                0x08004aa8                DMA2_Stream2_IRQHandler
                0x08004aa8                SPI1_IRQHandler
                0x08004aa8                TIM1_BRK_TIM9_IRQHandler
                0x08004aa8                DMA2_Stream3_IRQHandler
                0x08004aa8                USART6_IRQHandler
                0x08004aa8                TIM4_IRQHandler
                0x08004aa8                I2C1_EV_IRQHandler
                0x08004aa8                DMA1_Stream6_IRQHandler
                0x08004aa8                DMA1_Stream1_IRQHandler
                0x08004aa8                RCC_IRQHandler
                0x08004aa8                Default_Handler
                0x08004aa8                EXTI15_10_IRQHandler
                0x08004aa8                ADC_IRQHandler
                0x08004aa8                DMA1_Stream7_IRQHandler
                0x08004aa8                TIM5_IRQHandler
                0x08004aa8                DMA2_Stream7_IRQHandler
                0x08004aa8                I2C3_EV_IRQHandler
                0x08004aa8                EXTI9_5_IRQHandler
                0x08004aa8                RTC_WKUP_IRQHandler
                0x08004aa8                SPI2_IRQHandler
                0x08004aa8                DMA1_Stream0_IRQHandler
                0x08004aa8                WWDG_IRQHandler
                0x08004aa8                TIM2_IRQHandler
                0x08004aa8                OTG_FS_WKUP_IRQHandler
                0x08004aa8                TIM1_TRG_COM_TIM11_IRQHandler
                0x08004aa8                USART2_IRQHandler
                0x08004aa8                I2C2_ER_IRQHandler
                0x08004aa8                DMA2_Stream1_IRQHandler
                0x08004aa8                FLASH_IRQHandler
                0x08004aa8                DMA2_Stream4_IRQHandler
                0x08004aa8                USART1_IRQHandler
                0x08004aa8                SPI3_IRQHandler
                0x08004aa8                DMA1_Stream4_IRQHandler
                0x08004aa8                I2C1_ER_IRQHandler
                0x08004aa8                DMA2_Stream6_IRQHandler
                0x08004aa8                DMA1_Stream3_IRQHandler
 *fill*         0x08004aaa        0x2 
 .text.HAL_Init
                0x08004aac       0x44 ./Drivers/STM32F4xx_HAL_Driver/Src/stm32f4xx_hal.o
                0x08004aac                HAL_Init
 .text.HAL_InitTick
                0x08004af0       0x60 ./Drivers/STM32F4xx_HAL_Driver/Src/stm32f4xx_hal.o
                0x08004af0                HAL_InitTick
 .text.HAL_IncTick
                0x08004b50       0x28 ./Drivers/STM32F4xx_HAL_Driver/Src/stm32f4xx_hal.o
                0x08004b50                HAL_IncTick
 .text.HAL_GetTick
                0x08004b78       0x18 ./Drivers/STM32F4xx_HAL_Driver/Src/stm32f4xx_hal.o
                0x08004b78                HAL_GetTick
 .text.HAL_Delay
                0x08004b90       0x48 ./Drivers/STM32F4xx_HAL_Driver/Src/stm32f4xx_hal.o
                0x08004b90                HAL_Delay
 .text.HAL_ADC_Init
                0x08004bd8       0x86 ./Drivers/STM32F4xx_HAL_Driver/Src/stm32f4xx_hal_adc.o
                0x08004bd8                HAL_ADC_Init
 *fill*         0x08004c5e        0x2 
 .text.HAL_ADC_Start_DMA
                0x08004c60      0x1e8 ./Drivers/STM32F4xx_HAL_Driver/Src/stm32f4xx_hal_adc.o
                0x08004c60                HAL_ADC_Start_DMA
 .text.HAL_ADC_ConvCpltCallback
                0x08004e48       0x14 ./Drivers/STM32F4xx_HAL_Driver/Src/stm32f4xx_hal_adc.o
                0x08004e48                HAL_ADC_ConvCpltCallback
 .text.HAL_ADC_ConvHalfCpltCallback
                0x08004e5c       0x14 ./Drivers/STM32F4xx_HAL_Driver/Src/stm32f4xx_hal_adc.o
                0x08004e5c                HAL_ADC_ConvHalfCpltCallback
 .text.HAL_ADC_ErrorCallback
                0x08004e70       0x14 ./Drivers/STM32F4xx_HAL_Driver/Src/stm32f4xx_hal_adc.o
                0x08004e70                HAL_ADC_ErrorCallback
 .text.HAL_ADC_ConfigChannel
                0x08004e84      0x244 ./Drivers/STM32F4xx_HAL_Driver/Src/stm32f4xx_hal_adc.o
                0x08004e84                HAL_ADC_ConfigChannel
 .text.ADC_Init
                0x080050c8      0x1f8 ./Drivers/STM32F4xx_HAL_Driver/Src/stm32f4xx_hal_adc.o
 .text.ADC_DMAConvCplt
                0x080052c0       0xba ./Drivers/STM32F4xx_HAL_Driver/Src/stm32f4xx_hal_adc.o
 .text.ADC_DMAHalfConvCplt
                0x0800537a       0x1c ./Drivers/STM32F4xx_HAL_Driver/Src/stm32f4xx_hal_adc.o
 .text.ADC_DMAError
                0x08005396       0x2e ./Drivers/STM32F4xx_HAL_Driver/Src/stm32f4xx_hal_adc.o
 .text.__NVIC_SetPriorityGrouping
                0x080053c4       0x48 ./Drivers/STM32F4xx_HAL_Driver/Src/stm32f4xx_hal_cortex.o
 .text.__NVIC_GetPriorityGrouping
                0x0800540c       0x1c ./Drivers/STM32F4xx_HAL_Driver/Src/stm32f4xx_hal_cortex.o
 .text.__NVIC_EnableIRQ
                0x08005428       0x3c ./Drivers/STM32F4xx_HAL_Driver/Src/stm32f4xx_hal_cortex.o
 .text.__NVIC_SetPriority
                0x08005464       0x54 ./Drivers/STM32F4xx_HAL_Driver/Src/stm32f4xx_hal_cortex.o
 .text.NVIC_EncodePriority
                0x080054b8       0x66 ./Drivers/STM32F4xx_HAL_Driver/Src/stm32f4xx_hal_cortex.o
 *fill*         0x0800551e        0x2 
 .text.SysTick_Config
                0x08005520       0x44 ./Drivers/STM32F4xx_HAL_Driver/Src/stm32f4xx_hal_cortex.o
 .text.HAL_NVIC_SetPriorityGrouping
                0x08005564       0x16 ./Drivers/STM32F4xx_HAL_Driver/Src/stm32f4xx_hal_cortex.o
                0x08005564                HAL_NVIC_SetPriorityGrouping
 .text.HAL_NVIC_SetPriority
                0x0800557a       0x38 ./Drivers/STM32F4xx_HAL_Driver/Src/stm32f4xx_hal_cortex.o
                0x0800557a                HAL_NVIC_SetPriority
 .text.HAL_NVIC_EnableIRQ
                0x080055b2       0x1c ./Drivers/STM32F4xx_HAL_Driver/Src/stm32f4xx_hal_cortex.o
                0x080055b2                HAL_NVIC_EnableIRQ
 .text.HAL_SYSTICK_Config
                0x080055ce       0x18 ./Drivers/STM32F4xx_HAL_Driver/Src/stm32f4xx_hal_cortex.o
                0x080055ce                HAL_SYSTICK_Config
 *fill*         0x080055e6        0x2 
 .text.HAL_DMA_Init
                0x080055e8      0x15c ./Drivers/STM32F4xx_HAL_Driver/Src/stm32f4xx_hal_dma.o
                0x080055e8                HAL_DMA_Init
 .text.HAL_DMA_Start_IT
                0x08005744       0xb0 ./Drivers/STM32F4xx_HAL_Driver/Src/stm32f4xx_hal_dma.o
                0x08005744                HAL_DMA_Start_IT
 .text.HAL_DMA_IRQHandler
                0x080057f4      0x314 ./Drivers/STM32F4xx_HAL_Driver/Src/stm32f4xx_hal_dma.o
                0x080057f4                HAL_DMA_IRQHandler
 .text.DMA_SetConfig
                0x08005b08       0x5c ./Drivers/STM32F4xx_HAL_Driver/Src/stm32f4xx_hal_dma.o
 .text.DMA_CalcBaseAndBitshift
                0x08005b64       0x6c ./Drivers/STM32F4xx_HAL_Driver/Src/stm32f4xx_hal_dma.o
 .text.DMA_CheckFifoParam
                0x08005bd0       0xf8 ./Drivers/STM32F4xx_HAL_Driver/Src/stm32f4xx_hal_dma.o
 .text.HAL_FLASH_Program
                0x08005cc8       0xa4 ./Drivers/STM32F4xx_HAL_Driver/Src/stm32f4xx_hal_flash.o
                0x08005cc8                HAL_FLASH_Program
 .text.HAL_FLASH_Unlock
                0x08005d6c       0x44 ./Drivers/STM32F4xx_HAL_Driver/Src/stm32f4xx_hal_flash.o
                0x08005d6c                HAL_FLASH_Unlock
 .text.HAL_FLASH_Lock
                0x08005db0       0x20 ./Drivers/STM32F4xx_HAL_Driver/Src/stm32f4xx_hal_flash.o
                0x08005db0                HAL_FLASH_Lock
 .text.FLASH_WaitForLastOperation
                0x08005dd0       0x80 ./Drivers/STM32F4xx_HAL_Driver/Src/stm32f4xx_hal_flash.o
                0x08005dd0                FLASH_WaitForLastOperation
 .text.FLASH_Program_DoubleWord
                0x08005e50       0x64 ./Drivers/STM32F4xx_HAL_Driver/Src/stm32f4xx_hal_flash.o
 .text.FLASH_Program_Word
                0x08005eb4       0x44 ./Drivers/STM32F4xx_HAL_Driver/Src/stm32f4xx_hal_flash.o
 .text.FLASH_Program_HalfWord
                0x08005ef8       0x48 ./Drivers/STM32F4xx_HAL_Driver/Src/stm32f4xx_hal_flash.o
 .text.FLASH_Program_Byte
                0x08005f40       0x44 ./Drivers/STM32F4xx_HAL_Driver/Src/stm32f4xx_hal_flash.o
 .text.FLASH_SetErrorCode
                0x08005f84       0xcc ./Drivers/STM32F4xx_HAL_Driver/Src/stm32f4xx_hal_flash.o
 .text.HAL_FLASHEx_Erase
                0x08006050       0xdc ./Drivers/STM32F4xx_HAL_Driver/Src/stm32f4xx_hal_flash_ex.o
                0x08006050                HAL_FLASHEx_Erase
 .text.FLASH_MassErase
                0x0800612c       0x48 ./Drivers/STM32F4xx_HAL_Driver/Src/stm32f4xx_hal_flash_ex.o
 .text.FLASH_Erase_Sector
                0x08006174       0x90 ./Drivers/STM32F4xx_HAL_Driver/Src/stm32f4xx_hal_flash_ex.o
                0x08006174                FLASH_Erase_Sector
 .text.FLASH_FlushCaches
                0x08006204       0x8c ./Drivers/STM32F4xx_HAL_Driver/Src/stm32f4xx_hal_flash_ex.o
                0x08006204                FLASH_FlushCaches
 .text.HAL_GPIO_Init
                0x08006290      0x308 ./Drivers/STM32F4xx_HAL_Driver/Src/stm32f4xx_hal_gpio.o
                0x08006290                HAL_GPIO_Init
 .text.HAL_GPIO_ReadPin
                0x08006598       0x30 ./Drivers/STM32F4xx_HAL_Driver/Src/stm32f4xx_hal_gpio.o
                0x08006598                HAL_GPIO_ReadPin
 .text.HAL_GPIO_WritePin
                0x080065c8       0x32 ./Drivers/STM32F4xx_HAL_Driver/Src/stm32f4xx_hal_gpio.o
                0x080065c8                HAL_GPIO_WritePin
 *fill*         0x080065fa        0x2 
 .text.HAL_GPIO_EXTI_IRQHandler
                0x080065fc       0x30 ./Drivers/STM32F4xx_HAL_Driver/Src/stm32f4xx_hal_gpio.o
                0x080065fc                HAL_GPIO_EXTI_IRQHandler
 .text.HAL_PCD_Init
                0x0800662c      0x21e ./Drivers/STM32F4xx_HAL_Driver/Src/stm32f4xx_hal_pcd.o
                0x0800662c                HAL_PCD_Init
 .text.HAL_PCD_Start
                0x0800684a       0x6a ./Drivers/STM32F4xx_HAL_Driver/Src/stm32f4xx_hal_pcd.o
                0x0800684a                HAL_PCD_Start
 .text.HAL_PCD_IRQHandler
                0x080068b4      0x942 ./Drivers/STM32F4xx_HAL_Driver/Src/stm32f4xx_hal_pcd.o
                0x080068b4                HAL_PCD_IRQHandler
 .text.HAL_PCD_SetAddress
                0x080071f6       0x48 ./Drivers/STM32F4xx_HAL_Driver/Src/stm32f4xx_hal_pcd.o
                0x080071f6                HAL_PCD_SetAddress
 .text.HAL_PCD_EP_Open
                0x0800723e       0xd4 ./Drivers/STM32F4xx_HAL_Driver/Src/stm32f4xx_hal_pcd.o
                0x0800723e                HAL_PCD_EP_Open
 .text.HAL_PCD_EP_Close
                0x08007312       0x94 ./Drivers/STM32F4xx_HAL_Driver/Src/stm32f4xx_hal_pcd.o
                0x08007312                HAL_PCD_EP_Close
 .text.HAL_PCD_EP_Receive
                0x080073a6       0x76 ./Drivers/STM32F4xx_HAL_Driver/Src/stm32f4xx_hal_pcd.o
                0x080073a6                HAL_PCD_EP_Receive
 .text.HAL_PCD_EP_GetRxCount
                0x0800741c       0x30 ./Drivers/STM32F4xx_HAL_Driver/Src/stm32f4xx_hal_pcd.o
                0x0800741c                HAL_PCD_EP_GetRxCount
 .text.HAL_PCD_EP_Transmit
                0x0800744c       0x74 ./Drivers/STM32F4xx_HAL_Driver/Src/stm32f4xx_hal_pcd.o
                0x0800744c                HAL_PCD_EP_Transmit
 .text.HAL_PCD_EP_SetStall
                0x080074c0       0xc6 ./Drivers/STM32F4xx_HAL_Driver/Src/stm32f4xx_hal_pcd.o
                0x080074c0                HAL_PCD_EP_SetStall
 .text.HAL_PCD_EP_ClrStall
                0x08007586       0xac ./Drivers/STM32F4xx_HAL_Driver/Src/stm32f4xx_hal_pcd.o
                0x08007586                HAL_PCD_EP_ClrStall
 .text.HAL_PCD_EP_Abort
                0x08007632       0x62 ./Drivers/STM32F4xx_HAL_Driver/Src/stm32f4xx_hal_pcd.o
                0x08007632                HAL_PCD_EP_Abort
 .text.PCD_WriteEmptyTxFifo
                0x08007694      0x118 ./Drivers/STM32F4xx_HAL_Driver/Src/stm32f4xx_hal_pcd.o
 .text.PCD_EP_OutXfrComplete_int
                0x080077ac      0x1d0 ./Drivers/STM32F4xx_HAL_Driver/Src/stm32f4xx_hal_pcd.o
 .text.PCD_EP_OutSetupPacket_int
                0x0800797c       0x8c ./Drivers/STM32F4xx_HAL_Driver/Src/stm32f4xx_hal_pcd.o
 .text.HAL_PCDEx_SetTxFiFo
                0x08007a08       0x8e ./Drivers/STM32F4xx_HAL_Driver/Src/stm32f4xx_hal_pcd_ex.o
                0x08007a08                HAL_PCDEx_SetTxFiFo
 .text.HAL_PCDEx_SetRxFiFo
                0x08007a96       0x22 ./Drivers/STM32F4xx_HAL_Driver/Src/stm32f4xx_hal_pcd_ex.o
                0x08007a96                HAL_PCDEx_SetRxFiFo
 .text.HAL_PCDEx_LPM_Callback
                0x08007ab8       0x18 ./Drivers/STM32F4xx_HAL_Driver/Src/stm32f4xx_hal_pcd_ex.o
                0x08007ab8                HAL_PCDEx_LPM_Callback
 .text.HAL_RCC_OscConfig
                0x08007ad0      0x4f0 ./Drivers/STM32F4xx_HAL_Driver/Src/stm32f4xx_hal_rcc.o
                0x08007ad0                HAL_RCC_OscConfig
 .text.HAL_RCC_ClockConfig
                0x08007fc0      0x1cc ./Drivers/STM32F4xx_HAL_Driver/Src/stm32f4xx_hal_rcc.o
                0x08007fc0                HAL_RCC_ClockConfig
 .text.HAL_RCC_GetSysClockFreq
                0x0800818c      0x18c ./Drivers/STM32F4xx_HAL_Driver/Src/stm32f4xx_hal_rcc.o
                0x0800818c                HAL_RCC_GetSysClockFreq
 .text.HAL_RCC_GetHCLKFreq
                0x08008318       0x18 ./Drivers/STM32F4xx_HAL_Driver/Src/stm32f4xx_hal_rcc.o
                0x08008318                HAL_RCC_GetHCLKFreq
 .text.HAL_TIM_Base_Init
                0x08008330       0x9e ./Drivers/STM32F4xx_HAL_Driver/Src/stm32f4xx_hal_tim.o
                0x08008330                HAL_TIM_Base_Init
 *fill*         0x080083ce        0x2 
 .text.HAL_TIM_Base_Start
                0x080083d0       0xb4 ./Drivers/STM32F4xx_HAL_Driver/Src/stm32f4xx_hal_tim.o
                0x080083d0                HAL_TIM_Base_Start
 .text.HAL_TIM_PWM_Init
                0x08008484       0x9e ./Drivers/STM32F4xx_HAL_Driver/Src/stm32f4xx_hal_tim.o
                0x08008484                HAL_TIM_PWM_Init
 *fill*         0x08008522        0x2 
 .text.HAL_TIM_PWM_Start
                0x08008524      0x160 ./Drivers/STM32F4xx_HAL_Driver/Src/stm32f4xx_hal_tim.o
                0x08008524                HAL_TIM_PWM_Start
 .text.HAL_TIM_IC_Init
                0x08008684       0x9e ./Drivers/STM32F4xx_HAL_Driver/Src/stm32f4xx_hal_tim.o
                0x08008684                HAL_TIM_IC_Init
 *fill*         0x08008722        0x2 
 .text.HAL_TIM_IC_Start
                0x08008724      0x19c ./Drivers/STM32F4xx_HAL_Driver/Src/stm32f4xx_hal_tim.o
                0x08008724                HAL_TIM_IC_Start
 .text.HAL_TIM_IRQHandler
                0x080088c0      0x1e0 ./Drivers/STM32F4xx_HAL_Driver/Src/stm32f4xx_hal_tim.o
                0x080088c0                HAL_TIM_IRQHandler
 .text.HAL_TIM_IC_ConfigChannel
                0x08008aa0      0x138 ./Drivers/STM32F4xx_HAL_Driver/Src/stm32f4xx_hal_tim.o
                0x08008aa0                HAL_TIM_IC_ConfigChannel
 .text.HAL_TIM_PWM_ConfigChannel
                0x08008bd8      0x184 ./Drivers/STM32F4xx_HAL_Driver/Src/stm32f4xx_hal_tim.o
                0x08008bd8                HAL_TIM_PWM_ConfigChannel
 .text.HAL_TIM_ConfigClockSource
                0x08008d5c      0x18e ./Drivers/STM32F4xx_HAL_Driver/Src/stm32f4xx_hal_tim.o
                0x08008d5c                HAL_TIM_ConfigClockSource
 *fill*         0x08008eea        0x2 
 .text.HAL_TIM_ReadCapturedValue
                0x08008eec       0x88 ./Drivers/STM32F4xx_HAL_Driver/Src/stm32f4xx_hal_tim.o
                0x08008eec                HAL_TIM_ReadCapturedValue
 .text.HAL_TIM_PeriodElapsedCallback
                0x08008f74       0x14 ./Drivers/STM32F4xx_HAL_Driver/Src/stm32f4xx_hal_tim.o
                0x08008f74                HAL_TIM_PeriodElapsedCallback
 .text.HAL_TIM_OC_DelayElapsedCallback
                0x08008f88       0x14 ./Drivers/STM32F4xx_HAL_Driver/Src/stm32f4xx_hal_tim.o
                0x08008f88                HAL_TIM_OC_DelayElapsedCallback
 .text.HAL_TIM_IC_CaptureCallback
                0x08008f9c       0x14 ./Drivers/STM32F4xx_HAL_Driver/Src/stm32f4xx_hal_tim.o
                0x08008f9c                HAL_TIM_IC_CaptureCallback
 .text.HAL_TIM_PWM_PulseFinishedCallback
                0x08008fb0       0x14 ./Drivers/STM32F4xx_HAL_Driver/Src/stm32f4xx_hal_tim.o
                0x08008fb0                HAL_TIM_PWM_PulseFinishedCallback
 .text.HAL_TIM_TriggerCallback
                0x08008fc4       0x14 ./Drivers/STM32F4xx_HAL_Driver/Src/stm32f4xx_hal_tim.o
                0x08008fc4                HAL_TIM_TriggerCallback
 .text.TIM_Base_SetConfig
                0x08008fd8      0x10c ./Drivers/STM32F4xx_HAL_Driver/Src/stm32f4xx_hal_tim.o
                0x08008fd8                TIM_Base_SetConfig
 .text.TIM_OC1_SetConfig
                0x080090e4       0xcc ./Drivers/STM32F4xx_HAL_Driver/Src/stm32f4xx_hal_tim.o
 .text.TIM_OC2_SetConfig
                0x080091b0       0xd8 ./Drivers/STM32F4xx_HAL_Driver/Src/stm32f4xx_hal_tim.o
                0x080091b0                TIM_OC2_SetConfig
 .text.TIM_OC3_SetConfig
                0x08009288       0xd4 ./Drivers/STM32F4xx_HAL_Driver/Src/stm32f4xx_hal_tim.o
 .text.TIM_OC4_SetConfig
                0x0800935c       0xa0 ./Drivers/STM32F4xx_HAL_Driver/Src/stm32f4xx_hal_tim.o
 .text.TIM_TI1_SetConfig
                0x080093fc       0xd0 ./Drivers/STM32F4xx_HAL_Driver/Src/stm32f4xx_hal_tim.o
                0x080093fc                TIM_TI1_SetConfig
 .text.TIM_TI1_ConfigInputStage
                0x080094cc       0x5e ./Drivers/STM32F4xx_HAL_Driver/Src/stm32f4xx_hal_tim.o
 .text.TIM_TI2_SetConfig
                0x0800952a       0x7a ./Drivers/STM32F4xx_HAL_Driver/Src/stm32f4xx_hal_tim.o
 .text.TIM_TI2_ConfigInputStage
                0x080095a4       0x60 ./Drivers/STM32F4xx_HAL_Driver/Src/stm32f4xx_hal_tim.o
 .text.TIM_TI3_SetConfig
                0x08009604       0x78 ./Drivers/STM32F4xx_HAL_Driver/Src/stm32f4xx_hal_tim.o
 .text.TIM_TI4_SetConfig
                0x0800967c       0x7a ./Drivers/STM32F4xx_HAL_Driver/Src/stm32f4xx_hal_tim.o
 .text.TIM_ITRx_SetConfig
                0x080096f6       0x36 ./Drivers/STM32F4xx_HAL_Driver/Src/stm32f4xx_hal_tim.o
 .text.TIM_ETR_SetConfig
                0x0800972c       0x40 ./Drivers/STM32F4xx_HAL_Driver/Src/stm32f4xx_hal_tim.o
                0x0800972c                TIM_ETR_SetConfig
 .text.TIM_CCxChannelCmd
                0x0800976c       0x4a ./Drivers/STM32F4xx_HAL_Driver/Src/stm32f4xx_hal_tim.o
                0x0800976c                TIM_CCxChannelCmd
 *fill*         0x080097b6        0x2 
 .text.HAL_TIMEx_MasterConfigSynchronization
                0x080097b8       0xdc ./Drivers/STM32F4xx_HAL_Driver/Src/stm32f4xx_hal_tim_ex.o
                0x080097b8                HAL_TIMEx_MasterConfigSynchronization
 .text.HAL_TIMEx_CommutCallback
                0x08009894       0x14 ./Drivers/STM32F4xx_HAL_Driver/Src/stm32f4xx_hal_tim_ex.o
                0x08009894                HAL_TIMEx_CommutCallback
 .text.HAL_TIMEx_BreakCallback
                0x080098a8       0x14 ./Drivers/STM32F4xx_HAL_Driver/Src/stm32f4xx_hal_tim_ex.o
                0x080098a8                HAL_TIMEx_BreakCallback
 .text.USB_CoreInit
                0x080098bc       0xc8 ./Drivers/STM32F4xx_HAL_Driver/Src/stm32f4xx_ll_usb.o
                0x080098bc                USB_CoreInit
 .text.USB_SetTurnaroundTime
                0x08009984      0x144 ./Drivers/STM32F4xx_HAL_Driver/Src/stm32f4xx_ll_usb.o
                0x08009984                USB_SetTurnaroundTime
 .text.USB_EnableGlobalInt
                0x08009ac8       0x22 ./Drivers/STM32F4xx_HAL_Driver/Src/stm32f4xx_ll_usb.o
                0x08009ac8                USB_EnableGlobalInt
 .text.USB_DisableGlobalInt
                0x08009aea       0x22 ./Drivers/STM32F4xx_HAL_Driver/Src/stm32f4xx_ll_usb.o
                0x08009aea                USB_DisableGlobalInt
 .text.USB_SetCurrentMode
                0x08009b0c       0x98 ./Drivers/STM32F4xx_HAL_Driver/Src/stm32f4xx_ll_usb.o
                0x08009b0c                USB_SetCurrentMode
 .text.USB_DevInit
                0x08009ba4      0x2c8 ./Drivers/STM32F4xx_HAL_Driver/Src/stm32f4xx_ll_usb.o
                0x08009ba4                USB_DevInit
 .text.USB_FlushTxFifo
                0x08009e6c       0x64 ./Drivers/STM32F4xx_HAL_Driver/Src/stm32f4xx_ll_usb.o
                0x08009e6c                USB_FlushTxFifo
 .text.USB_FlushRxFifo
                0x08009ed0       0x5c ./Drivers/STM32F4xx_HAL_Driver/Src/stm32f4xx_ll_usb.o
                0x08009ed0                USB_FlushRxFifo
 .text.USB_SetDevSpeed
                0x08009f2c       0x32 ./Drivers/STM32F4xx_HAL_Driver/Src/stm32f4xx_ll_usb.o
                0x08009f2c                USB_SetDevSpeed
 .text.USB_GetDevSpeed
                0x08009f5e       0x4a ./Drivers/STM32F4xx_HAL_Driver/Src/stm32f4xx_ll_usb.o
                0x08009f5e                USB_GetDevSpeed
 .text.USB_ActivateEndpoint
                0x08009fa8      0x10e ./Drivers/STM32F4xx_HAL_Driver/Src/stm32f4xx_ll_usb.o
                0x08009fa8                USB_ActivateEndpoint
 *fill*         0x0800a0b6        0x2 
 .text.USB_DeactivateEndpoint
                0x0800a0b8      0x1b8 ./Drivers/STM32F4xx_HAL_Driver/Src/stm32f4xx_ll_usb.o
                0x0800a0b8                USB_DeactivateEndpoint
 .text.USB_EPStartXfer
                0x0800a270      0x53c ./Drivers/STM32F4xx_HAL_Driver/Src/stm32f4xx_ll_usb.o
                0x0800a270                USB_EPStartXfer
 .text.USB_EPStopXfer
                0x0800a7ac      0x154 ./Drivers/STM32F4xx_HAL_Driver/Src/stm32f4xx_ll_usb.o
                0x0800a7ac                USB_EPStopXfer
 .text.USB_WritePacket
                0x0800a900       0x7c ./Drivers/STM32F4xx_HAL_Driver/Src/stm32f4xx_ll_usb.o
                0x0800a900                USB_WritePacket
 .text.USB_ReadPacket
                0x0800a97c       0xb0 ./Drivers/STM32F4xx_HAL_Driver/Src/stm32f4xx_ll_usb.o
                0x0800a97c                USB_ReadPacket
 .text.USB_EPSetStall
                0x0800aa2c       0xdc ./Drivers/STM32F4xx_HAL_Driver/Src/stm32f4xx_ll_usb.o
                0x0800aa2c                USB_EPSetStall
 .text.USB_EPClearStall
                0x0800ab08       0xcc ./Drivers/STM32F4xx_HAL_Driver/Src/stm32f4xx_ll_usb.o
                0x0800ab08                USB_EPClearStall
 .text.USB_SetDevAddress
                0x0800abd4       0x4c ./Drivers/STM32F4xx_HAL_Driver/Src/stm32f4xx_ll_usb.o
                0x0800abd4                USB_SetDevAddress
 .text.USB_DevConnect
                0x0800ac20       0x42 ./Drivers/STM32F4xx_HAL_Driver/Src/stm32f4xx_ll_usb.o
                0x0800ac20                USB_DevConnect
 .text.USB_DevDisconnect
                0x0800ac62       0x42 ./Drivers/STM32F4xx_HAL_Driver/Src/stm32f4xx_ll_usb.o
                0x0800ac62                USB_DevDisconnect
 .text.USB_ReadInterrupts
                0x0800aca4       0x26 ./Drivers/STM32F4xx_HAL_Driver/Src/stm32f4xx_ll_usb.o
                0x0800aca4                USB_ReadInterrupts
 .text.USB_ReadDevAllOutEpInterrupt
                0x0800acca       0x34 ./Drivers/STM32F4xx_HAL_Driver/Src/stm32f4xx_ll_usb.o
                0x0800acca                USB_ReadDevAllOutEpInterrupt
 .text.USB_ReadDevAllInEpInterrupt
                0x0800acfe       0x34 ./Drivers/STM32F4xx_HAL_Driver/Src/stm32f4xx_ll_usb.o
                0x0800acfe                USB_ReadDevAllInEpInterrupt
 .text.USB_ReadDevOutEPInterrupt
                0x0800ad32       0x3c ./Drivers/STM32F4xx_HAL_Driver/Src/stm32f4xx_ll_usb.o
                0x0800ad32                USB_ReadDevOutEPInterrupt
 .text.USB_ReadDevInEPInterrupt
                0x0800ad6e       0x5c ./Drivers/STM32F4xx_HAL_Driver/Src/stm32f4xx_ll_usb.o
                0x0800ad6e                USB_ReadDevInEPInterrupt
 .text.USB_GetMode
                0x0800adca       0x1c ./Drivers/STM32F4xx_HAL_Driver/Src/stm32f4xx_ll_usb.o
                0x0800adca                USB_GetMode
 .text.USB_ActivateSetup
                0x0800ade6       0x46 ./Drivers/STM32F4xx_HAL_Driver/Src/stm32f4xx_ll_usb.o
                0x0800ade6                USB_ActivateSetup
 .text.USB_EP0_OutStart
                0x0800ae2c       0xbc ./Drivers/STM32F4xx_HAL_Driver/Src/stm32f4xx_ll_usb.o
                0x0800ae2c                USB_EP0_OutStart
 .text.USB_CoreReset
                0x0800aee8       0x70 ./Drivers/STM32F4xx_HAL_Driver/Src/stm32f4xx_ll_usb.o
 .text.USBD_CDC_Init
                0x0800af58      0x1f0 ./Middlewares/ST/STM32_USB_Device_Library/Class/CDC/Src/usbd_cdc.o
 .text.USBD_CDC_DeInit
                0x0800b148      0x104 ./Middlewares/ST/STM32_USB_Device_Library/Class/CDC/Src/usbd_cdc.o
 .text.USBD_CDC_Setup
                0x0800b24c      0x1b8 ./Middlewares/ST/STM32_USB_Device_Library/Class/CDC/Src/usbd_cdc.o
 .text.USBD_CDC_DataIn
                0x0800b404       0xfe ./Middlewares/ST/STM32_USB_Device_Library/Class/CDC/Src/usbd_cdc.o
 .text.USBD_CDC_DataOut
                0x0800b502       0x70 ./Middlewares/ST/STM32_USB_Device_Library/Class/CDC/Src/usbd_cdc.o
 .text.USBD_CDC_EP0_RxReady
                0x0800b572       0x74 ./Middlewares/ST/STM32_USB_Device_Library/Class/CDC/Src/usbd_cdc.o
 *fill*         0x0800b5e6        0x2 
 .text.USBD_CDC_GetFSCfgDesc
                0x0800b5e8       0x70 ./Middlewares/ST/STM32_USB_Device_Library/Class/CDC/Src/usbd_cdc.o
 .text.USBD_CDC_GetHSCfgDesc
                0x0800b658       0x70 ./Middlewares/ST/STM32_USB_Device_Library/Class/CDC/Src/usbd_cdc.o
 .text.USBD_CDC_GetOtherSpeedCfgDesc
                0x0800b6c8       0x70 ./Middlewares/ST/STM32_USB_Device_Library/Class/CDC/Src/usbd_cdc.o
 .text.USBD_CDC_GetDeviceQualifierDescriptor
                0x0800b738       0x20 ./Middlewares/ST/STM32_USB_Device_Library/Class/CDC/Src/usbd_cdc.o
                0x0800b738                USBD_CDC_GetDeviceQualifierDescriptor
 .text.USBD_CDC_RegisterInterface
                0x0800b758       0x34 ./Middlewares/ST/STM32_USB_Device_Library/Class/CDC/Src/usbd_cdc.o
                0x0800b758                USBD_CDC_RegisterInterface
 .text.USBD_CDC_SetTxBuffer
                0x0800b78c       0x44 ./Middlewares/ST/STM32_USB_Device_Library/Class/CDC/Src/usbd_cdc.o
                0x0800b78c                USBD_CDC_SetTxBuffer
 .text.USBD_CDC_SetRxBuffer
                0x0800b7d0       0x3a ./Middlewares/ST/STM32_USB_Device_Library/Class/CDC/Src/usbd_cdc.o
                0x0800b7d0                USBD_CDC_SetRxBuffer
 *fill*         0x0800b80a        0x2 
 .text.USBD_CDC_TransmitPacket
                0x0800b80c       0x80 ./Middlewares/ST/STM32_USB_Device_Library/Class/CDC/Src/usbd_cdc.o
                0x0800b80c                USBD_CDC_TransmitPacket
 .text.USBD_CDC_ReceivePacket
                0x0800b88c       0x6c ./Middlewares/ST/STM32_USB_Device_Library/Class/CDC/Src/usbd_cdc.o
                0x0800b88c                USBD_CDC_ReceivePacket
 .text.USBD_Init
                0x0800b8f8       0x60 ./Middlewares/ST/STM32_USB_Device_Library/Core/Src/usbd_core.o
                0x0800b8f8                USBD_Init
 .text.USBD_RegisterClass
                0x0800b958       0x6c ./Middlewares/ST/STM32_USB_Device_Library/Core/Src/usbd_core.o
                0x0800b958                USBD_RegisterClass
 .text.USBD_Start
                0x0800b9c4       0x18 ./Middlewares/ST/STM32_USB_Device_Library/Core/Src/usbd_core.o
                0x0800b9c4                USBD_Start
 .text.USBD_RunTestMode
                0x0800b9dc       0x16 ./Middlewares/ST/STM32_USB_Device_Library/Core/Src/usbd_core.o
                0x0800b9dc                USBD_RunTestMode
 .text.USBD_SetClassConfig
                0x0800b9f2       0x38 ./Middlewares/ST/STM32_USB_Device_Library/Core/Src/usbd_core.o
                0x0800b9f2                USBD_SetClassConfig
 .text.USBD_ClrClassConfig
                0x0800ba2a       0x34 ./Middlewares/ST/STM32_USB_Device_Library/Core/Src/usbd_core.o
                0x0800ba2a                USBD_ClrClassConfig
 .text.USBD_LL_SetupStage
                0x0800ba5e       0xaa ./Middlewares/ST/STM32_USB_Device_Library/Core/Src/usbd_core.o
                0x0800ba5e                USBD_LL_SetupStage
 .text.USBD_LL_DataOutStage
                0x0800bb08      0x178 ./Middlewares/ST/STM32_USB_Device_Library/Core/Src/usbd_core.o
                0x0800bb08                USBD_LL_DataOutStage
 .text.USBD_LL_DataInStage
                0x0800bc80      0x176 ./Middlewares/ST/STM32_USB_Device_Library/Core/Src/usbd_core.o
                0x0800bc80                USBD_LL_DataInStage
 .text.USBD_LL_Reset
                0x0800bdf6       0xa6 ./Middlewares/ST/STM32_USB_Device_Library/Core/Src/usbd_core.o
                0x0800bdf6                USBD_LL_Reset
 .text.USBD_LL_SetSpeed
                0x0800be9c       0x20 ./Middlewares/ST/STM32_USB_Device_Library/Core/Src/usbd_core.o
                0x0800be9c                USBD_LL_SetSpeed
 .text.USBD_LL_Suspend
                0x0800bebc       0x38 ./Middlewares/ST/STM32_USB_Device_Library/Core/Src/usbd_core.o
                0x0800bebc                USBD_LL_Suspend
 .text.USBD_LL_Resume
                0x0800bef4       0x30 ./Middlewares/ST/STM32_USB_Device_Library/Core/Src/usbd_core.o
                0x0800bef4                USBD_LL_Resume
 .text.USBD_LL_SOF
                0x0800bf24       0x40 ./Middlewares/ST/STM32_USB_Device_Library/Core/Src/usbd_core.o
                0x0800bf24                USBD_LL_SOF
 .text.USBD_LL_IsoINIncomplete
                0x0800bf64       0x64 ./Middlewares/ST/STM32_USB_Device_Library/Core/Src/usbd_core.o
                0x0800bf64                USBD_LL_IsoINIncomplete
 .text.USBD_LL_IsoOUTIncomplete
                0x0800bfc8       0x64 ./Middlewares/ST/STM32_USB_Device_Library/Core/Src/usbd_core.o
                0x0800bfc8                USBD_LL_IsoOUTIncomplete
 .text.USBD_LL_DevConnected
                0x0800c02c       0x16 ./Middlewares/ST/STM32_USB_Device_Library/Core/Src/usbd_core.o
                0x0800c02c                USBD_LL_DevConnected
 .text.USBD_LL_DevDisconnected
                0x0800c042       0x46 ./Middlewares/ST/STM32_USB_Device_Library/Core/Src/usbd_core.o
                0x0800c042                USBD_LL_DevDisconnected
 .text.USBD_CoreFindIF
                0x0800c088       0x1a ./Middlewares/ST/STM32_USB_Device_Library/Core/Src/usbd_core.o
                0x0800c088                USBD_CoreFindIF
 .text.USBD_CoreFindEP
                0x0800c0a2       0x1a ./Middlewares/ST/STM32_USB_Device_Library/Core/Src/usbd_core.o
                0x0800c0a2                USBD_CoreFindEP
 .text.USBD_GetEpDesc
                0x0800c0bc       0x70 ./Middlewares/ST/STM32_USB_Device_Library/Core/Src/usbd_core.o
                0x0800c0bc                USBD_GetEpDesc
 .text.USBD_GetNextDesc
                0x0800c12c       0x38 ./Middlewares/ST/STM32_USB_Device_Library/Core/Src/usbd_core.o
                0x0800c12c                USBD_GetNextDesc
 .text.SWAPBYTE
                0x0800c164       0x3e ./Middlewares/ST/STM32_USB_Device_Library/Core/Src/usbd_ctlreq.o
 *fill*         0x0800c1a2        0x2 
 .text.USBD_StdDevReq
                0x0800c1a4       0xe4 ./Middlewares/ST/STM32_USB_Device_Library/Core/Src/usbd_ctlreq.o
                0x0800c1a4                USBD_StdDevReq
 .text.USBD_StdItfReq
                0x0800c288       0xd8 ./Middlewares/ST/STM32_USB_Device_Library/Core/Src/usbd_ctlreq.o
                0x0800c288                USBD_StdItfReq
 .text.USBD_StdEPReq
                0x0800c360      0x33e ./Middlewares/ST/STM32_USB_Device_Library/Core/Src/usbd_ctlreq.o
                0x0800c360                USBD_StdEPReq
 *fill*         0x0800c69e        0x2 
 .text.USBD_GetDescriptor
                0x0800c6a0      0x2d4 ./Middlewares/ST/STM32_USB_Device_Library/Core/Src/usbd_ctlreq.o
 .text.USBD_SetAddress
                0x0800c974       0x88 ./Middlewares/ST/STM32_USB_Device_Library/Core/Src/usbd_ctlreq.o
 .text.USBD_SetConfig
                0x0800c9fc      0x154 ./Middlewares/ST/STM32_USB_Device_Library/Core/Src/usbd_ctlreq.o
 .text.USBD_GetConfig
                0x0800cb50       0x6c ./Middlewares/ST/STM32_USB_Device_Library/Core/Src/usbd_ctlreq.o
 .text.USBD_GetStatus
                0x0800cbbc       0x68 ./Middlewares/ST/STM32_USB_Device_Library/Core/Src/usbd_ctlreq.o
 .text.USBD_SetFeature
                0x0800cc24       0x52 ./Middlewares/ST/STM32_USB_Device_Library/Core/Src/usbd_ctlreq.o
 .text.USBD_ClrFeature
                0x0800cc76       0x44 ./Middlewares/ST/STM32_USB_Device_Library/Core/Src/usbd_ctlreq.o
 .text.USBD_ParseSetupRequest
                0x0800ccba       0x74 ./Middlewares/ST/STM32_USB_Device_Library/Core/Src/usbd_ctlreq.o
                0x0800ccba                USBD_ParseSetupRequest
 .text.USBD_CtlError
                0x0800cd2e       0x22 ./Middlewares/ST/STM32_USB_Device_Library/Core/Src/usbd_ctlreq.o
                0x0800cd2e                USBD_CtlError
 .text.USBD_GetString
                0x0800cd50       0xa4 ./Middlewares/ST/STM32_USB_Device_Library/Core/Src/usbd_ctlreq.o
                0x0800cd50                USBD_GetString
 .text.USBD_GetLen
                0x0800cdf4       0x34 ./Middlewares/ST/STM32_USB_Device_Library/Core/Src/usbd_ctlreq.o
 .text.USBD_CtlSendData
                0x0800ce28       0x3c ./Middlewares/ST/STM32_USB_Device_Library/Core/Src/usbd_ioreq.o
                0x0800ce28                USBD_CtlSendData
 .text.USBD_CtlContinueSendData
                0x0800ce64       0x22 ./Middlewares/ST/STM32_USB_Device_Library/Core/Src/usbd_ioreq.o
                0x0800ce64                USBD_CtlContinueSendData
 .text.USBD_CtlPrepareRx
                0x0800ce86       0x42 ./Middlewares/ST/STM32_USB_Device_Library/Core/Src/usbd_ioreq.o
                0x0800ce86                USBD_CtlPrepareRx
 .text.USBD_CtlContinueRx
                0x0800cec8       0x22 ./Middlewares/ST/STM32_USB_Device_Library/Core/Src/usbd_ioreq.o
                0x0800cec8                USBD_CtlContinueRx
 .text.USBD_CtlSendStatus
                0x0800ceea       0x26 ./Middlewares/ST/STM32_USB_Device_Library/Core/Src/usbd_ioreq.o
                0x0800ceea                USBD_CtlSendStatus
 .text.USBD_CtlReceiveStatus
                0x0800cf10       0x26 ./Middlewares/ST/STM32_USB_Device_Library/Core/Src/usbd_ioreq.o
                0x0800cf10                USBD_CtlReceiveStatus
 *fill*         0x0800cf36        0x2 
 .text.MX_USB_DEVICE_Init
                0x0800cf38       0x60 ./USB_DEVICE/App/usb_device.o
                0x0800cf38                MX_USB_DEVICE_Init
 .text.CDC_Init_FS
                0x0800cf98       0x28 ./USB_DEVICE/App/usbd_cdc_if.o
 .text.CDC_DeInit_FS
                0x0800cfc0       0x10 ./USB_DEVICE/App/usbd_cdc_if.o
 .text.CDC_Control_FS
                0x0800cfd0       0xbc ./USB_DEVICE/App/usbd_cdc_if.o
 .text.CDC_Receive_FS
                0x0800d08c       0x28 ./USB_DEVICE/App/usbd_cdc_if.o
 .text.CDC_Transmit_FS
                0x0800d0b4       0x4c ./USB_DEVICE/App/usbd_cdc_if.o
                0x0800d0b4                CDC_Transmit_FS
 .text.CDC_TransmitCplt_FS
                0x0800d100       0x22 ./USB_DEVICE/App/usbd_cdc_if.o
 *fill*         0x0800d122        0x2 
 .text.USBD_FS_DeviceDescriptor
                0x0800d124       0x24 ./USB_DEVICE/App/usbd_desc.o
                0x0800d124                USBD_FS_DeviceDescriptor
 .text.USBD_FS_LangIDStrDescriptor
                0x0800d148       0x24 ./USB_DEVICE/App/usbd_desc.o
                0x0800d148                USBD_FS_LangIDStrDescriptor
 .text.USBD_FS_ProductStrDescriptor
                0x0800d16c       0x3c ./USB_DEVICE/App/usbd_desc.o
                0x0800d16c                USBD_FS_ProductStrDescriptor
 .text.USBD_FS_ManufacturerStrDescriptor
                0x0800d1a8       0x28 ./USB_DEVICE/App/usbd_desc.o
                0x0800d1a8                USBD_FS_ManufacturerStrDescriptor
 .text.USBD_FS_SerialStrDescriptor
                0x0800d1d0       0x24 ./USB_DEVICE/App/usbd_desc.o
                0x0800d1d0                USBD_FS_SerialStrDescriptor
 .text.USBD_FS_ConfigStrDescriptor
                0x0800d1f4       0x3c ./USB_DEVICE/App/usbd_desc.o
                0x0800d1f4                USBD_FS_ConfigStrDescriptor
 .text.USBD_FS_InterfaceStrDescriptor
                0x0800d230       0x3c ./USB_DEVICE/App/usbd_desc.o
                0x0800d230                USBD_FS_InterfaceStrDescriptor
 .text.Get_SerialNum
                0x0800d26c       0x58 ./USB_DEVICE/App/usbd_desc.o
 .text.IntToUnicode
                0x0800d2c4       0x7e ./USB_DEVICE/App/usbd_desc.o
 *fill*         0x0800d342        0x2 
 .text.HAL_PCD_MspInit
                0x0800d344       0xa8 ./USB_DEVICE/Target/usbd_conf.o
                0x0800d344                HAL_PCD_MspInit
 .text.HAL_PCD_SetupStageCallback
                0x0800d3ec       0x24 ./USB_DEVICE/Target/usbd_conf.o
                0x0800d3ec                HAL_PCD_SetupStageCallback
 .text.HAL_PCD_DataOutStageCallback
                0x0800d410       0x36 ./USB_DEVICE/Target/usbd_conf.o
                0x0800d410                HAL_PCD_DataOutStageCallback
 .text.HAL_PCD_DataInStageCallback
                0x0800d446       0x34 ./USB_DEVICE/Target/usbd_conf.o
                0x0800d446                HAL_PCD_DataInStageCallback
 .text.HAL_PCD_SOFCallback
                0x0800d47a       0x1c ./USB_DEVICE/Target/usbd_conf.o
                0x0800d47a                HAL_PCD_SOFCallback
 .text.HAL_PCD_ResetCallback
                0x0800d496       0x3c ./USB_DEVICE/Target/usbd_conf.o
                0x0800d496                HAL_PCD_ResetCallback
 *fill*         0x0800d4d2        0x2 
 .text.HAL_PCD_SuspendCallback
                0x0800d4d4       0x4c ./USB_DEVICE/Target/usbd_conf.o
                0x0800d4d4                HAL_PCD_SuspendCallback
 .text.HAL_PCD_ResumeCallback
                0x0800d520       0x1c ./USB_DEVICE/Target/usbd_conf.o
                0x0800d520                HAL_PCD_ResumeCallback
 .text.HAL_PCD_ISOOUTIncompleteCallback
                0x0800d53c       0x24 ./USB_DEVICE/Target/usbd_conf.o
                0x0800d53c                HAL_PCD_ISOOUTIncompleteCallback
 .text.HAL_PCD_ISOINIncompleteCallback
                0x0800d560       0x24 ./USB_DEVICE/Target/usbd_conf.o
                0x0800d560                HAL_PCD_ISOINIncompleteCallback
 .text.HAL_PCD_ConnectCallback
                0x0800d584       0x1c ./USB_DEVICE/Target/usbd_conf.o
                0x0800d584                HAL_PCD_ConnectCallback
 .text.HAL_PCD_DisconnectCallback
                0x0800d5a0       0x1c ./USB_DEVICE/Target/usbd_conf.o
                0x0800d5a0                HAL_PCD_DisconnectCallback
 .text.USBD_LL_Init
                0x0800d5bc       0x98 ./USB_DEVICE/Target/usbd_conf.o
                0x0800d5bc                USBD_LL_Init
 .text.USBD_LL_Start
                0x0800d654       0x36 ./USB_DEVICE/Target/usbd_conf.o
                0x0800d654                USBD_LL_Start
 .text.USBD_LL_OpenEP
                0x0800d68a       0x4c ./USB_DEVICE/Target/usbd_conf.o
                0x0800d68a                USBD_LL_OpenEP
 .text.USBD_LL_CloseEP
                0x0800d6d6       0x3e ./USB_DEVICE/Target/usbd_conf.o
                0x0800d6d6                USBD_LL_CloseEP
 .text.USBD_LL_StallEP
                0x0800d714       0x3e ./USB_DEVICE/Target/usbd_conf.o
                0x0800d714                USBD_LL_StallEP
 .text.USBD_LL_ClearStallEP
                0x0800d752       0x3e ./USB_DEVICE/Target/usbd_conf.o
                0x0800d752                USBD_LL_ClearStallEP
 .text.USBD_LL_IsStallEP
                0x0800d790       0x58 ./USB_DEVICE/Target/usbd_conf.o
                0x0800d790                USBD_LL_IsStallEP
 .text.USBD_LL_SetUSBAddress
                0x0800d7e8       0x3e ./USB_DEVICE/Target/usbd_conf.o
                0x0800d7e8                USBD_LL_SetUSBAddress
 .text.USBD_LL_Transmit
                0x0800d826       0x42 ./USB_DEVICE/Target/usbd_conf.o
                0x0800d826                USBD_LL_Transmit
 .text.USBD_LL_PrepareReceive
                0x0800d868       0x42 ./USB_DEVICE/Target/usbd_conf.o
                0x0800d868                USBD_LL_PrepareReceive
 .text.USBD_LL_GetRxDataSize
                0x0800d8aa       0x26 ./USB_DEVICE/Target/usbd_conf.o
                0x0800d8aa                USBD_LL_GetRxDataSize
 .text.USBD_static_malloc
                0x0800d8d0       0x1c ./USB_DEVICE/Target/usbd_conf.o
                0x0800d8d0                USBD_static_malloc
 .text.USBD_static_free
                0x0800d8ec       0x14 ./USB_DEVICE/Target/usbd_conf.o
                0x0800d8ec                USBD_static_free
 .text.USBD_Get_USB_Status
                0x0800d900       0x58 ./USB_DEVICE/Target/usbd_conf.o
                0x0800d900                USBD_Get_USB_Status
 .text.std      0x0800d958       0x6c C:/ST/STM32CubeIDE_1.18.0/STM32CubeIDE/plugins/com.st.stm32cube.ide.mcu.externaltools.gnu-tools-for-stm32.13.3.rel1.win32_1.0.0.202411081344/tools/bin/../lib/gcc/arm-none-eabi/13.3.1/../../../../arm-none-eabi/lib/thumb/v7e-m+fp/hard\libc_nano.a(libc_a-findfp.o)
 .text.stdio_exit_handler
                0x0800d9c4       0x18 C:/ST/STM32CubeIDE_1.18.0/STM32CubeIDE/plugins/com.st.stm32cube.ide.mcu.externaltools.gnu-tools-for-stm32.13.3.rel1.win32_1.0.0.202411081344/tools/bin/../lib/gcc/arm-none-eabi/13.3.1/../../../../arm-none-eabi/lib/thumb/v7e-m+fp/hard\libc_nano.a(libc_a-findfp.o)
 .text.cleanup_stdio
                0x0800d9dc       0x40 C:/ST/STM32CubeIDE_1.18.0/STM32CubeIDE/plugins/com.st.stm32cube.ide.mcu.externaltools.gnu-tools-for-stm32.13.3.rel1.win32_1.0.0.202411081344/tools/bin/../lib/gcc/arm-none-eabi/13.3.1/../../../../arm-none-eabi/lib/thumb/v7e-m+fp/hard\libc_nano.a(libc_a-findfp.o)
 .text.global_stdio_init.part.0
                0x0800da1c       0x3c C:/ST/STM32CubeIDE_1.18.0/STM32CubeIDE/plugins/com.st.stm32cube.ide.mcu.externaltools.gnu-tools-for-stm32.13.3.rel1.win32_1.0.0.202411081344/tools/bin/../lib/gcc/arm-none-eabi/13.3.1/../../../../arm-none-eabi/lib/thumb/v7e-m+fp/hard\libc_nano.a(libc_a-findfp.o)
 .text.__sfp_lock_acquire
                0x0800da58        0xc C:/ST/STM32CubeIDE_1.18.0/STM32CubeIDE/plugins/com.st.stm32cube.ide.mcu.externaltools.gnu-tools-for-stm32.13.3.rel1.win32_1.0.0.202411081344/tools/bin/../lib/gcc/arm-none-eabi/13.3.1/../../../../arm-none-eabi/lib/thumb/v7e-m+fp/hard\libc_nano.a(libc_a-findfp.o)
                0x0800da58                __sfp_lock_acquire
 .text.__sfp_lock_release
                0x0800da64        0xc C:/ST/STM32CubeIDE_1.18.0/STM32CubeIDE/plugins/com.st.stm32cube.ide.mcu.externaltools.gnu-tools-for-stm32.13.3.rel1.win32_1.0.0.202411081344/tools/bin/../lib/gcc/arm-none-eabi/13.3.1/../../../../arm-none-eabi/lib/thumb/v7e-m+fp/hard\libc_nano.a(libc_a-findfp.o)
                0x0800da64                __sfp_lock_release
 .text.__sinit  0x0800da70       0x30 C:/ST/STM32CubeIDE_1.18.0/STM32CubeIDE/plugins/com.st.stm32cube.ide.mcu.externaltools.gnu-tools-for-stm32.13.3.rel1.win32_1.0.0.202411081344/tools/bin/../lib/gcc/arm-none-eabi/13.3.1/../../../../arm-none-eabi/lib/thumb/v7e-m+fp/hard\libc_nano.a(libc_a-findfp.o)
                0x0800da70                __sinit
 .text._fwalk_sglue
                0x0800daa0       0x3c C:/ST/STM32CubeIDE_1.18.0/STM32CubeIDE/plugins/com.st.stm32cube.ide.mcu.externaltools.gnu-tools-for-stm32.13.3.rel1.win32_1.0.0.202411081344/tools/bin/../lib/gcc/arm-none-eabi/13.3.1/../../../../arm-none-eabi/lib/thumb/v7e-m+fp/hard\libc_nano.a(libc_a-fwalk.o)
                0x0800daa0                _fwalk_sglue
 .text.printf   0x0800dadc       0x24 C:/ST/STM32CubeIDE_1.18.0/STM32CubeIDE/plugins/com.st.stm32cube.ide.mcu.externaltools.gnu-tools-for-stm32.13.3.rel1.win32_1.0.0.202411081344/tools/bin/../lib/gcc/arm-none-eabi/13.3.1/../../../../arm-none-eabi/lib/thumb/v7e-m+fp/hard\libc_nano.a(libc_a-printf.o)
                0x0800dadc                iprintf
                0x0800dadc                printf
 .text.snprintf
                0x0800db00       0x6c C:/ST/STM32CubeIDE_1.18.0/STM32CubeIDE/plugins/com.st.stm32cube.ide.mcu.externaltools.gnu-tools-for-stm32.13.3.rel1.win32_1.0.0.202411081344/tools/bin/../lib/gcc/arm-none-eabi/13.3.1/../../../../arm-none-eabi/lib/thumb/v7e-m+fp/hard\libc_nano.a(libc_a-snprintf.o)
                0x0800db00                sniprintf
                0x0800db00                snprintf
 .text.__sread  0x0800db6c       0x22 C:/ST/STM32CubeIDE_1.18.0/STM32CubeIDE/plugins/com.st.stm32cube.ide.mcu.externaltools.gnu-tools-for-stm32.13.3.rel1.win32_1.0.0.202411081344/tools/bin/../lib/gcc/arm-none-eabi/13.3.1/../../../../arm-none-eabi/lib/thumb/v7e-m+fp/hard\libc_nano.a(libc_a-stdio.o)
                0x0800db6c                __sread
 .text.__swrite
                0x0800db8e       0x38 C:/ST/STM32CubeIDE_1.18.0/STM32CubeIDE/plugins/com.st.stm32cube.ide.mcu.externaltools.gnu-tools-for-stm32.13.3.rel1.win32_1.0.0.202411081344/tools/bin/../lib/gcc/arm-none-eabi/13.3.1/../../../../arm-none-eabi/lib/thumb/v7e-m+fp/hard\libc_nano.a(libc_a-stdio.o)
                0x0800db8e                __swrite
 .text.__sseek  0x0800dbc6       0x24 C:/ST/STM32CubeIDE_1.18.0/STM32CubeIDE/plugins/com.st.stm32cube.ide.mcu.externaltools.gnu-tools-for-stm32.13.3.rel1.win32_1.0.0.202411081344/tools/bin/../lib/gcc/arm-none-eabi/13.3.1/../../../../arm-none-eabi/lib/thumb/v7e-m+fp/hard\libc_nano.a(libc_a-stdio.o)
                0x0800dbc6                __sseek
 .text.__sclose
                0x0800dbea        0x8 C:/ST/STM32CubeIDE_1.18.0/STM32CubeIDE/plugins/com.st.stm32cube.ide.mcu.externaltools.gnu-tools-for-stm32.13.3.rel1.win32_1.0.0.202411081344/tools/bin/../lib/gcc/arm-none-eabi/13.3.1/../../../../arm-none-eabi/lib/thumb/v7e-m+fp/hard\libc_nano.a(libc_a-stdio.o)
                0x0800dbea                __sclose
 .text.memset   0x0800dbf2       0x10 C:/ST/STM32CubeIDE_1.18.0/STM32CubeIDE/plugins/com.st.stm32cube.ide.mcu.externaltools.gnu-tools-for-stm32.13.3.rel1.win32_1.0.0.202411081344/tools/bin/../lib/gcc/arm-none-eabi/13.3.1/../../../../arm-none-eabi/lib/thumb/v7e-m+fp/hard\libc_nano.a(libc_a-memset.o)
                0x0800dbf2                memset
 *fill*         0x0800dc02        0x2 
 .text._close_r
                0x0800dc04       0x20 C:/ST/STM32CubeIDE_1.18.0/STM32CubeIDE/plugins/com.st.stm32cube.ide.mcu.externaltools.gnu-tools-for-stm32.13.3.rel1.win32_1.0.0.202411081344/tools/bin/../lib/gcc/arm-none-eabi/13.3.1/../../../../arm-none-eabi/lib/thumb/v7e-m+fp/hard\libc_nano.a(libc_a-closer.o)
                0x0800dc04                _close_r
 .text._lseek_r
                0x0800dc24       0x24 C:/ST/STM32CubeIDE_1.18.0/STM32CubeIDE/plugins/com.st.stm32cube.ide.mcu.externaltools.gnu-tools-for-stm32.13.3.rel1.win32_1.0.0.202411081344/tools/bin/../lib/gcc/arm-none-eabi/13.3.1/../../../../arm-none-eabi/lib/thumb/v7e-m+fp/hard\libc_nano.a(libc_a-lseekr.o)
                0x0800dc24                _lseek_r
 .text._read_r  0x0800dc48       0x24 C:/ST/STM32CubeIDE_1.18.0/STM32CubeIDE/plugins/com.st.stm32cube.ide.mcu.externaltools.gnu-tools-for-stm32.13.3.rel1.win32_1.0.0.202411081344/tools/bin/../lib/gcc/arm-none-eabi/13.3.1/../../../../arm-none-eabi/lib/thumb/v7e-m+fp/hard\libc_nano.a(libc_a-readr.o)
                0x0800dc48                _read_r
 .text._write_r
                0x0800dc6c       0x24 C:/ST/STM32CubeIDE_1.18.0/STM32CubeIDE/plugins/com.st.stm32cube.ide.mcu.externaltools.gnu-tools-for-stm32.13.3.rel1.win32_1.0.0.202411081344/tools/bin/../lib/gcc/arm-none-eabi/13.3.1/../../../../arm-none-eabi/lib/thumb/v7e-m+fp/hard\libc_nano.a(libc_a-writer.o)
                0x0800dc6c                _write_r
 .text.__errno  0x0800dc90        0xc C:/ST/STM32CubeIDE_1.18.0/STM32CubeIDE/plugins/com.st.stm32cube.ide.mcu.externaltools.gnu-tools-for-stm32.13.3.rel1.win32_1.0.0.202411081344/tools/bin/../lib/gcc/arm-none-eabi/13.3.1/../../../../arm-none-eabi/lib/thumb/v7e-m+fp/hard\libc_nano.a(libc_a-errno.o)
                0x0800dc90                __errno
 .text.__libc_init_array
                0x0800dc9c       0x48 C:/ST/STM32CubeIDE_1.18.0/STM32CubeIDE/plugins/com.st.stm32cube.ide.mcu.externaltools.gnu-tools-for-stm32.13.3.rel1.win32_1.0.0.202411081344/tools/bin/../lib/gcc/arm-none-eabi/13.3.1/../../../../arm-none-eabi/lib/thumb/v7e-m+fp/hard\libc_nano.a(libc_a-init.o)
                0x0800dc9c                __libc_init_array
 .text.__retarget_lock_init_recursive
                0x0800dce4        0x2 C:/ST/STM32CubeIDE_1.18.0/STM32CubeIDE/plugins/com.st.stm32cube.ide.mcu.externaltools.gnu-tools-for-stm32.13.3.rel1.win32_1.0.0.202411081344/tools/bin/../lib/gcc/arm-none-eabi/13.3.1/../../../../arm-none-eabi/lib/thumb/v7e-m+fp/hard\libc_nano.a(libc_a-lock.o)
                0x0800dce4                __retarget_lock_init_recursive
 .text.__retarget_lock_acquire_recursive
                0x0800dce6        0x2 C:/ST/STM32CubeIDE_1.18.0/STM32CubeIDE/plugins/com.st.stm32cube.ide.mcu.externaltools.gnu-tools-for-stm32.13.3.rel1.win32_1.0.0.202411081344/tools/bin/../lib/gcc/arm-none-eabi/13.3.1/../../../../arm-none-eabi/lib/thumb/v7e-m+fp/hard\libc_nano.a(libc_a-lock.o)
                0x0800dce6                __retarget_lock_acquire_recursive
 .text.__retarget_lock_release_recursive
                0x0800dce8        0x2 C:/ST/STM32CubeIDE_1.18.0/STM32CubeIDE/plugins/com.st.stm32cube.ide.mcu.externaltools.gnu-tools-for-stm32.13.3.rel1.win32_1.0.0.202411081344/tools/bin/../lib/gcc/arm-none-eabi/13.3.1/../../../../arm-none-eabi/lib/thumb/v7e-m+fp/hard\libc_nano.a(libc_a-lock.o)
                0x0800dce8                __retarget_lock_release_recursive
 *fill*         0x0800dcea        0x2 
 .text._free_r  0x0800dcec       0x94 C:/ST/STM32CubeIDE_1.18.0/STM32CubeIDE/plugins/com.st.stm32cube.ide.mcu.externaltools.gnu-tools-for-stm32.13.3.rel1.win32_1.0.0.202411081344/tools/bin/../lib/gcc/arm-none-eabi/13.3.1/../../../../arm-none-eabi/lib/thumb/v7e-m+fp/hard\libc_nano.a(libc_a-freer.o)
                0x0800dcec                _free_r
 .text.sbrk_aligned
                0x0800dd80       0x44 C:/ST/STM32CubeIDE_1.18.0/STM32CubeIDE/plugins/com.st.stm32cube.ide.mcu.externaltools.gnu-tools-for-stm32.13.3.rel1.win32_1.0.0.202411081344/tools/bin/../lib/gcc/arm-none-eabi/13.3.1/../../../../arm-none-eabi/lib/thumb/v7e-m+fp/hard\libc_nano.a(libc_a-mallocr.o)
 .text._malloc_r
                0x0800ddc4      0x100 C:/ST/STM32CubeIDE_1.18.0/STM32CubeIDE/plugins/com.st.stm32cube.ide.mcu.externaltools.gnu-tools-for-stm32.13.3.rel1.win32_1.0.0.202411081344/tools/bin/../lib/gcc/arm-none-eabi/13.3.1/../../../../arm-none-eabi/lib/thumb/v7e-m+fp/hard\libc_nano.a(libc_a-mallocr.o)
                0x0800ddc4                _malloc_r
 .text.__malloc_lock
                0x0800dec4        0xc C:/ST/STM32CubeIDE_1.18.0/STM32CubeIDE/plugins/com.st.stm32cube.ide.mcu.externaltools.gnu-tools-for-stm32.13.3.rel1.win32_1.0.0.202411081344/tools/bin/../lib/gcc/arm-none-eabi/13.3.1/../../../../arm-none-eabi/lib/thumb/v7e-m+fp/hard\libc_nano.a(libc_a-mlock.o)
                0x0800dec4                __malloc_lock
 .text.__malloc_unlock
                0x0800ded0        0xc C:/ST/STM32CubeIDE_1.18.0/STM32CubeIDE/plugins/com.st.stm32cube.ide.mcu.externaltools.gnu-tools-for-stm32.13.3.rel1.win32_1.0.0.202411081344/tools/bin/../lib/gcc/arm-none-eabi/13.3.1/../../../../arm-none-eabi/lib/thumb/v7e-m+fp/hard\libc_nano.a(libc_a-mlock.o)
                0x0800ded0                __malloc_unlock
 .text.__ssputs_r
                0x0800dedc       0xb6 C:/ST/STM32CubeIDE_1.18.0/STM32CubeIDE/plugins/com.st.stm32cube.ide.mcu.externaltools.gnu-tools-for-stm32.13.3.rel1.win32_1.0.0.202411081344/tools/bin/../lib/gcc/arm-none-eabi/13.3.1/../../../../arm-none-eabi/lib/thumb/v7e-m+fp/hard\libc_nano.a(libc_a-nano-svfprintf.o)
                0x0800dedc                __ssputs_r
 *fill*         0x0800df92        0x2 
 .text._svfprintf_r
                0x0800df94      0x1f8 C:/ST/STM32CubeIDE_1.18.0/STM32CubeIDE/plugins/com.st.stm32cube.ide.mcu.externaltools.gnu-tools-for-stm32.13.3.rel1.win32_1.0.0.202411081344/tools/bin/../lib/gcc/arm-none-eabi/13.3.1/../../../../arm-none-eabi/lib/thumb/v7e-m+fp/hard\libc_nano.a(libc_a-nano-svfprintf.o)
                0x0800df94                _svfiprintf_r
                0x0800df94                _svfprintf_r
 .text.__sfputc_r
                0x0800e18c       0x2e C:/ST/STM32CubeIDE_1.18.0/STM32CubeIDE/plugins/com.st.stm32cube.ide.mcu.externaltools.gnu-tools-for-stm32.13.3.rel1.win32_1.0.0.202411081344/tools/bin/../lib/gcc/arm-none-eabi/13.3.1/../../../../arm-none-eabi/lib/thumb/v7e-m+fp/hard\libc_nano.a(libc_a-nano-vfprintf.o)
 .text.__sfputs_r
                0x0800e1ba       0x24 C:/ST/STM32CubeIDE_1.18.0/STM32CubeIDE/plugins/com.st.stm32cube.ide.mcu.externaltools.gnu-tools-for-stm32.13.3.rel1.win32_1.0.0.202411081344/tools/bin/../lib/gcc/arm-none-eabi/13.3.1/../../../../arm-none-eabi/lib/thumb/v7e-m+fp/hard\libc_nano.a(libc_a-nano-vfprintf.o)
                0x0800e1ba                __sfputs_r
 *fill*         0x0800e1de        0x2 
 .text._vfprintf_r
                0x0800e1e0      0x230 C:/ST/STM32CubeIDE_1.18.0/STM32CubeIDE/plugins/com.st.stm32cube.ide.mcu.externaltools.gnu-tools-for-stm32.13.3.rel1.win32_1.0.0.202411081344/tools/bin/../lib/gcc/arm-none-eabi/13.3.1/../../../../arm-none-eabi/lib/thumb/v7e-m+fp/hard\libc_nano.a(libc_a-nano-vfprintf.o)
                0x0800e1e0                _vfprintf_r
                0x0800e1e0                _vfiprintf_r
 .text._printf_common
                0x0800e410       0xda C:/ST/STM32CubeIDE_1.18.0/STM32CubeIDE/plugins/com.st.stm32cube.ide.mcu.externaltools.gnu-tools-for-stm32.13.3.rel1.win32_1.0.0.202411081344/tools/bin/../lib/gcc/arm-none-eabi/13.3.1/../../../../arm-none-eabi/lib/thumb/v7e-m+fp/hard\libc_nano.a(libc_a-nano-vfprintf_i.o)
                0x0800e410                _printf_common
 *fill*         0x0800e4ea        0x2 
 .text._printf_i
                0x0800e4ec      0x23c C:/ST/STM32CubeIDE_1.18.0/STM32CubeIDE/plugins/com.st.stm32cube.ide.mcu.externaltools.gnu-tools-for-stm32.13.3.rel1.win32_1.0.0.202411081344/tools/bin/../lib/gcc/arm-none-eabi/13.3.1/../../../../arm-none-eabi/lib/thumb/v7e-m+fp/hard\libc_nano.a(libc_a-nano-vfprintf_i.o)
                0x0800e4ec                _printf_i
 .text.__sflush_r
                0x0800e728      0x108 C:/ST/STM32CubeIDE_1.18.0/STM32CubeIDE/plugins/com.st.stm32cube.ide.mcu.externaltools.gnu-tools-for-stm32.13.3.rel1.win32_1.0.0.202411081344/tools/bin/../lib/gcc/arm-none-eabi/13.3.1/../../../../arm-none-eabi/lib/thumb/v7e-m+fp/hard\libc_nano.a(libc_a-fflush.o)
                0x0800e728                __sflush_r
 .text._fflush_r
                0x0800e830       0x50 C:/ST/STM32CubeIDE_1.18.0/STM32CubeIDE/plugins/com.st.stm32cube.ide.mcu.externaltools.gnu-tools-for-stm32.13.3.rel1.win32_1.0.0.202411081344/tools/bin/../lib/gcc/arm-none-eabi/13.3.1/../../../../arm-none-eabi/lib/thumb/v7e-m+fp/hard\libc_nano.a(libc_a-fflush.o)
                0x0800e830                _fflush_r
 .text.__swbuf_r
                0x0800e880       0x7c C:/ST/STM32CubeIDE_1.18.0/STM32CubeIDE/plugins/com.st.stm32cube.ide.mcu.externaltools.gnu-tools-for-stm32.13.3.rel1.win32_1.0.0.202411081344/tools/bin/../lib/gcc/arm-none-eabi/13.3.1/../../../../arm-none-eabi/lib/thumb/v7e-m+fp/hard\libc_nano.a(libc_a-wbuf.o)
                0x0800e880                __swbuf_r
 .text.__swsetup_r
                0x0800e8fc       0xac C:/ST/STM32CubeIDE_1.18.0/STM32CubeIDE/plugins/com.st.stm32cube.ide.mcu.externaltools.gnu-tools-for-stm32.13.3.rel1.win32_1.0.0.202411081344/tools/bin/../lib/gcc/arm-none-eabi/13.3.1/../../../../arm-none-eabi/lib/thumb/v7e-m+fp/hard\libc_nano.a(libc_a-wsetup.o)
                0x0800e8fc                __swsetup_r
 .text.memmove  0x0800e9a8       0x34 C:/ST/STM32CubeIDE_1.18.0/STM32CubeIDE/plugins/com.st.stm32cube.ide.mcu.externaltools.gnu-tools-for-stm32.13.3.rel1.win32_1.0.0.202411081344/tools/bin/../lib/gcc/arm-none-eabi/13.3.1/../../../../arm-none-eabi/lib/thumb/v7e-m+fp/hard\libc_nano.a(libc_a-memmove.o)
                0x0800e9a8                memmove
 .text._sbrk_r  0x0800e9dc       0x20 C:/ST/STM32CubeIDE_1.18.0/STM32CubeIDE/plugins/com.st.stm32cube.ide.mcu.externaltools.gnu-tools-for-stm32.13.3.rel1.win32_1.0.0.202411081344/tools/bin/../lib/gcc/arm-none-eabi/13.3.1/../../../../arm-none-eabi/lib/thumb/v7e-m+fp/hard\libc_nano.a(libc_a-sbrkr.o)
                0x0800e9dc                _sbrk_r
 .text.memcpy   0x0800e9fc       0x1c C:/ST/STM32CubeIDE_1.18.0/STM32CubeIDE/plugins/com.st.stm32cube.ide.mcu.externaltools.gnu-tools-for-stm32.13.3.rel1.win32_1.0.0.202411081344/tools/bin/../lib/gcc/arm-none-eabi/13.3.1/../../../../arm-none-eabi/lib/thumb/v7e-m+fp/hard\libc_nano.a(libc_a-memcpy-stub.o)
                0x0800e9fc                memcpy
 .text._realloc_r
                0x0800ea18       0x5c C:/ST/STM32CubeIDE_1.18.0/STM32CubeIDE/plugins/com.st.stm32cube.ide.mcu.externaltools.gnu-tools-for-stm32.13.3.rel1.win32_1.0.0.202411081344/tools/bin/../lib/gcc/arm-none-eabi/13.3.1/../../../../arm-none-eabi/lib/thumb/v7e-m+fp/hard\libc_nano.a(libc_a-reallocr.o)
                0x0800ea18                _realloc_r
 .text.__swhatbuf_r
                0x0800ea74       0x4c C:/ST/STM32CubeIDE_1.18.0/STM32CubeIDE/plugins/com.st.stm32cube.ide.mcu.externaltools.gnu-tools-for-stm32.13.3.rel1.win32_1.0.0.202411081344/tools/bin/../lib/gcc/arm-none-eabi/13.3.1/../../../../arm-none-eabi/lib/thumb/v7e-m+fp/hard\libc_nano.a(libc_a-makebuf.o)
                0x0800ea74                __swhatbuf_r
 .text.__smakebuf_r
                0x0800eac0       0x78 C:/ST/STM32CubeIDE_1.18.0/STM32CubeIDE/plugins/com.st.stm32cube.ide.mcu.externaltools.gnu-tools-for-stm32.13.3.rel1.win32_1.0.0.202411081344/tools/bin/../lib/gcc/arm-none-eabi/13.3.1/../../../../arm-none-eabi/lib/thumb/v7e-m+fp/hard\libc_nano.a(libc_a-makebuf.o)
                0x0800eac0                __smakebuf_r
 .text._fstat_r
                0x0800eb38       0x24 C:/ST/STM32CubeIDE_1.18.0/STM32CubeIDE/plugins/com.st.stm32cube.ide.mcu.externaltools.gnu-tools-for-stm32.13.3.rel1.win32_1.0.0.202411081344/tools/bin/../lib/gcc/arm-none-eabi/13.3.1/../../../../arm-none-eabi/lib/thumb/v7e-m+fp/hard\libc_nano.a(libc_a-fstatr.o)
                0x0800eb38                _fstat_r
 .text._isatty_r
                0x0800eb5c       0x20 C:/ST/STM32CubeIDE_1.18.0/STM32CubeIDE/plugins/com.st.stm32cube.ide.mcu.externaltools.gnu-tools-for-stm32.13.3.rel1.win32_1.0.0.202411081344/tools/bin/../lib/gcc/arm-none-eabi/13.3.1/../../../../arm-none-eabi/lib/thumb/v7e-m+fp/hard\libc_nano.a(libc_a-isattyr.o)
                0x0800eb5c                _isatty_r
 .text._malloc_usable_size_r
                0x0800eb7c       0x10 C:/ST/STM32CubeIDE_1.18.0/STM32CubeIDE/plugins/com.st.stm32cube.ide.mcu.externaltools.gnu-tools-for-stm32.13.3.rel1.win32_1.0.0.202411081344/tools/bin/../lib/gcc/arm-none-eabi/13.3.1/../../../../arm-none-eabi/lib/thumb/v7e-m+fp/hard\libc_nano.a(libc_a-msizer.o)
                0x0800eb7c                _malloc_usable_size_r
 *(.glue_7)
 .glue_7        0x0800eb8c        0x0 linker stubs
 *(.glue_7t)
 .glue_7t       0x0800eb8c        0x0 linker stubs
 *(.eh_frame)
 .eh_frame      0x0800eb8c        0x0 C:/ST/STM32CubeIDE_1.18.0/STM32CubeIDE/plugins/com.st.stm32cube.ide.mcu.externaltools.gnu-tools-for-stm32.13.3.rel1.win32_1.0.0.202411081344/tools/bin/../lib/gcc/arm-none-eabi/13.3.1/thumb/v7e-m+fp/hard/crtbegin.o
 *(.init)
 .init          0x0800eb8c        0x4 C:/ST/STM32CubeIDE_1.18.0/STM32CubeIDE/plugins/com.st.stm32cube.ide.mcu.externaltools.gnu-tools-for-stm32.13.3.rel1.win32_1.0.0.202411081344/tools/bin/../lib/gcc/arm-none-eabi/13.3.1/thumb/v7e-m+fp/hard/crti.o
                0x0800eb8c                _init
 .init          0x0800eb90        0x8 C:/ST/STM32CubeIDE_1.18.0/STM32CubeIDE/plugins/com.st.stm32cube.ide.mcu.externaltools.gnu-tools-for-stm32.13.3.rel1.win32_1.0.0.202411081344/tools/bin/../lib/gcc/arm-none-eabi/13.3.1/thumb/v7e-m+fp/hard/crtn.o
 *(.fini)
 .fini          0x0800eb98        0x4 C:/ST/STM32CubeIDE_1.18.0/STM32CubeIDE/plugins/com.st.stm32cube.ide.mcu.externaltools.gnu-tools-for-stm32.13.3.rel1.win32_1.0.0.202411081344/tools/bin/../lib/gcc/arm-none-eabi/13.3.1/thumb/v7e-m+fp/hard/crti.o
                0x0800eb98                _fini
 .fini          0x0800eb9c        0x8 C:/ST/STM32CubeIDE_1.18.0/STM32CubeIDE/plugins/com.st.stm32cube.ide.mcu.externaltools.gnu-tools-for-stm32.13.3.rel1.win32_1.0.0.202411081344/tools/bin/../lib/gcc/arm-none-eabi/13.3.1/thumb/v7e-m+fp/hard/crtn.o
                0x0800eba4                        . = ALIGN (0x4)
                0x0800eba4                        _etext = .

.vfp11_veneer   0x0800eba4        0x0
 .vfp11_veneer  0x0800eba4        0x0 linker stubs

.v4_bx          0x0800eba4        0x0
 .v4_bx         0x0800eba4        0x0 linker stubs

.iplt           0x0800eba4        0x0
 .iplt          0x0800eba4        0x0 C:/ST/STM32CubeIDE_1.18.0/STM32CubeIDE/plugins/com.st.stm32cube.ide.mcu.externaltools.gnu-tools-for-stm32.13.3.rel1.win32_1.0.0.202411081344/tools/bin/../lib/gcc/arm-none-eabi/13.3.1/thumb/v7e-m+fp/hard/crtbegin.o

.rodata         0x0800eba4      0x334
                0x0800eba4                        . = ALIGN (0x4)
 *(.rodata)
 .rodata        0x0800eba4       0x1b ./Core/Src/binary_game.o
 *fill*         0x0800ebbf        0x1 
 .rodata        0x0800ebc0       0x57 ./Core/Src/charge_game.o
 *fill*         0x0800ec17        0x1 
 .rodata        0x0800ec18       0x76 ./Core/Src/main.o
 *fill*         0x0800ec8e        0x2 
 .rodata        0x0800ec90       0x33 ./Core/Src/rhythm_game.o
 *fill*         0x0800ecc3        0x1 
 .rodata        0x0800ecc4       0xa5 ./Core/Src/whack_game.o
 *fill*         0x0800ed69        0x3 
 .rodata        0x0800ed6c       0x46 ./USB_DEVICE/App/usbd_desc.o
 *(.rodata*)
 *fill*         0x0800edb2        0x2 
 .rodata._leds  0x0800edb4       0x40 ./Core/Src/binary_game.o
 .rodata.leds   0x0800edf4       0x40 ./Core/Src/main.o
 .rodata.pat.1  0x0800ee34        0xe ./Core/Src/main.o
 *fill*         0x0800ee42        0x2 
 .rodata._leds  0x0800ee44       0x40 ./Core/Src/rhythm_game.o
 .rodata.LEVEL_LEN
                0x0800ee84        0x5 ./Core/Src/rhythm_game.o
 *fill*         0x0800ee89        0x3 
 .rodata.AHBPrescTable
                0x0800ee8c       0x10 ./Core/Src/system_stm32f4xx.o
                0x0800ee8c                AHBPrescTable
 .rodata.flagBitshiftOffset.0
                0x0800ee9c        0x8 ./Drivers/STM32F4xx_HAL_Driver/Src/stm32f4xx_hal_dma.o
 .rodata._svfprintf_r.str1.1
                0x0800eea4       0x33 C:/ST/STM32CubeIDE_1.18.0/STM32CubeIDE/plugins/com.st.stm32cube.ide.mcu.externaltools.gnu-tools-for-stm32.13.3.rel1.win32_1.0.0.202411081344/tools/bin/../lib/gcc/arm-none-eabi/13.3.1/../../../../arm-none-eabi/lib/thumb/v7e-m+fp/hard\libc_nano.a(libc_a-nano-svfprintf.o)
                                 0x11 (size before relaxing)
 .rodata._vfprintf_r.str1.1
                0x0800eed7       0x11 C:/ST/STM32CubeIDE_1.18.0/STM32CubeIDE/plugins/com.st.stm32cube.ide.mcu.externaltools.gnu-tools-for-stm32.13.3.rel1.win32_1.0.0.202411081344/tools/bin/../lib/gcc/arm-none-eabi/13.3.1/../../../../arm-none-eabi/lib/thumb/v7e-m+fp/hard\libc_nano.a(libc_a-nano-vfprintf.o)
 .rodata._printf_i.str1.1
                0x0800eed7       0x22 C:/ST/STM32CubeIDE_1.18.0/STM32CubeIDE/plugins/com.st.stm32cube.ide.mcu.externaltools.gnu-tools-for-stm32.13.3.rel1.win32_1.0.0.202411081344/tools/bin/../lib/gcc/arm-none-eabi/13.3.1/../../../../arm-none-eabi/lib/thumb/v7e-m+fp/hard\libc_nano.a(libc_a-nano-vfprintf_i.o)
                0x0800eefc                        . = ALIGN (0x4)
 *fill*         0x0800eed7        0x1 

.ARM.extab      0x0800eed8        0x0
                0x0800eed8                        . = ALIGN (0x4)
 *(.ARM.extab* .gnu.linkonce.armextab.*)
                0x0800eed8                        . = ALIGN (0x4)

.ARM            0x0800eed8        0x8
                0x0800eed8                        . = ALIGN (0x4)
                0x0800eed8                        __exidx_start = .
 *(.ARM.exidx*)
 .ARM.exidx     0x0800eed8        0x8 C:/ST/STM32CubeIDE_1.18.0/STM32CubeIDE/plugins/com.st.stm32cube.ide.mcu.externaltools.gnu-tools-for-stm32.13.3.rel1.win32_1.0.0.202411081344/tools/bin/../lib/gcc/arm-none-eabi/13.3.1/../../../../arm-none-eabi/lib/thumb/v7e-m+fp/hard\libc_nano.a(libc_a-strlen.o)
 .ARM.exidx     0x0800eee0        0x0 C:/ST/STM32CubeIDE_1.18.0/STM32CubeIDE/plugins/com.st.stm32cube.ide.mcu.externaltools.gnu-tools-for-stm32.13.3.rel1.win32_1.0.0.202411081344/tools/bin/../lib/gcc/arm-none-eabi/13.3.1/../../../../arm-none-eabi/lib/thumb/v7e-m+fp/hard\libc_nano.a(libc_a-memchr.o)
                                  0x8 (size before relaxing)
 .ARM.exidx     0x0800eee0        0x0 C:/ST/STM32CubeIDE_1.18.0/STM32CubeIDE/plugins/com.st.stm32cube.ide.mcu.externaltools.gnu-tools-for-stm32.13.3.rel1.win32_1.0.0.202411081344/tools/bin/../lib/gcc/arm-none-eabi/13.3.1/thumb/v7e-m+fp/hard\libgcc.a(_udivmoddi4.o)
                                  0x8 (size before relaxing)
                0x0800eee0                        __exidx_end = .
                0x0800eee0                        . = ALIGN (0x4)

.preinit_array  0x0800eee0        0x0
                0x0800eee0                        . = ALIGN (0x4)
                0x0800eee0                        PROVIDE (__preinit_array_start = .)
 *(.preinit_array*)
                0x0800eee0                        PROVIDE (__preinit_array_end = .)
                0x0800eee0                        . = ALIGN (0x4)

.init_array     0x0800eee0        0x4
                0x0800eee0                        . = ALIGN (0x4)
                0x0800eee0                        PROVIDE (__init_array_start = .)
 *(SORT_BY_NAME(.init_array.*))
 *(.init_array*)
 .init_array    0x0800eee0        0x4 C:/ST/STM32CubeIDE_1.18.0/STM32CubeIDE/plugins/com.st.stm32cube.ide.mcu.externaltools.gnu-tools-for-stm32.13.3.rel1.win32_1.0.0.202411081344/tools/bin/../lib/gcc/arm-none-eabi/13.3.1/thumb/v7e-m+fp/hard/crtbegin.o
                0x0800eee4                        PROVIDE (__init_array_end = .)
                0x0800eee4                        . = ALIGN (0x4)

.fini_array     0x0800eee4        0x4
                0x0800eee4                        . = ALIGN (0x4)
                [!provide]                        PROVIDE (__fini_array_start = .)
 *(SORT_BY_NAME(.fini_array.*))
 *(.fini_array*)
 .fini_array    0x0800eee4        0x4 C:/ST/STM32CubeIDE_1.18.0/STM32CubeIDE/plugins/com.st.stm32cube.ide.mcu.externaltools.gnu-tools-for-stm32.13.3.rel1.win32_1.0.0.202411081344/tools/bin/../lib/gcc/arm-none-eabi/13.3.1/thumb/v7e-m+fp/hard/crtbegin.o
                [!provide]                        PROVIDE (__fini_array_end = .)
                0x0800eee8                        . = ALIGN (0x4)
                0x0800eee8                        _sidata = LOADADDR (.data)

.rel.dyn        0x0800eee8        0x0
 .rel.iplt      0x0800eee8        0x0 C:/ST/STM32CubeIDE_1.18.0/STM32CubeIDE/plugins/com.st.stm32cube.ide.mcu.externaltools.gnu-tools-for-stm32.13.3.rel1.win32_1.0.0.202411081344/tools/bin/../lib/gcc/arm-none-eabi/13.3.1/thumb/v7e-m+fp/hard/crtbegin.o

.data           0x20000000      0x18c load address 0x0800eee8
                0x20000000                        . = ALIGN (0x4)
                0x20000000                        _sdata = .
 *(.data)
 *(.data*)
 .data.round_num
                0x20000000        0x1 ./Core/Src/charge_game.o
 .data.btn1_state_prev
                0x20000001        0x1 ./Core/Src/charge_game.o
 .data.btn2_state_prev
                0x20000002        0x1 ./Core/Src/charge_game.o
 .data.current_mode
                0x20000003        0x1 ./Core/Src/main.o
                0x20000003                current_mode
 .data.SystemCoreClock
                0x20000004        0x4 ./Core/Src/system_stm32f4xx.o
                0x20000004                SystemCoreClock
 .data.max_lives
                0x20000008        0x1 ./Core/Src/whack_game.o
 .data.lives    0x20000009        0x1 ./Core/Src/whack_game.o
 *fill*         0x2000000a        0x2 
 .data.base_window_ms
                0x2000000c        0x4 ./Core/Src/whack_game.o
 .data.current_window_ms
                0x20000010        0x4 ./Core/Src/whack_game.o
 .data.last_pos
                0x20000014        0x1 ./Core/Src/whack_game.o
 *fill*         0x20000015        0x3 
 .data.uwTickPrio
                0x20000018        0x4 ./Drivers/STM32F4xx_HAL_Driver/Src/stm32f4xx_hal.o
                0x20000018                uwTickPrio
 .data.uwTickFreq
                0x2000001c        0x1 ./Drivers/STM32F4xx_HAL_Driver/Src/stm32f4xx_hal.o
                0x2000001c                uwTickFreq
 *fill*         0x2000001d        0x3 
 .data.pFlash   0x20000020       0x20 ./Drivers/STM32F4xx_HAL_Driver/Src/stm32f4xx_hal_flash.o
                0x20000020                pFlash
 .data.USBD_CDC_DeviceQualifierDesc
                0x20000040        0xa ./Middlewares/ST/STM32_USB_Device_Library/Class/CDC/Src/usbd_cdc.o
 *fill*         0x2000004a        0x2 
 .data.USBD_CDC
                0x2000004c       0x38 ./Middlewares/ST/STM32_USB_Device_Library/Class/CDC/Src/usbd_cdc.o
                0x2000004c                USBD_CDC
 .data.USBD_CDC_CfgDesc
                0x20000084       0x43 ./Middlewares/ST/STM32_USB_Device_Library/Class/CDC/Src/usbd_cdc.o
 .data.CDCInEpAdd
                0x200000c7        0x1 ./Middlewares/ST/STM32_USB_Device_Library/Class/CDC/Src/usbd_cdc.o
 .data.CDCOutEpAdd
                0x200000c8        0x1 ./Middlewares/ST/STM32_USB_Device_Library/Class/CDC/Src/usbd_cdc.o
 .data.CDCCmdEpAdd
                0x200000c9        0x1 ./Middlewares/ST/STM32_USB_Device_Library/Class/CDC/Src/usbd_cdc.o
 *fill*         0x200000ca        0x2 
 .data.USBD_Interface_fops_FS
                0x200000cc       0x14 ./USB_DEVICE/App/usbd_cdc_if.o
                0x200000cc                USBD_Interface_fops_FS
 .data.FS_Desc  0x200000e0       0x1c ./USB_DEVICE/App/usbd_desc.o
                0x200000e0                FS_Desc
 .data.USBD_FS_DeviceDesc
                0x200000fc       0x12 ./USB_DEVICE/App/usbd_desc.o
                0x200000fc                USBD_FS_DeviceDesc
 *fill*         0x2000010e        0x2 
 .data.USBD_LangIDDesc