Archive member included to satisfy reference by file (symbol)

C:/ST/STM32CubeIDE_1.18.0/STM32CubeIDE/plugins/com.st.stm32cube.ide.mcu.externaltools.gnu-tools-for-stm32.13.3.rel1.win32_1.0.0.202411081344/tools/bin/../lib/gcc/arm-none-eabi/13.3.1/../../../../arm-none-eabi/lib/thumb/v7e-m+fp/hard\libc_nano.a(libc_a-atoi.o)
                              ./Core/Src/main.o (atoi)
C:/ST/STM32CubeIDE_1.18.0/STM32CubeIDE/plugins/com.st.stm32cube.ide.mcu.externaltools.gnu-tools-for-stm32.13.3.rel1.win32_1.0.0.202411081344/tools/bin/../lib/gcc/arm-none-eabi/13.3.1/../../../../arm-none-eabi/lib/thumb/v7e-m+fp/hard\libc_nano.a(libc_a-exit.o)
                              C:/ST/STM32CubeIDE_1.18.0/STM32CubeIDE/plugins/com.st.stm32cube.ide.mcu.externaltools.gnu-tools-for-stm32.13.3.rel1.win32_1.0.0.202411081344/tools/bin/../lib/gcc/arm-none-eabi/13.3.1/../../../../arm-none-eabi/lib/thumb/v7e-m+fp/hard/crt0.o (exit)
C:/ST/STM32CubeIDE_1.18.0/STM32CubeIDE/plugins/com.st.stm32cube.ide.mcu.externaltools.gnu-tools-for-stm32.13.3.rel1.win32_1.0.0.202411081344/tools/bin/../lib/gcc/arm-none-eabi/13.3.1/../../../../arm-none-eabi/lib/thumb/v7e-m+fp/hard\libc_nano.a(libc_a-strtol.o)
                              C:/ST/STM32CubeIDE_1.18.0/STM32CubeIDE/plugins/com.st.stm32cube.ide.mcu.externaltools.gnu-tools-for-stm32.13.3.rel1.win32_1.0.0.202411081344/tools/bin/../lib/gcc/arm-none-eabi/13.3.1/../../../../arm-none-eabi/lib/thumb/v7e-m+fp/hard\libc_nano.a(libc_a-atoi.o) (_strtol_r)
C:/ST/STM32CubeIDE_1.18.0/STM32CubeIDE/plugins/com.st.stm32cube.ide.mcu.externaltools.gnu-tools-for-stm32.13.3.rel1.win32_1.0.0.202411081344/tools/bin/../lib/gcc/arm-none-eabi/13.3.1/../../../../arm-none-eabi/lib/thumb/v7e-m+fp/hard\libc_nano.a(libc_a-ctype_.o)
                              C:/ST/STM32CubeIDE_1.18.0/STM32CubeIDE/plugins/com.st.stm32cube.ide.mcu.externaltools.gnu-tools-for-stm32.13.3.rel1.win32_1.0.0.202411081344/tools/bin/../lib/gcc/arm-none-eabi/13.3.1/../../../../arm-none-eabi/lib/thumb/v7e-m+fp/hard\libc_nano.a(libc_a-strtol.o) (_ctype_)
C:/ST/STM32CubeIDE_1.18.0/STM32CubeIDE/plugins/com.st.stm32cube.ide.mcu.externaltools.gnu-tools-for-stm32.13.3.rel1.win32_1.0.0.202411081344/tools/bin/../lib/gcc/arm-none-eabi/13.3.1/../../../../arm-none-eabi/lib/thumb/v7e-m+fp/hard\libc_nano.a(libc_a-findfp.o)
                              C:/ST/STM32CubeIDE_1.18.0/STM32CubeIDE/plugins/com.st.stm32cube.ide.mcu.externaltools.gnu-tools-for-stm32.13.3.rel1.win32_1.0.0.202411081344/tools/bin/../lib/gcc/arm-none-eabi/13.3.1/../../../../arm-none-eabi/lib/thumb/v7e-m+fp/hard\libc_nano.a(libc_a-exit.o) (__stdio_exit_handler)
C:/ST/STM32CubeIDE_1.18.0/STM32CubeIDE/plugins/com.st.stm32cube.ide.mcu.externaltools.gnu-tools-for-stm32.13.3.rel1.win32_1.0.0.202411081344/tools/bin/../lib/gcc/arm-none-eabi/13.3.1/../../../../arm-none-eabi/lib/thumb/v7e-m+fp/hard\libc_nano.a(libc_a-fwalk.o)
                              C:/ST/STM32CubeIDE_1.18.0/STM32CubeIDE/plugins/com.st.stm32cube.ide.mcu.externaltools.gnu-tools-for-stm32.13.3.rel1.win32_1.0.0.202411081344/tools/bin/../lib/gcc/arm-none-eabi/13.3.1/../../../../arm-none-eabi/lib/thumb/v7e-m+fp/hard\libc_nano.a(libc_a-findfp.o) (_fwalk_sglue)
C:/ST/STM32CubeIDE_1.18.0/STM32CubeIDE/plugins/com.st.stm32cube.ide.mcu.externaltools.gnu-tools-for-stm32.13.3.rel1.win32_1.0.0.202411081344/tools/bin/../lib/gcc/arm-none-eabi/13.3.1/../../../../arm-none-eabi/lib/thumb/v7e-m+fp/hard\libc_nano.a(libc_a-snprintf.o)
                              ./Core/Src/binary_game.o (snprintf)
C:/ST/STM32CubeIDE_1.18.0/STM32CubeIDE/plugins/com.st.stm32cube.ide.mcu.externaltools.gnu-tools-for-stm32.13.3.rel1.win32_1.0.0.202411081344/tools/bin/../lib/gcc/arm-none-eabi/13.3.1/../../../../arm-none-eabi/lib/thumb/v7e-m+fp/hard\libc_nano.a(libc_a-stdio.o)
                              C:/ST/STM32CubeIDE_1.18.0/STM32CubeIDE/plugins/com.st.stm32cube.ide.mcu.externaltools.gnu-tools-for-stm32.13.3.rel1.win32_1.0.0.202411081344/tools/bin/../lib/gcc/arm-none-eabi/13.3.1/../../../../arm-none-eabi/lib/thumb/v7e-m+fp/hard\libc_nano.a(libc_a-findfp.o) (__sread)
C:/ST/STM32CubeIDE_1.18.0/STM32CubeIDE/plugins/com.st.stm32cube.ide.mcu.externaltools.gnu-tools-for-stm32.13.3.rel1.win32_1.0.0.202411081344/tools/bin/../lib/gcc/arm-none-eabi/13.3.1/../../../../arm-none-eabi/lib/thumb/v7e-m+fp/hard\libc_nano.a(libc_a-memset.o)
                              C:/ST/STM32CubeIDE_1.18.0/STM32CubeIDE/plugins/com.st.stm32cube.ide.mcu.externaltools.gnu-tools-for-stm32.13.3.rel1.win32_1.0.0.202411081344/tools/bin/../lib/gcc/arm-none-eabi/13.3.1/../../../../arm-none-eabi/lib/thumb/v7e-m+fp/hard/crt0.o (memset)
C:/ST/STM32CubeIDE_1.18.0/STM32CubeIDE/plugins/com.st.stm32cube.ide.mcu.externaltools.gnu-tools-for-stm32.13.3.rel1.win32_1.0.0.202411081344/tools/bin/../lib/gcc/arm-none-eabi/13.3.1/../../../../arm-none-eabi/lib/thumb/v7e-m+fp/hard\libc_nano.a(libc_a-strncmp.o)
                              ./Core/Src/main.o (strncmp)
[...]
Memory Configuration

Name             Origin             Length             Attributes
RAM              0x20000000         0x00010000         xrw
FLASH            0x08000000         0x00040000         xr
*default*        0x00000000         0xffffffff

Linker script and memory map

LOAD C:/ST/STM32CubeIDE_1.18.0/STM32CubeIDE/plugins/com.st.stm32cube.ide.mcu.externaltools.gnu-tools-for-stm32.13.3.rel1.win32_1.0.0.202411081344/tools/bin/../lib/gcc/arm-none-eabi/13.3.1/thumb/v7e-m+fp/hard/crti.o
LOAD C:/ST/STM32CubeIDE_1.18.0/STM32CubeIDE/plugins/com.st.stm32cube.ide.mcu.externaltools.gnu-tools-for-stm32.13.3.rel1.win32_1.0.0.202411081344/tools/bin/../lib/gcc/arm-none-eabi/13.3.1/thumb/v7e-m+fp/hard/crtbegin.o
LOAD C:/ST/STM32CubeIDE_1.18.0/STM32CubeIDE/plugins/com.st.stm32cube.ide.mcu.externaltools.gnu-tools-for-stm32.13.3.rel1.win32_1.0.0.202411081344/tools/bin/../lib/gcc/arm-none-eabi/13.3.1/../../../../arm-none-eabi/lib/thumb/v7e-m+fp/hard/crt0.o
LOAD ./Core/Src/binary_game.o
LOAD ./Core/Src/dht.o
LOAD ./Core/Src/flash_storage.o
LOAD ./Core/Src/main.o
LOAD ./Core/Src/rhythm_game.o
LOAD ./Core/Src/stm32f4xx_hal_msp.o
LOAD ./Core/Src/stm32f4xx_it.o
LOAD ./Core/Src/syscalls.o
LOAD ./Core/Src/sysmem.o
LOAD ./Core/Src/system_stm32f4xx.o
LOAD ./Core/Startup/startup_stm32f401ccux.o
LOAD ./Drivers/STM32F4xx_HAL_Driver/Src/stm32f4xx_hal.o
LOAD ./Drivers/STM32F4xx_HAL_Driver/Src/stm32f4xx_hal_adc.o
LOAD ./Drivers/STM32F4xx_HAL_Driver/Src/stm32f4xx_hal_adc_ex.o
LOAD ./Drivers/STM32F4xx_HAL_Driver/Src/stm32f4xx_hal_cortex.o
LOAD ./Drivers/STM32F4xx_HAL_Driver/Src/stm32f4xx_hal_dma.o
LOAD ./Drivers/STM32F4xx_HAL_Driver/Src/stm32f4xx_hal_dma_ex.o
LOAD ./Drivers/STM32F4xx_HAL_Driver/Src/stm32f4xx_hal_exti.o
LOAD ./Drivers/STM32F4xx_HAL_Driver/Src/stm32f4xx_hal_flash.o
LOAD ./Drivers/STM32F4xx_HAL_Driver/Src/stm32f4xx_hal_flash_ex.o
LOAD ./Drivers/STM32F4xx_HAL_Driver/Src/stm32f4xx_hal_flash_ramfunc.o
LOAD ./Drivers/STM32F4xx_HAL_Driver/Src/stm32f4xx_hal_gpio.o
LOAD ./Drivers/STM32F4xx_HAL_Driver/Src/stm32f4xx_hal_pcd.o
LOAD ./Drivers/STM32F4xx_HAL_Driver/Src/stm32f4xx_hal_pcd_ex.o
LOAD ./Drivers/STM32F4xx_HAL_Driver/Src/stm32f4xx_hal_pwr.o
LOAD ./Drivers/STM32F4xx_HAL_Driver/Src/stm32f4xx_hal_pwr_ex.o
LOAD ./Drivers/STM32F4xx_HAL_Driver/Src/stm32f4xx_hal_rcc.o
LOAD ./Drivers/STM32F4xx_HAL_Driver/Src/stm32f4xx_hal_rcc_ex.o
LOAD ./Drivers/STM32F4xx_HAL_Driver/Src/stm32f4xx_hal_tim.o
LOAD ./Drivers/STM32F4xx_HAL_Driver/Src/stm32f4xx_hal_tim_ex.o
LOAD ./Drivers/STM32F4xx_HAL_Driver/Src/stm32f4xx_ll_adc.o
LOAD ./Drivers/STM32F4xx_HAL_Driver/Src/stm32f4xx_ll_usb.o
LOAD ./Middlewares/ST/STM32_USB_Device_Library/Class/CDC/Src/usbd_cdc.o
LOAD ./Middlewares/ST/STM32_USB_Device_Library/Core/Src/usbd_core.o
LOAD ./Middlewares/ST/STM32_USB_Device_Library/Core/Src/usbd_ctlreq.o
LOAD ./Middlewares/ST/STM32_USB_Device_Library/Core/Src/usbd_ioreq.o
LOAD ./USB_DEVICE/App/usb_device.o
LOAD ./USB_DEVICE/App/usbd_cdc_if.o
LOAD ./USB_DEVICE/App/usbd_desc.o
LOAD ./USB_DEVICE/Target/usbd_conf.o
START GROUP
LOAD C:/ST/STM32CubeIDE_1.18.0/STM32CubeIDE/plugins/com.st.stm32cube.ide.mcu.externaltools.gnu-tools-for-stm32.13.3.rel1.win32_1.0.0.202411081344/tools/bin/../lib/gcc/arm-none-eabi/13.3.1/../../../../arm-none-eabi/lib/thumb/v7e-m+fp/hard\libc_nano.a
LOAD C:/ST/STM32CubeIDE_1.18.0/STM32CubeIDE/plugins/com.st.stm32cube.ide.mcu.externaltools.gnu-tools-for-stm32.13.3.rel1.win32_1.0.0.202411081344/tools/bin/../lib/gcc/arm-none-eabi/13.3.1/../../../../arm-none-eabi/lib/thumb/v7e-m+fp/hard\libm.a
END GROUP
START GROUP
LOAD C:/ST/STM32CubeIDE_1.18.0/STM32CubeIDE/plugins/com.st.stm32cube.ide.mcu.externaltools.gnu-tools-for-stm32.13.3.rel1.win32_1.0.0.202411081344/tools/bin/../lib/gcc/arm-none-eabi/13.3.1/thumb/v7e-m+fp/hard\libgcc.a
LOAD C:/ST/STM32CubeIDE_1.18.0/STM32CubeIDE/plugins/com.st.stm32cube.ide.mcu.externaltools.gnu-tools-for-stm32.13.3.rel1.win32_1.0.0.202411081344/tools/bin/../lib/gcc/arm-none-eabi/13.3.1/../../../../arm-none-eabi/lib/thumb/v7e-m+fp/hard\libc_nano.a
END GROUP
START GROUP
LOAD C:/ST/STM32CubeIDE_1.18.0/STM32CubeIDE/plugins/com.st.stm32cube.ide.mcu.externaltools.gnu-tools-for-stm32.13.3.rel1.win32_1.0.0.202411081344/tools/bin/../lib/gcc/arm-none-eabi/13.3.1/thumb/v7e-m+fp/hard\libgcc.a
LOAD C:/ST/STM32CubeIDE_1.18.0/STM32CubeIDE/plugins/com.st.stm32cube.ide.mcu.externaltools.gnu-tools-for-stm32.13.3.rel1.win32_1.0.0.202411081344/tools/bin/../lib/gcc/arm-none-eabi/13.3.1/../../../../arm-none-eabi/lib/thumb/v7e-m+fp/hard\libc_nano.a
LOAD C:/ST/STM32CubeIDE_1.18.0/STM32CubeIDE/plugins/com.st.stm32cube.ide.mcu.externaltools.gnu-tools-for-stm32.13.3.rel1.win32_1.0.0.202411081344/tools/bin/../lib/gcc/arm-none-eabi/13.3.1/../../../../arm-none-eabi/lib/thumb/v7e-m+fp/hard\libnosys.a
END GROUP
START GROUP
LOAD C:/ST/STM32CubeIDE_1.18.0/STM32CubeIDE/plugins/com.st.stm32cube.ide.mcu.externaltools.gnu-tools-for-stm32.13.3.rel1.win32_1.0.0.202411081344/tools/bin/../lib/gcc/arm-none-eabi/13.3.1/thumb/v7e-m+fp/hard\libgcc.a
LOAD C:/ST/STM32CubeIDE_1.18.0/STM32CubeIDE/plugins/com.st.stm32cube.ide.mcu.externaltools.gnu-tools-for-stm32.13.3.rel1.win32_1.0.0.202411081344/tools/bin/../lib/gcc/arm-none-eabi/13.3.1/../../../../arm-none-eabi/lib/thumb/v7e-m+fp/hard\libc_nano.a
LOAD C:/ST/STM32CubeIDE_1.18.0/STM32CubeIDE/plugins/com.st.stm32cube.ide.mcu.externaltools.gnu-tools-for-stm32.13.3.rel1.win32_1.0.0.202411081344/tools/bin/../lib/gcc/arm-none-eabi/13.3.1/../../../../arm-none-eabi/lib/thumb/v7e-m+fp/hard\libnosys.a
END GROUP
LOAD C:/ST/STM32CubeIDE_1.18.0/STM32CubeIDE/plugins/com.st.stm32cube.ide.mcu.externaltools.gnu-tools-for-stm32.13.3.rel1.win32_1.0.0.202411081344/tools/bin/../lib/gcc/arm-none-eabi/13.3.1/thumb/v7e-m+fp/hard/crtend.o
LOAD C:/ST/STM32CubeIDE_1.18.0/STM32CubeIDE/plugins/com.st.stm32cube.ide.mcu.externaltools.gnu-tools-for-stm32.13.3.rel1.win32_1.0.0.202411081344/tools/bin/../lib/gcc/arm-none-eabi/13.3.1/thumb/v7e-m+fp/hard/crtn.o
                0x20010000                        _estack = (ORIGIN (RAM) + LENGTH (RAM))
                0x00000600                        _Min_Heap_Size = 0x600
                0x00000600                        _Min_Stack_Size = 0x600

.isr_vector     0x08000000      0x194
                0x08000000                        . = ALIGN (0x4)
 *(.isr_vector)
 .isr_vector    0x08000000      0x194 ./Core/Startup/startup_stm32f401ccux.o
                0x08000000                g_pfnVectors
                0x08000194                        . = ALIGN (0x4)

.text           0x080001a0     0xcb78
                0x080001a0                        . = ALIGN (0x4)
 *(.text)
 .text          0x080001a0       0x40 C:/ST/STM32CubeIDE_1.18.0/STM32CubeIDE/plugins/com.st.stm32cube.ide.mcu.externaltools.gnu-tools-for-stm32.13.3.rel1.win32_1.0.0.202411081344/tools/bin/../lib/gcc/arm-none-eabi/13.3.1/thumb/v7e-m+fp/hard/crtbegin.o
 .text          0x080001e0       0x14 C:/ST/STM32CubeIDE_1.18.0/STM32CubeIDE/plugins/com.st.stm32cube.ide.mcu.externaltools.gnu-tools-for-stm32.13.3.rel1.win32_1.0.0.202411081344/tools/bin/../lib/gcc/arm-none-eabi/13.3.1/../../../../arm-none-eabi/lib/thumb/v7e-m+fp/hard\libc_nano.a(libc_a-strcmp.o)
                0x080001e0                strcmp
 *fill*         0x080001f4        0xc 
 .text          0x08000200       0xa0 C:/ST/STM32CubeIDE_1.18.0/STM32CubeIDE/plugins/com.st.stm32cube.ide.mcu.externaltools.gnu-tools-for-stm32.13.3.rel1.win32_1.0.0.202411081344/tools/bin/../lib/gcc/arm-none-eabi/13.3.1/../../../../arm-none-eabi/lib/thumb/v7e-m+fp/hard\libc_nano.a(libc_a-memchr.o)
                0x08000200                memchr
 .text          0x080002a0       0x30 C:/ST/STM32CubeIDE_1.18.0/STM32CubeIDE/plugins/com.st.stm32cube.ide.mcu.externaltools.gnu-tools-for-stm32.13.3.rel1.win32_1.0.0.202411081344/tools/bin/../lib/gcc/arm-none-eabi/13.3.1/thumb/v7e-m+fp/hard\libgcc.a(_aeabi_uldivmod.o)
                0x080002a0                __aeabi_uldivmod
 .text          0x080002d0      0x2f8 C:/ST/STM32CubeIDE_1.18.0/STM32CubeIDE/plugins/com.st.stm32cube.ide.mcu.externaltools.gnu-tools-for-stm32.13.3.rel1.win32_1.0.0.202411081344/tools/bin/../lib/gcc/arm-none-eabi/13.3.1/thumb/v7e-m+fp/hard\libgcc.a(_udivmoddi4.o)
                0x080002d0                __udivmoddi4
 .text          0x080005c8        0x4 C:/ST/STM32CubeIDE_1.18.0/STM32CubeIDE/plugins/com.st.stm32cube.ide.mcu.externaltools.gnu-tools-for-stm32.13.3.rel1.win32_1.0.0.202411081344/tools/bin/../lib/gcc/arm-none-eabi/13.3.1/thumb/v7e-m+fp/hard\libgcc.a(_dvmd_tls.o)
                0x080005c8                __aeabi_idiv0
                0x080005c8                __aeabi_ldiv0
 *(.text*)
 .text.bg_set_leds
                0x080005cc       0x64 ./Core/Src/binary_game.o
 .text.bg_all_leds_off
                0x08000630        0xe ./Core/Src/binary_game.o
 .text.bg_all_leds_on
                0x0800063e        0xe ./Core/Src/binary_game.o
 .text.bg_buzzer_on
                0x0800064c       0x18 ./Core/Src/binary_game.o
 .text.bg_buzzer_off
                0x08000664       0x18 ./Core/Src/binary_game.o
 .text.bg_beep  0x0800067c       0x2c ./Core/Src/binary_game.o
 .text.bg_buzz_countdown
                0x080006a8       0x40 ./Core/Src/binary_game.o
 .text.bg_buzz_correct
                0x080006e8       0x20 ./Core/Src/binary_game.o
 .text.bg_buzz_wrong
                0x08000708       0x1c ./Core/Src/binary_game.o
 .text.bg_transmit_fmt
                0x08000724       0x1e ./Core/Src/binary_game.o
 *fill*         0x08000742        0x2 
 .text.bg_rand_byte
                0x08000744       0x34 ./Core/Src/binary_game.o
 .text.bg_new_round
                0x08000778      0x134 ./Core/Src/binary_game.o
 .text.BinaryGame_Init
                0x080008ac       0x68 ./Core/Src/binary_game.o
                0x080008ac                BinaryGame_Init
 .text.BinaryGame_GetTarget
                0x08000914       0x18 ./Core/Src/binary_game.o
                0x08000914                BinaryGame_GetTarget
 .text.BinaryGame_GetScore
                0x0800092c       0x18 ./Core/Src/binary_game.o
                0x0800092c                BinaryGame_GetScore
 .text.BinaryGame_GetRound
                0x08000944       0x18 ./Core/Src/binary_game.o
                0x08000944                BinaryGame_GetRound
 .text.BinaryGame_Run
                0x0800095c      0x1b8 ./Core/Src/binary_game.o
                0x0800095c                BinaryGame_Run
 .text.BinaryGame_Reset
                0x08000b14       0x58 ./Core/Src/binary_game.o
                0x08000b14                BinaryGame_Reset
 .text.bg_process_bit
                0x08000b6c       0x74 ./Core/Src/binary_game.o
 .text.BinaryGame_BTN1_Press
                0x08000be0        0xe ./Core/Src/binary_game.o
                0x08000be0                BinaryGame_BTN1_Press
 .text.BinaryGame_BTN2_Press
                0x08000bee        0xe ./Core/Src/binary_game.o
                0x08000bee                BinaryGame_BTN2_Press
 .text.DHT_pinChangeCallBack
                0x08000bfc       0x60 ./Core/Src/dht.o
                0x08000bfc                DHT_pinChangeCallBack
 .text.DHT_delayUs
                0x08000c5c       0x3a ./Core/Src/dht.o
                0x08000c5c                DHT_delayUs
 .text.DHT_output
                0x08000c96       0x3c ./Core/Src/dht.o
                0x08000c96                DHT_output
 .text.DHT_input
                0x08000cd2       0x34 ./Core/Src/dht.o
                0x08000cd2                DHT_input
 .text.DHT_decode
                0x08000d06      0x206 ./Core/Src/dht.o
                0x08000d06                DHT_decode
 .text.DHT_init
                0x08000f0c       0x8c ./Core/Src/dht.o
                0x08000f0c                DHT_init
 .text.DHT_readData
                0x08000f98      0x27e ./Core/Src/dht.o
                0x08000f98                DHT_readData
 *fill*         0x08001216        0x2 
 .text.Process_USB_Command
                0x08001218       0x90 ./Core/Src/main.o
                0x08001218                Process_USB_Command
 .text.BinaryGame_UART_Transmit
                0x080012a8       0x1e ./Core/Src/main.o
                0x080012a8                BinaryGame_UART_Transmit
 *fill*         0x080012c6        0x2 
 .text.set_leds
                0x080012c8       0x80 ./Core/Src/main.o
 .text.all_leds_on
                0x08001348        0xe ./Core/Src/main.o
 .text.all_leds_off
                0x08001356        0xe ./Core/Src/main.o
 .text.main     0x08001364      0xfac ./Core/Src/main.o
                0x08001364                main
 .text.SystemClock_Config
                0x08002310       0xd8 ./Core/Src/main.o
                0x08002310                SystemClock_Config
 .text.MX_ADC1_Init
                0x080023e8       0xa4 ./Core/Src/main.o
 .text.MX_TIM2_Init
                0x0800248c       0x98 ./Core/Src/main.o
 .text.MX_TIM3_Init
                0x08002524       0xa8 ./Core/Src/main.o
 .text.MX_TIM4_Init
                0x080025cc       0xb4 ./Core/Src/main.o
 .text.MX_DMA_Init
                0x08002680       0x40 ./Core/Src/main.o
 .text.MX_GPIO_Init
                0x080026c0      0x138 ./Core/Src/main.o
 .text.HAL_GPIO_EXTI_Callback
                0x080027f8      0x1ac ./Core/Src/main.o
                0x080027f8                HAL_GPIO_EXTI_Callback
 .text.Error_Handler
                0x080029a4        0xc ./Core/Src/main.o
                0x080029a4                Error_Handler
 .text.rg_set_leds
                0x080029b0       0x54 ./Core/Src/rhythm_game.o
 .text.buzzer_correct_perfect
                0x08002a04        0xe ./Core/Src/rhythm_game.o
 .text.buzzer_correct_near
                0x08002a12        0xe ./Core/Src/rhythm_game.o
 .text.buzzer_wrong
                0x08002a20        0xe ./Core/Src/rhythm_game.o
 *fill*         0x08002a2e        0x2 
 .text.rg_calc_beat_ms
                0x08002a30       0x58 ./Core/Src/rhythm_game.o
 .text.rg_play_demo
                0x08002a88       0x7c ./Core/Src/rhythm_game.o
 .text.rg_ready_signal
                0x08002b04       0xe4 ./Core/Src/rhythm_game.o
 .text.rg_compute_errors
                0x08002be8       0x80 ./Core/Src/rhythm_game.o
 .text._abs32   0x08002c68       0x1c ./Core/Src/rhythm_game.o
 .text.rg_classify
                0x08002c84       0x2e ./Core/Src/rhythm_game.o
 *fill*         0x08002cb2        0x2 
 .text.rg_calc_round_score
                0x08002cb4       0xbc ./Core/Src/rhythm_game.o
 .text.rg_show_feedback
                0x08002d70       0xe0 ./Core/Src/rhythm_game.o
 .text.rg_level_up_anim
                0x08002e50       0x94 ./Core/Src/rhythm_game.o
 .text.rg_game_over_anim
                0x08002ee4       0xf4 ./Core/Src/rhythm_game.o
 .text.RhythmGame_UART_Transmit
                0x08002fd8       0x18 ./Core/Src/rhythm_game.o
                0x08002fd8                RhythmGame_UART_Transmit
 .text.rg_send_uart_result
                0x08002ff0      0x148 ./Core/Src/rhythm_game.o
 .text.RhythmGame_Init
                0x08003138       0x44 ./Core/Src/rhythm_game.o
                0x08003138                RhythmGame_Init
 .text.RhythmGame_Reset
                0x0800317c        0xc ./Core/Src/rhythm_game.o
                0x0800317c                RhythmGame_Reset
 .text.RhythmGame_GetLevel
                0x08003188       0x18 ./Core/Src/rhythm_game.o
                0x08003188                RhythmGame_GetLevel
 .text.RhythmGame_BTN1_Tap
                0x080031a0       0x70 ./Core/Src/rhythm_game.o
                0x080031a0                RhythmGame_BTN1_Tap
 .text.RhythmGame_BTN2_Press
                0x08003210       0x18 ./Core/Src/rhythm_game.o
                0x08003210                RhythmGame_BTN2_Press
 .text.RhythmGame_Run
                0x08003228      0x2fc ./Core/Src/rhythm_game.o
                0x08003228                RhythmGame_Run
 .text.HAL_MspInit
                0x08003524       0x50 ./Core/Src/stm32f4xx_hal_msp.o
                0x08003524                HAL_MspInit
 .text.HAL_ADC_MspInit
                0x08003574       0xf0 ./Core/Src/stm32f4xx_hal_msp.o
                0x08003574                HAL_ADC_MspInit
 .text.HAL_TIM_Base_MspInit
                0x08003664       0x40 ./Core/Src/stm32f4xx_hal_msp.o
                0x08003664                HAL_TIM_Base_MspInit
 .text.HAL_TIM_IC_MspInit
                0x080036a4       0xa0 ./Core/Src/stm32f4xx_hal_msp.o
                0x080036a4                HAL_TIM_IC_MspInit
 .text.HAL_TIM_PWM_MspInit
                0x08003744       0x44 ./Core/Src/stm32f4xx_hal_msp.o
                0x08003744                HAL_TIM_PWM_MspInit
 .text.HAL_TIM_MspPostInit
                0x08003788       0x74 ./Core/Src/stm32f4xx_hal_msp.o
                0x08003788                HAL_TIM_MspPostInit
 .text.NMI_Handler
                0x080037fc        0x8 ./Core/Src/stm32f4xx_it.o
                0x080037fc                NMI_Handler
 .text.HardFault_Handler
                0x08003804        0x8 ./Core/Src/stm32f4xx_it.o
                0x08003804                HardFault_Handler
 .text.MemManage_Handler
                0x0800380c        0x8 ./Core/Src/stm32f4xx_it.o
                0x0800380c                MemManage_Handler
 .text.BusFault_Handler
                0x08003814        0x8 ./Core/Src/stm32f4xx_it.o
                0x08003814                BusFault_Handler
 .text.UsageFault_Handler
                0x0800381c        0x8 ./Core/Src/stm32f4xx_it.o
                0x0800381c                UsageFault_Handler
 .text.SVC_Handler
                0x08003824        0xe ./Core/Src/stm32f4xx_it.o
                0x08003824                SVC_Handler
 .text.DebugMon_Handler
                0x08003832        0xe ./Core/Src/stm32f4xx_it.o
                0x08003832                DebugMon_Handler
 .text.PendSV_Handler
                0x08003840        0xe ./Core/Src/stm32f4xx_it.o
                0x08003840                PendSV_Handler
 .text.SysTick_Handler
                0x0800384e        0xc ./Core/Src/stm32f4xx_it.o
                0x0800384e                SysTick_Handler
 .text.EXTI0_IRQHandler
                0x0800385a        0xe ./Core/Src/stm32f4xx_it.o
                0x0800385a                EXTI0_IRQHandler
 .text.EXTI1_IRQHandler
                0x08003868        0xe ./Core/Src/stm32f4xx_it.o
                0x08003868                EXTI1_IRQHandler
 .text.EXTI4_IRQHandler
                0x08003876        0xe ./Core/Src/stm32f4xx_it.o
                0x08003876                EXTI4_IRQHandler
 .text.TIM3_IRQHandler
                0x08003884       0x14 ./Core/Src/stm32f4xx_it.o
                0x08003884                TIM3_IRQHandler
 .text.DMA2_Stream0_IRQHandler
                0x08003898       0x14 ./Core/Src/stm32f4xx_it.o
                0x08003898                DMA2_Stream0_IRQHandler
 .text.OTG_FS_IRQHandler
                0x080038ac       0x14 ./Core/Src/stm32f4xx_it.o
                0x080038ac                OTG_FS_IRQHandler
 .text._sbrk    0x080038c0       0x6c ./Core/Src/sysmem.o
                0x080038c0                _sbrk
 .text.SystemInit
                0x0800392c       0x24 ./Core/Src/system_stm32f4xx.o
                0x0800392c                SystemInit
 .text.Reset_Handler
                0x08003950       0x50 ./Core/Startup/startup_stm32f401ccux.o
                0x08003950                Reset_Handler
 .text.Default_Handler
                0x080039a0        0x2 ./Core/Startup/startup_stm32f401ccux.o
                0x080039a0                RTC_Alarm_IRQHandler
                0x080039a0                EXTI2_IRQHandler
                0x080039a0                SPI4_IRQHandler
                0x080039a0                TIM1_CC_IRQHandler
                0x080039a0                DMA2_Stream5_IRQHandler
                0x080039a0                DMA1_Stream5_IRQHandler
                0x080039a0                PVD_IRQHandler
                0x080039a0                SDIO_IRQHandler
                0x080039a0                TAMP_STAMP_IRQHandler
                0x080039a0                EXTI3_IRQHandler
                0x080039a0                TIM1_UP_TIM10_IRQHandler
                0x080039a0                I2C3_ER_IRQHandler
                0x080039a0                I2C2_EV_IRQHandler
                0x080039a0                DMA1_Stream2_IRQHandler
                0x080039a0                FPU_IRQHandler
                0x080039a0                DMA2_Stream2_IRQHandler
                0x080039a0                SPI1_IRQHandler
                0x080039a0                TIM1_BRK_TIM9_IRQHandler
                0x080039a0                DMA2_Stream3_IRQHandler
                0x080039a0                USART6_IRQHandler
                0x080039a0                TIM4_IRQHandler
                0x080039a0                I2C1_EV_IRQHandler
                0x080039a0                DMA1_Stream6_IRQHandler
                0x080039a0                DMA1_Stream1_IRQHandler
                0x080039a0                RCC_IRQHandler
                0x080039a0                Default_Handler
                0x080039a0                EXTI15_10_IRQHandler
                0x080039a0                ADC_IRQHandler
                0x080039a0                DMA1_Stream7_IRQHandler
                0x080039a0                TIM5_IRQHandler
                0x080039a0                DMA2_Stream7_IRQHandler
                0x080039a0                I2C3_EV_IRQHandler
                0x080039a0                EXTI9_5_IRQHandler
                0x080039a0                RTC_WKUP_IRQHandler
                0x080039a0                SPI2_IRQHandler
                0x080039a0                DMA1_Stream0_IRQHandler
                0x080039a0                WWDG_IRQHandler
                0x080039a0                TIM2_IRQHandler
                0x080039a0                OTG_FS_WKUP_IRQHandler
                0x080039a0                TIM1_TRG_COM_TIM11_IRQHandler
                0x080039a0                USART2_IRQHandler
                0x080039a0                I2C2_ER_IRQHandler
                0x080039a0                DMA2_Stream1_IRQHandler
                0x080039a0                FLASH_IRQHandler
                0x080039a0                DMA2_Stream4_IRQHandler
                0x080039a0                USART1_IRQHandler
                0x080039a0                SPI3_IRQHandler
                0x080039a0                DMA1_Stream4_IRQHandler
                0x080039a0                I2C1_ER_IRQHandler
                0x080039a0                DMA2_Stream6_IRQHandler
                0x080039a0                DMA1_Stream3_IRQHandler
 *fill*         0x080039a2        0x2 
 .text.HAL_Init
                0x080039a4       0x44 ./Drivers/STM32F4xx_HAL_Driver/Src/stm32f4xx_hal.o
                0x080039a4                HAL_Init
 .text.HAL_InitTick
                0x080039e8       0x60 ./Drivers/STM32F4xx_HAL_Driver/Src/stm32f4xx_hal.o
                0x080039e8                HAL_InitTick
 .text.HAL_IncTick
                0x08003a48       0x28 ./Drivers/STM32F4xx_HAL_Driver/Src/stm32f4xx_hal.o
                0x08003a48                HAL_IncTick
 .text.HAL_GetTick
                0x08003a70       0x18 ./Drivers/STM32F4xx_HAL_Driver/Src/stm32f4xx_hal.o
                0x08003a70                HAL_GetTick
 .text.HAL_Delay
                0x08003a88       0x48 ./Drivers/STM32F4xx_HAL_Driver/Src/stm32f4xx_hal.o
                0x08003a88                HAL_Delay
 .text.HAL_ADC_Init
                0x08003ad0       0x86 ./Drivers/STM32F4xx_HAL_Driver/Src/stm32f4xx_hal_adc.o
                0x08003ad0                HAL_ADC_Init
 *fill*         0x08003b56        0x2 
 .text.HAL_ADC_Start_DMA
                0x08003b58      0x1e8 ./Drivers/STM32F4xx_HAL_Driver/Src/stm32f4xx_hal_adc.o
                0x08003b58                HAL_ADC_Start_DMA
 .text.HAL_ADC_ConvCpltCallback
                0x08003d40       0x14 ./Drivers/STM32F4xx_HAL_Driver/Src/stm32f4xx_hal_adc.o
                0x08003d40                HAL_ADC_ConvCpltCallback
 .text.HAL_ADC_ConvHalfCpltCallback
                0x08003d54       0x14 ./Drivers/STM32F4xx_HAL_Driver/Src/stm32f4xx_hal_adc.o
                0x08003d54                HAL_ADC_ConvHalfCpltCallback
 .text.HAL_ADC_ErrorCallback
                0x08003d68       0x14 ./Drivers/STM32F4xx_HAL_Driver/Src/stm32f4xx_hal_adc.o
                0x08003d68                HAL_ADC_ErrorCallback
 .text.HAL_ADC_ConfigChannel
                0x08003d7c      0x244 ./Drivers/STM32F4xx_HAL_Driver/Src/stm32f4xx_hal_adc.o
                0x08003d7c                HAL_ADC_ConfigChannel
 .text.ADC_Init
                0x08003fc0      0x1f8 ./Drivers/STM32F4xx_HAL_Driver/Src/stm32f4xx_hal_adc.o
 .text.ADC_DMAConvCplt
                0x080041b8       0xba ./Drivers/STM32F4xx_HAL_Driver/Src/stm32f4xx_hal_adc.o
 .text.ADC_DMAHalfConvCplt
                0x08004272       0x1c ./Drivers/STM32F4xx_HAL_Driver/Src/stm32f4xx_hal_adc.o
 .text.ADC_DMAError
                0x0800428e       0x2e ./Drivers/STM32F4xx_HAL_Driver/Src/stm32f4xx_hal_adc.o
 .text.__NVIC_SetPriorityGrouping
                0x080042bc       0x48 ./Drivers/STM32F4xx_HAL_Driver/Src/stm32f4xx_hal_cortex.o
 .text.__NVIC_GetPriorityGrouping
                0x08004304       0x1c ./Drivers/STM32F4xx_HAL_Driver/Src/stm32f4xx_hal_cortex.o
 .text.__NVIC_EnableIRQ
                0x08004320       0x3c ./Drivers/STM32F4xx_HAL_Driver/Src/stm32f4xx_hal_cortex.o
 .text.__NVIC_SetPriority
                0x0800435c       0x54 ./Drivers/STM32F4xx_HAL_Driver/Src/stm32f4xx_hal_cortex.o
 .text.NVIC_EncodePriority
                0x080043b0       0x66 ./Drivers/STM32F4xx_HAL_Driver/Src/stm32f4xx_hal_cortex.o
 *fill*         0x08004416        0x2 
 .text.SysTick_Config
                0x08004418       0x44 ./Drivers/STM32F4xx_HAL_Driver/Src/stm32f4xx_hal_cortex.o
 .text.HAL_NVIC_SetPriorityGrouping
                0x0800445c       0x16 ./Drivers/STM32F4xx_HAL_Driver/Src/stm32f4xx_hal_cortex.o
                0x0800445c                HAL_NVIC_SetPriorityGrouping
 .text.HAL_NVIC_SetPriority
                0x08004472       0x38 ./Drivers/STM32F4xx_HAL_Driver/Src/stm32f4xx_hal_cortex.o
                0x08004472                HAL_NVIC_SetPriority
 .text.HAL_NVIC_EnableIRQ
                0x080044aa       0x1c ./Drivers/STM32F4xx_HAL_Driver/Src/stm32f4xx_hal_cortex.o
                0x080044aa                HAL_NVIC_EnableIRQ
 .text.HAL_SYSTICK_Config
                0x080044c6       0x18 ./Drivers/STM32F4xx_HAL_Driver/Src/stm32f4xx_hal_cortex.o
                0x080044c6                HAL_SYSTICK_Config
 *fill*         0x080044de        0x2 
 .text.HAL_DMA_Init
                0x080044e0      0x15c ./Drivers/STM32F4xx_HAL_Driver/Src/stm32f4xx_hal_dma.o
                0x080044e0                HAL_DMA_Init
 .text.HAL_DMA_Start_IT
                0x0800463c       0xb0 ./Drivers/STM32F4xx_HAL_Driver/Src/stm32f4xx_hal_dma.o
                0x0800463c                HAL_DMA_Start_IT
 .text.HAL_DMA_IRQHandler
                0x080046ec      0x314 ./Drivers/STM32F4xx_HAL_Driver/Src/stm32f4xx_hal_dma.o
                0x080046ec                HAL_DMA_IRQHandler
 .text.DMA_SetConfig
                0x08004a00       0x5c ./Drivers/STM32F4xx_HAL_Driver/Src/stm32f4xx_hal_dma.o
 .text.DMA_CalcBaseAndBitshift
                0x08004a5c       0x6c ./Drivers/STM32F4xx_HAL_Driver/Src/stm32f4xx_hal_dma.o
 .text.DMA_CheckFifoParam
                0x08004ac8       0xf8 ./Drivers/STM32F4xx_HAL_Driver/Src/stm32f4xx_hal_dma.o
 .text.HAL_GPIO_Init
                0x08004bc0      0x308 ./Drivers/STM32F4xx_HAL_Driver/Src/stm32f4xx_hal_gpio.o
                0x08004bc0                HAL_GPIO_Init
 .text.HAL_GPIO_WritePin
                0x08004ec8       0x32 ./Drivers/STM32F4xx_HAL_Driver/Src/stm32f4xx_hal_gpio.o
                0x08004ec8                HAL_GPIO_WritePin
 *fill*         0x08004efa        0x2 
 .text.HAL_GPIO_EXTI_IRQHandler
                0x08004efc       0x30 ./Drivers/STM32F4xx_HAL_Driver/Src/stm32f4xx_hal_gpio.o
                0x08004efc                HAL_GPIO_EXTI_IRQHandler
 .text.HAL_PCD_Init
                0x08004f2c      0x21e ./Drivers/STM32F4xx_HAL_Driver/Src/stm32f4xx_hal_pcd.o
                0x08004f2c                HAL_PCD_Init
 .text.HAL_PCD_Start
                0x0800514a       0x6a ./Drivers/STM32F4xx_HAL_Driver/Src/stm32f4xx_hal_pcd.o
                0x0800514a                HAL_PCD_Start
 .text.HAL_PCD_IRQHandler
                0x080051b4      0x942 ./Drivers/STM32F4xx_HAL_Driver/Src/stm32f4xx_hal_pcd.o
                0x080051b4                HAL_PCD_IRQHandler
 .text.HAL_PCD_SetAddress
                0x08005af6       0x48 ./Drivers/STM32F4xx_HAL_Driver/Src/stm32f4xx_hal_pcd.o
                0x08005af6                HAL_PCD_SetAddress
 .text.HAL_PCD_EP_Open
                0x08005b3e       0xd4 ./Drivers/STM32F4xx_HAL_Driver/Src/stm32f4xx_hal_pcd.o
                0x08005b3e                HAL_PCD_EP_Open
 .text.HAL_PCD_EP_Close
                0x08005c12       0x94 ./Drivers/STM32F4xx_HAL_Driver/Src/stm32f4xx_hal_pcd.o
                0x08005c12                HAL_PCD_EP_Close
 .text.HAL_PCD_EP_Receive
                0x08005ca6       0x76 ./Drivers/STM32F4xx_HAL_Driver/Src/stm32f4xx_hal_pcd.o
                0x08005ca6                HAL_PCD_EP_Receive
 .text.HAL_PCD_EP_GetRxCount
                0x08005d1c       0x30 ./Drivers/STM32F4xx_HAL_Driver/Src/stm32f4xx_hal_pcd.o
                0x08005d1c                HAL_PCD_EP_GetRxCount
 .text.HAL_PCD_EP_Transmit
                0x08005d4c       0x74 ./Drivers/STM32F4xx_HAL_Driver/Src/stm32f4xx_hal_pcd.o
                0x08005d4c                HAL_PCD_EP_Transmit
 .text.HAL_PCD_EP_SetStall
                0x08005dc0       0xc6 ./Drivers/STM32F4xx_HAL_Driver/Src/stm32f4xx_hal_pcd.o
                0x08005dc0                HAL_PCD_EP_SetStall
 .text.HAL_PCD_EP_ClrStall
                0x08005e86       0xac ./Drivers/STM32F4xx_HAL_Driver/Src/stm32f4xx_hal_pcd.o
                0x08005e86                HAL_PCD_EP_ClrStall
 .text.HAL_PCD_EP_Abort
                0x08005f32       0x62 ./Drivers/STM32F4xx_HAL_Driver/Src/stm32f4xx_hal_pcd.o
                0x08005f32                HAL_PCD_EP_Abort
 .text.PCD_WriteEmptyTxFifo
                0x08005f94      0x118 ./Drivers/STM32F4xx_HAL_Driver/Src/stm32f4xx_hal_pcd.o
 .text.PCD_EP_OutXfrComplete_int
                0x080060ac      0x1d0 ./Drivers/STM32F4xx_HAL_Driver/Src/stm32f4xx_hal_pcd.o
 .text.PCD_EP_OutSetupPacket_int
                0x0800627c       0x8c ./Drivers/STM32F4xx_HAL_Driver/Src/stm32f4xx_hal_pcd.o
 .text.HAL_PCDEx_SetTxFiFo
                0x08006308       0x8e ./Drivers/STM32F4xx_HAL_Driver/Src/stm32f4xx_hal_pcd_ex.o
                0x08006308                HAL_PCDEx_SetTxFiFo
 .text.HAL_PCDEx_SetRxFiFo
                0x08006396       0x22 ./Drivers/STM32F4xx_HAL_Driver/Src/stm32f4xx_hal_pcd_ex.o
                0x08006396                HAL_PCDEx_SetRxFiFo
 .text.HAL_PCDEx_LPM_Callback
                0x080063b8       0x18 ./Drivers/STM32F4xx_HAL_Driver/Src/stm32f4xx_hal_pcd_ex.o
                0x080063b8                HAL_PCDEx_LPM_Callback
 .text.HAL_RCC_OscConfig
                0x080063d0      0x4f0 ./Drivers/STM32F4xx_HAL_Driver/Src/stm32f4xx_hal_rcc.o
                0x080063d0                HAL_RCC_OscConfig
 .text.HAL_RCC_ClockConfig
                0x080068c0      0x1cc ./Drivers/STM32F4xx_HAL_Driver/Src/stm32f4xx_hal_rcc.o
                0x080068c0                HAL_RCC_ClockConfig
 .text.HAL_RCC_GetSysClockFreq
                0x08006a8c      0x18c ./Drivers/STM32F4xx_HAL_Driver/Src/stm32f4xx_hal_rcc.o
                0x08006a8c                HAL_RCC_GetSysClockFreq
 .text.HAL_RCC_GetHCLKFreq
                0x08006c18       0x18 ./Drivers/STM32F4xx_HAL_Driver/Src/stm32f4xx_hal_rcc.o
                0x08006c18                HAL_RCC_GetHCLKFreq
 .text.HAL_TIM_Base_Init
                0x08006c30       0x9e ./Drivers/STM32F4xx_HAL_Driver/Src/stm32f4xx_hal_tim.o
                0x08006c30                HAL_TIM_Base_Init
 *fill*         0x08006cce        0x2 
 .text.HAL_TIM_Base_Start
                0x08006cd0       0xb4 ./Drivers/STM32F4xx_HAL_Driver/Src/stm32f4xx_hal_tim.o
                0x08006cd0                HAL_TIM_Base_Start
 .text.HAL_TIM_PWM_Init
                0x08006d84       0x9e ./Drivers/STM32F4xx_HAL_Driver/Src/stm32f4xx_hal_tim.o
                0x08006d84                HAL_TIM_PWM_Init
 *fill*         0x08006e22        0x2 
 .text.HAL_TIM_PWM_Start
                0x08006e24      0x160 ./Drivers/STM32F4xx_HAL_Driver/Src/stm32f4xx_hal_tim.o
                0x08006e24                HAL_TIM_PWM_Start
 .text.HAL_TIM_IC_Init
                0x08006f84       0x9e ./Drivers/STM32F4xx_HAL_Driver/Src/stm32f4xx_hal_tim.o
                0x08006f84                HAL_TIM_IC_Init
 *fill*         0x08007022        0x2 
 .text.HAL_TIM_IC_Start
                0x08007024      0x19c ./Drivers/STM32F4xx_HAL_Driver/Src/stm32f4xx_hal_tim.o
                0x08007024                HAL_TIM_IC_Start
 .text.HAL_TIM_IRQHandler
                0x080071c0      0x1e0 ./Drivers/STM32F4xx_HAL_Driver/Src/stm32f4xx_hal_tim.o
                0x080071c0                HAL_TIM_IRQHandler
 .text.HAL_TIM_IC_ConfigChannel
                0x080073a0      0x138 ./Drivers/STM32F4xx_HAL_Driver/Src/stm32f4xx_hal_tim.o
                0x080073a0                HAL_TIM_IC_ConfigChannel
 .text.HAL_TIM_PWM_ConfigChannel
                0x080074d8      0x184 ./Drivers/STM32F4xx_HAL_Driver/Src/stm32f4xx_hal_tim.o
                0x080074d8                HAL_TIM_PWM_ConfigChannel
 .text.HAL_TIM_ConfigClockSource
                0x0800765c      0x18e ./Drivers/STM32F4xx_HAL_Driver/Src/stm32f4xx_hal_tim.o
                0x0800765c                HAL_TIM_ConfigClockSource
 *fill*         0x080077ea        0x2 
 .text.HAL_TIM_ReadCapturedValue
                0x080077ec       0x88 ./Drivers/STM32F4xx_HAL_Driver/Src/stm32f4xx_hal_tim.o
                0x080077ec                HAL_TIM_ReadCapturedValue
 .text.HAL_TIM_PeriodElapsedCallback
                0x08007874       0x14 ./Drivers/STM32F4xx_HAL_Driver/Src/stm32f4xx_hal_tim.o
                0x08007874                HAL_TIM_PeriodElapsedCallback
 .text.HAL_TIM_OC_DelayElapsedCallback
                0x08007888       0x14 ./Drivers/STM32F4xx_HAL_Driver/Src/stm32f4xx_hal_tim.o
                0x08007888                HAL_TIM_OC_DelayElapsedCallback
 .text.HAL_TIM_IC_CaptureCallback
                0x0800789c       0x14 ./Drivers/STM32F4xx_HAL_Driver/Src/stm32f4xx_hal_tim.o
                0x0800789c                HAL_TIM_IC_CaptureCallback
 .text.HAL_TIM_PWM_PulseFinishedCallback
                0x080078b0       0x14 ./Drivers/STM32F4xx_HAL_Driver/Src/stm32f4xx_hal_tim.o
                0x080078b0                HAL_TIM_PWM_PulseFinishedCallback
 .text.HAL_TIM_TriggerCallback
                0x080078c4       0x14 ./Drivers/STM32F4xx_HAL_Driver/Src/stm32f4xx_hal_tim.o
                0x080078c4                HAL_TIM_TriggerCallback
 .text.TIM_Base_SetConfig
                0x080078d8      0x10c ./Drivers/STM32F4xx_HAL_Driver/Src/stm32f4xx_hal_tim.o
                0x080078d8                TIM_Base_SetConfig
 .text.TIM_OC1_SetConfig
                0x080079e4       0xcc ./Drivers/STM32F4xx_HAL_Driver/Src/stm32f4xx_hal_tim.o
 .text.TIM_OC2_SetConfig
                0x08007ab0       0xd8 ./Drivers/STM32F4xx_HAL_Driver/Src/stm32f4xx_hal_tim.o
                0x08007ab0                TIM_OC2_SetConfig
 .text.TIM_OC3_SetConfig
                0x08007b88       0xd4 ./Drivers/STM32F4xx_HAL_Driver/Src/stm32f4xx_hal_tim.o
 .text.TIM_OC4_SetConfig
                0x08007c5c       0xa0 ./Drivers/STM32F4xx_HAL_Driver/Src/stm32f4xx_hal_tim.o
 .text.TIM_TI1_SetConfig
                0x08007cfc       0xd0 ./Drivers/STM32F4xx_HAL_Driver/Src/stm32f4xx_hal_tim.o
                0x08007cfc                TIM_TI1_SetConfig
 .text.TIM_TI1_ConfigInputStage
                0x08007dcc       0x5e ./Drivers/STM32F4xx_HAL_Driver/Src/stm32f4xx_hal_tim.o
 .text.TIM_TI2_SetConfig
                0x08007e2a       0x7a ./Drivers/STM32F4xx_HAL_Driver/Src/stm32f4xx_hal_tim.o
 .text.TIM_TI2_ConfigInputStage
                0x08007ea4       0x60 ./Drivers/STM32F4xx_HAL_Driver/Src/stm32f4xx_hal_tim.o
 .text.TIM_TI3_SetConfig
                0x08007f04       0x78 ./Drivers/STM32F4xx_HAL_Driver/Src/stm32f4xx_hal_tim.o
 .text.TIM_TI4_SetConfig
                0x08007f7c       0x7a ./Drivers/STM32F4xx_HAL_Driver/Src/stm32f4xx_hal_tim.o
 .text.TIM_ITRx_SetConfig
                0x08007ff6       0x36 ./Drivers/STM32F4xx_HAL_Driver/Src/stm32f4xx_hal_tim.o
 .text.TIM_ETR_SetConfig
                0x0800802c       0x40 ./Drivers/STM32F4xx_HAL_Driver/Src/stm32f4xx_hal_tim.o
                0x0800802c                TIM_ETR_SetConfig
 .text.TIM_CCxChannelCmd
                0x0800806c       0x4a ./Drivers/STM32F4xx_HAL_Driver/Src/stm32f4xx_hal_tim.o
                0x0800806c                TIM_CCxChannelCmd
 *fill*         0x080080b6        0x2 
 .text.HAL_TIMEx_MasterConfigSynchronization
                0x080080b8       0xdc ./Drivers/STM32F4xx_HAL_Driver/Src/stm32f4xx_hal_tim_ex.o
                0x080080b8                HAL_TIMEx_MasterConfigSynchronization
 .text.HAL_TIMEx_CommutCallback
                0x08008194       0x14 ./Drivers/STM32F4xx_HAL_Driver/Src/stm32f4xx_hal_tim_ex.o
                0x08008194                HAL_TIMEx_CommutCallback
 .text.HAL_TIMEx_BreakCallback
                0x080081a8       0x14 ./Drivers/STM32F4xx_HAL_Driver/Src/stm32f4xx_hal_tim_ex.o
                0x080081a8                HAL_TIMEx_BreakCallback
 .text.USB_CoreInit
                0x080081bc       0xc8 ./Drivers/STM32F4xx_HAL_Driver/Src/stm32f4xx_ll_usb.o
                0x080081bc                USB_CoreInit
 .text.USB_SetTurnaroundTime
                0x08008284      0x144 ./Drivers/STM32F4xx_HAL_Driver/Src/stm32f4xx_ll_usb.o
                0x08008284                USB_SetTurnaroundTime
 .text.USB_EnableGlobalInt
                0x080083c8       0x22 ./Drivers/STM32F4xx_HAL_Driver/Src/stm32f4xx_ll_usb.o
                0x080083c8                USB_EnableGlobalInt
 .text.USB_DisableGlobalInt
                0x080083ea       0x22 ./Drivers/STM32F4xx_HAL_Driver/Src/stm32f4xx_ll_usb.o
                0x080083ea                USB_DisableGlobalInt
 .text.USB_SetCurrentMode
                0x0800840c       0x98 ./Drivers/STM32F4xx_HAL_Driver/Src/stm32f4xx_ll_usb.o
                0x0800840c                USB_SetCurrentMode
 .text.USB_DevInit
                0x080084a4      0x2c8 ./Drivers/STM32F4xx_HAL_Driver/Src/stm32f4xx_ll_usb.o
                0x080084a4                USB_DevInit
 .text.USB_FlushTxFifo
                0x0800876c       0x64 ./Drivers/STM32F4xx_HAL_Driver/Src/stm32f4xx_ll_usb.o
                0x0800876c                USB_FlushTxFifo
 .text.USB_FlushRxFifo
                0x080087d0       0x5c ./Drivers/STM32F4xx_HAL_Driver/Src/stm32f4xx_ll_usb.o
                0x080087d0                USB_FlushRxFifo
 .text.USB_SetDevSpeed
                0x0800882c       0x32 ./Drivers/STM32F4xx_HAL_Driver/Src/stm32f4xx_ll_usb.o
                0x0800882c                USB_SetDevSpeed
 .text.USB_GetDevSpeed
                0x0800885e       0x4a ./Drivers/STM32F4xx_HAL_Driver/Src/stm32f4xx_ll_usb.o
                0x0800885e                USB_GetDevSpeed
 .text.USB_ActivateEndpoint
                0x080088a8      0x10e ./Drivers/STM32F4xx_HAL_Driver/Src/stm32f4xx_ll_usb.o
                0x080088a8                USB_ActivateEndpoint
 *fill*         0x080089b6        0x2 
 .text.USB_DeactivateEndpoint
                0x080089b8      0x1b8 ./Drivers/STM32F4xx_HAL_Driver/Src/stm32f4xx_ll_usb.o
                0x080089b8                USB_DeactivateEndpoint
 .text.USB_EPStartXfer
                0x08008b70      0x53c ./Drivers/STM32F4xx_HAL_Driver/Src/stm32f4xx_ll_usb.o
                0x08008b70                USB_EPStartXfer
 .text.USB_EPStopXfer
                0x080090ac      0x154 ./Drivers/STM32F4xx_HAL_Driver/Src/stm32f4xx_ll_usb.o
                0x080090ac                USB_EPStopXfer
 .text.USB_WritePacket
                0x08009200       0x7c ./Drivers/STM32F4xx_HAL_Driver/Src/stm32f4xx_ll_usb.o
                0x08009200                USB_WritePacket
 .text.USB_ReadPacket
                0x0800927c       0xb0 ./Drivers/STM32F4xx_HAL_Driver/Src/stm32f4xx_ll_usb.o
                0x0800927c                USB_ReadPacket
 .text.USB_EPSetStall
                0x0800932c       0xdc ./Drivers/STM32F4xx_HAL_Driver/Src/stm32f4xx_ll_usb.o
                0x0800932c                USB_EPSetStall
 .text.USB_EPClearStall
                0x08009408       0xcc ./Drivers/STM32F4xx_HAL_Driver/Src/stm32f4xx_ll_usb.o
                0x08009408                USB_EPClearStall
 .text.USB_SetDevAddress
                0x080094d4       0x4c ./Drivers/STM32F4xx_HAL_Driver/Src/stm32f4xx_ll_usb.o
                0x080094d4                USB_SetDevAddress
 .text.USB_DevConnect
                0x08009520       0x42 ./Drivers/STM32F4xx_HAL_Driver/Src/stm32f4xx_ll_usb.o
                0x08009520                USB_DevConnect
 .text.USB_DevDisconnect
                0x08009562       0x42 ./Drivers/STM32F4xx_HAL_Driver/Src/stm32f4xx_ll_usb.o
                0x08009562                USB_DevDisconnect
 .text.USB_ReadInterrupts
                0x080095a4       0x26 ./Drivers/STM32F4xx_HAL_Driver/Src/stm32f4xx_ll_usb.o
                0x080095a4                USB_ReadInterrupts
 .text.USB_ReadDevAllOutEpInterrupt
                0x080095ca       0x34 ./Drivers/STM32F4xx_HAL_Driver/Src/stm32f4xx_ll_usb.o
                0x080095ca                USB_ReadDevAllOutEpInterrupt
 .text.USB_ReadDevAllInEpInterrupt
                0x080095fe       0x34 ./Drivers/STM32F4xx_HAL_Driver/Src/stm32f4xx_ll_usb.o
                0x080095fe                USB_ReadDevAllInEpInterrupt
 .text.USB_ReadDevOutEPInterrupt
                0x08009632       0x3c ./Drivers/STM32F4xx_HAL_Driver/Src/stm32f4xx_ll_usb.o
                0x08009632                USB_ReadDevOutEPInterrupt
 .text.USB_ReadDevInEPInterrupt
                0x0800966e       0x5c ./Drivers/STM32F4xx_HAL_Driver/Src/stm32f4xx_ll_usb.o
                0x0800966e                USB_ReadDevInEPInterrupt
 .text.USB_GetMode
                0x080096ca       0x1c ./Drivers/STM32F4xx_HAL_Driver/Src/stm32f4xx_ll_usb.o
                0x080096ca                USB_GetMode
 .text.USB_ActivateSetup
                0x080096e6       0x46 ./Drivers/STM32F4xx_HAL_Driver/Src/stm32f4xx_ll_usb.o
                0x080096e6                USB_ActivateSetup
 .text.USB_EP0_OutStart
                0x0800972c       0xbc ./Drivers/STM32F4xx_HAL_Driver/Src/stm32f4xx_ll_usb.o
                0x0800972c                USB_EP0_OutStart
 .text.USB_CoreReset
                0x080097e8       0x70 ./Drivers/STM32F4xx_HAL_Driver/Src/stm32f4xx_ll_usb.o
 .text.USBD_CDC_Init
                0x08009858      0x1f0 ./Middlewares/ST/STM32_USB_Device_Library/Class/CDC/Src/usbd_cdc.o
 .text.USBD_CDC_DeInit
                0x08009a48      0x104 ./Middlewares/ST/STM32_USB_Device_Library/Class/CDC/Src/usbd_cdc.o
 .text.USBD_CDC_Setup
                0x08009b4c      0x1b8 ./Middlewares/ST/STM32_USB_Device_Library/Class/CDC/Src/usbd_cdc.o
 .text.USBD_CDC_DataIn
                0x08009d04       0xfe ./Middlewares/ST/STM32_USB_Device_Library/Class/CDC/Src/usbd_cdc.o
 .text.USBD_CDC_DataOut
                0x08009e02       0x70 ./Middlewares/ST/STM32_USB_Device_Library/Class/CDC/Src/usbd_cdc.o
 .text.USBD_CDC_EP0_RxReady
                0x08009e72       0x74 ./Middlewares/ST/STM32_USB_Device_Library/Class/CDC/Src/usbd_cdc.o
 *fill*         0x08009ee6        0x2 
 .text.USBD_CDC_GetFSCfgDesc
                0x08009ee8       0x70 ./Middlewares/ST/STM32_USB_Device_Library/Class/CDC/Src/usbd_cdc.o
 .text.USBD_CDC_GetHSCfgDesc
                0x08009f58       0x70 ./Middlewares/ST/STM32_USB_Device_Library/Class/CDC/Src/usbd_cdc.o
 .text.USBD_CDC_GetOtherSpeedCfgDesc
                0x08009fc8       0x70 ./Middlewares/ST/STM32_USB_Device_Library/Class/CDC/Src/usbd_cdc.o
 .text.USBD_CDC_GetDeviceQualifierDescriptor
                0x0800a038       0x20 ./Middlewares/ST/STM32_USB_Device_Library/Class/CDC/Src/usbd_cdc.o
                0x0800a038                USBD_CDC_GetDeviceQualifierDescriptor
 .text.USBD_CDC_RegisterInterface
                0x0800a058       0x34 ./Middlewares/ST/STM32_USB_Device_Library/Class/CDC/Src/usbd_cdc.o
                0x0800a058                USBD_CDC_RegisterInterface
 .text.USBD_CDC_SetTxBuffer
                0x0800a08c       0x44 ./Middlewares/ST/STM32_USB_Device_Library/Class/CDC/Src/usbd_cdc.o
                0x0800a08c                USBD_CDC_SetTxBuffer
 .text.USBD_CDC_SetRxBuffer
                0x0800a0d0       0x3a ./Middlewares/ST/STM32_USB_Device_Library/Class/CDC/Src/usbd_cdc.o
                0x0800a0d0                USBD_CDC_SetRxBuffer
 *fill*         0x0800a10a        0x2 
 .text.USBD_CDC_TransmitPacket
                0x0800a10c       0x80 ./Middlewares/ST/STM32_USB_Device_Library/Class/CDC/Src/usbd_cdc.o
                0x0800a10c                USBD_CDC_TransmitPacket
 .text.USBD_CDC_ReceivePacket
                0x0800a18c       0x6c ./Middlewares/ST/STM32_USB_Device_Library/Class/CDC/Src/usbd_cdc.o
                0x0800a18c                USBD_CDC_ReceivePacket
 .text.USBD_Init
                0x0800a1f8       0x60 ./Middlewares/ST/STM32_USB_Device_Library/Core/Src/usbd_core.o
                0x0800a1f8                USBD_Init
 .text.USBD_RegisterClass
                0x0800a258       0x6c ./Middlewares/ST/STM32_USB_Device_Library/Core/Src/usbd_core.o
                0x0800a258                USBD_RegisterClass
 .text.USBD_Start
                0x0800a2c4       0x18 ./Middlewares/ST/STM32_USB_Device_Library/Core/Src/usbd_core.o
                0x0800a2c4                USBD_Start
 .text.USBD_RunTestMode
                0x0800a2dc       0x16 ./Middlewares/ST/STM32_USB_Device_Library/Core/Src/usbd_core.o
                0x0800a2dc                USBD_RunTestMode
 .text.USBD_SetClassConfig
                0x0800a2f2       0x38 ./Middlewares/ST/STM32_USB_Device_Library/Core/Src/usbd_core.o
                0x0800a2f2                USBD_SetClassConfig
 .text.USBD_ClrClassConfig
                0x0800a32a       0x34 ./Middlewares/ST/STM32_USB_Device_Library/Core/Src/usbd_core.o
                0x0800a32a                USBD_ClrClassConfig
 .text.USBD_LL_SetupStage
                0x0800a35e       0xaa ./Middlewares/ST/STM32_USB_Device_Library/Core/Src/usbd_core.o
                0x0800a35e                USBD_LL_SetupStage
 .text.USBD_LL_DataOutStage
                0x0800a408      0x178 ./Middlewares/ST/STM32_USB_Device_Library/Core/Src/usbd_core.o
                0x0800a408                USBD_LL_DataOutStage
 .text.USBD_LL_DataInStage
                0x0800a580      0x176 ./Middlewares/ST/STM32_USB_Device_Library/Core/Src/usbd_core.o
                0x0800a580                USBD_LL_DataInStage
 .text.USBD_LL_Reset
                0x0800a6f6       0xa6 ./Middlewares/ST/STM32_USB_Device_Library/Core/Src/usbd_core.o
                0x0800a6f6                USBD_LL_Reset
 .text.USBD_LL_SetSpeed
                0x0800a79c       0x20 ./Middlewares/ST/STM32_USB_Device_Library/Core/Src/usbd_core.o
                0x0800a79c                USBD_LL_SetSpeed
 .text.USBD_LL_Suspend
                0x0800a7bc       0x38 ./Middlewares/ST/STM32_USB_Device_Library/Core/Src/usbd_core.o
                0x0800a7bc                USBD_LL_Suspend
 .text.USBD_LL_Resume
                0x0800a7f4       0x30 ./Middlewares/ST/STM32_USB_Device_Library/Core/Src/usbd_core.o
                0x0800a7f4                USBD_LL_Resume
 .text.USBD_LL_SOF
                0x0800a824       0x40 ./Middlewares/ST/STM32_USB_Device_Library/Core/Src/usbd_core.o
                0x0800a824                USBD_LL_SOF
 .text.USBD_LL_IsoINIncomplete
                0x0800a864       0x64 ./Middlewares/ST/STM32_USB_Device_Library/Core/Src/usbd_core.o
                0x0800a864                USBD_LL_IsoINIncomplete
 .text.USBD_LL_IsoOUTIncomplete
                0x0800a8c8       0x64 ./Middlewares/ST/STM32_USB_Device_Library/Core/Src/usbd_core.o
                0x0800a8c8                USBD_LL_IsoOUTIncomplete
 .text.USBD_LL_DevConnected
                0x0800a92c       0x16 ./Middlewares/ST/STM32_USB_Device_Library/Core/Src/usbd_core.o
                0x0800a92c                USBD_LL_DevConnected
 .text.USBD_LL_DevDisconnected
                0x0800a942       0x46 ./Middlewares/ST/STM32_USB_Device_Library/Core/Src/usbd_core.o
                0x0800a942                USBD_LL_DevDisconnected
 .text.USBD_CoreFindIF
                0x0800a988       0x1a ./Middlewares/ST/STM32_USB_Device_Library/Core/Src/usbd_core.o
                0x0800a988                USBD_CoreFindIF
 .text.USBD_CoreFindEP
                0x0800a9a2       0x1a ./Middlewares/ST/STM32_USB_Device_Library/Core/Src/usbd_core.o
                0x0800a9a2                USBD_CoreFindEP
 .text.USBD_GetEpDesc
                0x0800a9bc       0x70 ./Middlewares/ST/STM32_USB_Device_Library/Core/Src/usbd_core.o
                0x0800a9bc                USBD_GetEpDesc
 .text.USBD_GetNextDesc
                0x0800aa2c       0x38 ./Middlewares/ST/STM32_USB_Device_Library/Core/Src/usbd_core.o
                0x0800aa2c                USBD_GetNextDesc
 .text.SWAPBYTE
                0x0800aa64       0x3e ./Middlewares/ST/STM32_USB_Device_Library/Core/Src/usbd_ctlreq.o
 *fill*         0x0800aaa2        0x2 
 .text.USBD_StdDevReq
                0x0800aaa4       0xe4 ./Middlewares/ST/STM32_USB_Device_Library/Core/Src/usbd_ctlreq.o
                0x0800aaa4                USBD_StdDevReq
 .text.USBD_StdItfReq
                0x0800ab88       0xd8 ./Middlewares/ST/STM32_USB_Device_Library/Core/Src/usbd_ctlreq.o
                0x0800ab88                USBD_StdItfReq
 .text.USBD_StdEPReq
                0x0800ac60      0x33e ./Middlewares/ST/STM32_USB_Device_Library/Core/Src/usbd_ctlreq.o
                0x0800ac60                USBD_StdEPReq
 *fill*         0x0800af9e        0x2 
 .text.USBD_GetDescriptor
                0x0800afa0      0x2d4 ./Middlewares/ST/STM32_USB_Device_Library/Core/Src/usbd_ctlreq.o
 .text.USBD_SetAddress
                0x0800b274       0x88 ./Middlewares/ST/STM32_USB_Device_Library/Core/Src/usbd_ctlreq.o
 .text.USBD_SetConfig
                0x0800b2fc      0x154 ./Middlewares/ST/STM32_USB_Device_Library/Core/Src/usbd_ctlreq.o
 .text.USBD_GetConfig
                0x0800b450       0x6c ./Middlewares/ST/STM32_USB_Device_Library/Core/Src/usbd_ctlreq.o
 .text.USBD_GetStatus
                0x0800b4bc       0x68 ./Middlewares/ST/STM32_USB_Device_Library/Core/Src/usbd_ctlreq.o
 .text.USBD_SetFeature
                0x0800b524       0x52 ./Middlewares/ST/STM32_USB_Device_Library/Core/Src/usbd_ctlreq.o
 .text.USBD_ClrFeature
                0x0800b576       0x44 ./Middlewares/ST/STM32_USB_Device_Library/Core/Src/usbd_ctlreq.o
 .text.USBD_ParseSetupRequest
                0x0800b5ba       0x74 ./Middlewares/ST/STM32_USB_Device_Library/Core/Src/usbd_ctlreq.o
                0x0800b5ba                USBD_ParseSetupRequest
 .text.USBD_CtlError
                0x0800b62e       0x22 ./Middlewares/ST/STM32_USB_Device_Library/Core/Src/usbd_ctlreq.o
                0x0800b62e                USBD_CtlError
 .text.USBD_GetString
                0x0800b650       0xa4 ./Middlewares/ST/STM32_USB_Device_Library/Core/Src/usbd_ctlreq.o
                0x0800b650                USBD_GetString
 .text.USBD_GetLen
                0x0800b6f4       0x34 ./Middlewares/ST/STM32_USB_Device_Library/Core/Src/usbd_ctlreq.o
 .text.USBD_CtlSendData
                0x0800b728       0x3c ./Middlewares/ST/STM32_USB_Device_Library/Core/Src/usbd_ioreq.o
                0x0800b728                USBD_CtlSendData
 .text.USBD_CtlContinueSendData
                0x0800b764       0x22 ./Middlewares/ST/STM32_USB_Device_Library/Core/Src/usbd_ioreq.o
                0x0800b764                USBD_CtlContinueSendData
 .text.USBD_CtlPrepareRx
                0x0800b786       0x42 ./Middlewares/ST/STM32_USB_Device_Library/Core/Src/usbd_ioreq.o
                0x0800b786                USBD_CtlPrepareRx
 .text.USBD_CtlContinueRx
                0x0800b7c8       0x22 ./Middlewares/ST/STM32_USB_Device_Library/Core/Src/usbd_ioreq.o
                0x0800b7c8                USBD_CtlContinueRx
 .text.USBD_CtlSendStatus
                0x0800b7ea       0x26 ./Middlewares/ST/STM32_USB_Device_Library/Core/Src/usbd_ioreq.o
                0x0800b7ea                USBD_CtlSendStatus
 .text.USBD_CtlReceiveStatus
                0x0800b810       0x26 ./Middlewares/ST/STM32_USB_Device_Library/Core/Src/usbd_ioreq.o
                0x0800b810                USBD_CtlReceiveStatus
 *fill*         0x0800b836        0x2 
 .text.MX_USB_DEVICE_Init
                0x0800b838       0x60 ./USB_DEVICE/App/usb_device.o
                0x0800b838                MX_USB_DEVICE_Init
 .text.CDC_Init_FS
                0x0800b898       0x28 ./USB_DEVICE/App/usbd_cdc_if.o
 .text.CDC_DeInit_FS
                0x0800b8c0       0x10 ./USB_DEVICE/App/usbd_cdc_if.o
 .text.CDC_Control_FS
                0x0800b8d0       0xbc ./USB_DEVICE/App/usbd_cdc_if.o
 .text.CDC_Receive_FS
                0x0800b98c       0x34 ./USB_DEVICE/App/usbd_cdc_if.o
 .text.CDC_Transmit_FS
                0x0800b9c0       0x4c ./USB_DEVICE/App/usbd_cdc_if.o
                0x0800b9c0                CDC_Transmit_FS
 .text.CDC_TransmitCplt_FS
                0x0800ba0c       0x22 ./USB_DEVICE/App/usbd_cdc_if.o
 *fill*         0x0800ba2e        0x2 
 .text.USBD_FS_DeviceDescriptor
                0x0800ba30       0x24 ./USB_DEVICE/App/usbd_desc.o
                0x0800ba30                USBD_FS_DeviceDescriptor
 .text.USBD_FS_LangIDStrDescriptor
                0x0800ba54       0x24 ./USB_DEVICE/App/usbd_desc.o
                0x0800ba54                USBD_FS_LangIDStrDescriptor
 .text.USBD_FS_ProductStrDescriptor
                0x0800ba78       0x3c ./USB_DEVICE/App/usbd_desc.o
                0x0800ba78                USBD_FS_ProductStrDescriptor
 .text.USBD_FS_ManufacturerStrDescriptor
                0x0800bab4       0x28 ./USB_DEVICE/App/usbd_desc.o
                0x0800bab4                USBD_FS_ManufacturerStrDescriptor
 .text.USBD_FS_SerialStrDescriptor
                0x0800badc       0x24 ./USB_DEVICE/App/usbd_desc.o
                0x0800badc                USBD_FS_SerialStrDescriptor
 .text.USBD_FS_ConfigStrDescriptor
                0x0800bb00       0x3c ./USB_DEVICE/App/usbd_desc.o
                0x0800bb00                USBD_FS_ConfigStrDescriptor
 .text.USBD_FS_InterfaceStrDescriptor
                0x0800bb3c       0x3c ./USB_DEVICE/App/usbd_desc.o
                0x0800bb3c                USBD_FS_InterfaceStrDescriptor
 .text.Get_SerialNum
                0x0800bb78       0x58 ./USB_DEVICE/App/usbd_desc.o
 .text.IntToUnicode
                0x0800bbd0       0x7e ./USB_DEVICE/App/usbd_desc.o
 *fill*         0x0800bc4e        0x2 
 .text.HAL_PCD_MspInit
                0x0800bc50       0xa8 ./USB_DEVICE/Target/usbd_conf.o
                0x0800bc50                HAL_PCD_MspInit
 .text.HAL_PCD_SetupStageCallback
                0x0800bcf8       0x24 ./USB_DEVICE/Target/usbd_conf.o
                0x0800bcf8                HAL_PCD_SetupStageCallback
 .text.HAL_PCD_DataOutStageCallback
                0x0800bd1c       0x36 ./USB_DEVICE/Target/usbd_conf.o
                0x0800bd1c                HAL_PCD_DataOutStageCallback
 .text.HAL_PCD_DataInStageCallback
                0x0800bd52       0x34 ./USB_DEVICE/Target/usbd_conf.o
                0x0800bd52                HAL_PCD_DataInStageCallback
 .text.HAL_PCD_SOFCallback
                0x0800bd86       0x1c ./USB_DEVICE/Target/usbd_conf.o
                0x0800bd86                HAL_PCD_SOFCallback
 .text.HAL_PCD_ResetCallback
                0x0800bda2       0x3c ./USB_DEVICE/Target/usbd_conf.o
                0x0800bda2                HAL_PCD_ResetCallback
 *fill*         0x0800bdde        0x2 
 .text.HAL_PCD_SuspendCallback
                0x0800bde0       0x4c ./USB_DEVICE/Target/usbd_conf.o
                0x0800bde0                HAL_PCD_SuspendCallback
 .text.HAL_PCD_ResumeCallback
                0x0800be2c       0x1c ./USB_DEVICE/Target/usbd_conf.o
                0x0800be2c                HAL_PCD_ResumeCallback
 .text.HAL_PCD_ISOOUTIncompleteCallback
                0x0800be48       0x24 ./USB_DEVICE/Target/usbd_conf.o
                0x0800be48                HAL_PCD_ISOOUTIncompleteCallback
 .text.HAL_PCD_ISOINIncompleteCallback
                0x0800be6c       0x24 ./USB_DEVICE/Target/usbd_conf.o
                0x0800be6c                HAL_PCD_ISOINIncompleteCallback
 .text.HAL_PCD_ConnectCallback
                0x0800be90       0x1c ./USB_DEVICE/Target/usbd_conf.o
                0x0800be90                HAL_PCD_ConnectCallback
 .text.HAL_PCD_DisconnectCallback
                0x0800beac       0x1c ./USB_DEVICE/Target/usbd_conf.o
                0x0800beac                HAL_PCD_DisconnectCallback
 .text.USBD_LL_Init
                0x0800bec8       0x98 ./USB_DEVICE/Target/usbd_conf.o
                0x0800bec8                USBD_LL_Init
 .text.USBD_LL_Start
                0x0800bf60       0x36 ./USB_DEVICE/Target/usbd_conf.o
                0x0800bf60                USBD_LL_Start
 .text.USBD_LL_OpenEP
                0x0800bf96       0x4c ./USB_DEVICE/Target/usbd_conf.o
                0x0800bf96                USBD_LL_OpenEP
 .text.USBD_LL_CloseEP
                0x0800bfe2       0x3e ./USB_DEVICE/Target/usbd_conf.o
                0x0800bfe2                USBD_LL_CloseEP
 .text.USBD_LL_StallEP
                0x0800c020       0x3e ./USB_DEVICE/Target/usbd_conf.o
                0x0800c020                USBD_LL_StallEP
 .text.USBD_LL_ClearStallEP
                0x0800c05e       0x3e ./USB_DEVICE/Target/usbd_conf.o
                0x0800c05e                USBD_LL_ClearStallEP
 .text.USBD_LL_IsStallEP
                0x0800c09c       0x58 ./USB_DEVICE/Target/usbd_conf.o
                0x0800c09c                USBD_LL_IsStallEP
 .text.USBD_LL_SetUSBAddress
                0x0800c0f4       0x3e ./USB_DEVICE/Target/usbd_conf.o
                0x0800c0f4                USBD_LL_SetUSBAddress
 .text.USBD_LL_Transmit
                0x0800c132       0x42 ./USB_DEVICE/Target/usbd_conf.o
                0x0800c132                USBD_LL_Transmit
 .text.USBD_LL_PrepareReceive
                0x0800c174       0x42 ./USB_DEVICE/Target/usbd_conf.o
                0x0800c174                USBD_LL_PrepareReceive
 .text.USBD_LL_GetRxDataSize
                0x0800c1b6       0x26 ./USB_DEVICE/Target/usbd_conf.o
                0x0800c1b6                USBD_LL_GetRxDataSize
 .text.USBD_static_malloc
                0x0800c1dc       0x1c ./USB_DEVICE/Target/usbd_conf.o
                0x0800c1dc                USBD_static_malloc
 .text.USBD_static_free
                0x0800c1f8       0x14 ./USB_DEVICE/Target/usbd_conf.o
                0x0800c1f8                USBD_static_free
 .text.USBD_Get_USB_Status
                0x0800c20c       0x58 ./USB_DEVICE/Target/usbd_conf.o
                0x0800c20c                USBD_Get_USB_Status
 .text.atoi     0x0800c264        0x8 C:/ST/STM32CubeIDE_1.18.0/STM32CubeIDE/plugins/com.st.stm32cube.ide.mcu.externaltools.gnu-tools-for-stm32.13.3.rel1.win32_1.0.0.202411081344/tools/bin/../lib/gcc/arm-none-eabi/13.3.1/../../../../arm-none-eabi/lib/thumb/v7e-m+fp/hard\libc_nano.a(libc_a-atoi.o)
                0x0800c264                atoi
 .text._strtol_l.isra.0
                0x0800c26c       0xf4 C:/ST/STM32CubeIDE_1.18.0/STM32CubeIDE/plugins/com.st.stm32cube.ide.mcu.externaltools.gnu-tools-for-stm32.13.3.rel1.win32_1.0.0.202411081344/tools/bin/../lib/gcc/arm-none-eabi/13.3.1/../../../../arm-none-eabi/lib/thumb/v7e-m+fp/hard\libc_nano.a(libc_a-strtol.o)
 .text.strtol   0x0800c360       0x14 C:/ST/STM32CubeIDE_1.18.0/STM32CubeIDE/plugins/com.st.stm32cube.ide.mcu.externaltools.gnu-tools-for-stm32.13.3.rel1.win32_1.0.0.202411081344/tools/bin/../lib/gcc/arm-none-eabi/13.3.1/../../../../arm-none-eabi/lib/thumb/v7e-m+fp/hard\libc_nano.a(libc_a-strtol.o)
                0x0800c360                strtol
 .text.snprintf
                0x0800c374       0x6c C:/ST/STM32CubeIDE_1.18.0/STM32CubeIDE/plugins/com.st.stm32cube.ide.mcu.externaltools.gnu-tools-for-stm32.13.3.rel1.win32_1.0.0.202411081344/tools/bin/../lib/gcc/arm-none-eabi/13.3.1/../../../../arm-none-eabi/lib/thumb/v7e-m+fp/hard\libc_nano.a(libc_a-snprintf.o)
                0x0800c374                sniprintf
                0x0800c374                snprintf
 .text.memset   0x0800c3e0       0x10 C:/ST/STM32CubeIDE_1.18.0/STM32CubeIDE/plugins/com.st.stm32cube.ide.mcu.externaltools.gnu-tools-for-stm32.13.3.rel1.win32_1.0.0.202411081344/tools/bin/../lib/gcc/arm-none-eabi/13.3.1/../../../../arm-none-eabi/lib/thumb/v7e-m+fp/hard\libc_nano.a(libc_a-memset.o)
                0x0800c3e0                memset
 .text.strncmp  0x0800c3f0       0x24 C:/ST/STM32CubeIDE_1.18.0/STM32CubeIDE/plugins/com.st.stm32cube.ide.mcu.externaltools.gnu-tools-for-stm32.13.3.rel1.win32_1.0.0.202411081344/tools/bin/../lib/gcc/arm-none-eabi/13.3.1/../../../../arm-none-eabi/lib/thumb/v7e-m+fp/hard\libc_nano.a(libc_a-strncmp.o)
                0x0800c3f0                strncmp
 .text.__errno  0x0800c414        0xc C:/ST/STM32CubeIDE_1.18.0/STM32CubeIDE/plugins/com.st.stm32cube.ide.mcu.externaltools.gnu-tools-for-stm32.13.3.rel1.win32_1.0.0.202411081344/tools/bin/../lib/gcc/arm-none-eabi/13.3.1/../../../../arm-none-eabi/lib/thumb/v7e-m+fp/hard\libc_nano.a(libc_a-errno.o)
                0x0800c414                __errno
 .text.__libc_init_array
                0x0800c420       0x48 C:/ST/STM32CubeIDE_1.18.0/STM32CubeIDE/plugins/com.st.stm32cube.ide.mcu.externaltools.gnu-tools-for-stm32.13.3.rel1.win32_1.0.0.202411081344/tools/bin/../lib/gcc/arm-none-eabi/13.3.1/../../../../arm-none-eabi/lib/thumb/v7e-m+fp/hard\libc_nano.a(libc_a-init.o)
                0x0800c420                __libc_init_array
 .text.__retarget_lock_acquire_recursive
                0x0800c468        0x2 C:/ST/STM32CubeIDE_1.18.0/STM32CubeIDE/plugins/com.st.stm32cube.ide.mcu.externaltools.gnu-tools-for-stm32.13.3.rel1.win32_1.0.0.202411081344/tools/bin/../lib/gcc/arm-none-eabi/13.3.1/../../../../arm-none-eabi/lib/thumb/v7e-m+fp/hard\libc_nano.a(libc_a-lock.o)
                0x0800c468                __retarget_lock_acquire_recursive
 .text.__retarget_lock_release_recursive
                0x0800c46a        0x2 C:/ST/STM32CubeIDE_1.18.0/STM32CubeIDE/plugins/com.st.stm32cube.ide.mcu.externaltools.gnu-tools-for-stm32.13.3.rel1.win32_1.0.0.202411081344/tools/bin/../lib/gcc/arm-none-eabi/13.3.1/../../../../arm-none-eabi/lib/thumb/v7e-m+fp/hard\libc_nano.a(libc_a-lock.o)
                0x0800c46a                __retarget_lock_release_recursive
 .text._free_r  0x0800c46c       0x94 C:/ST/STM32CubeIDE_1.18.0/STM32CubeIDE/plugins/com.st.stm32cube.ide.mcu.externaltools.gnu-tools-for-stm32.13.3.rel1.win32_1.0.0.202411081344/tools/bin/../lib/gcc/arm-none-eabi/13.3.1/../../../../arm-none-eabi/lib/thumb/v7e-m+fp/hard\libc_nano.a(libc_a-freer.o)
                0x0800c46c                _free_r
 .text.sbrk_aligned
                0x0800c500       0x44 C:/ST/STM32CubeIDE_1.18.0/STM32CubeIDE/plugins/com.st.stm32cube.ide.mcu.externaltools.gnu-tools-for-stm32.13.3.rel1.win32_1.0.0.202411081344/tools/bin/../lib/gcc/arm-none-eabi/13.3.1/../../../../arm-none-eabi/lib/thumb/v7e-m+fp/hard\libc_nano.a(libc_a-mallocr.o)
 .text._malloc_r
                0x0800c544      0x100 C:/ST/STM32CubeIDE_1.18.0/STM32CubeIDE/plugins/com.st.stm32cube.ide.mcu.externaltools.gnu-tools-for-stm32.13.3.rel1.win32_1.0.0.202411081344/tools/bin/../lib/gcc/arm-none-eabi/13.3.1/../../../../arm-none-eabi/lib/thumb/v7e-m+fp/hard\libc_nano.a(libc_a-mallocr.o)
                0x0800c544                _malloc_r
 .text.__malloc_lock
                0x0800c644        0xc C:/ST/STM32CubeIDE_1.18.0/STM32CubeIDE/plugins/com.st.stm32cube.ide.mcu.externaltools.gnu-tools-for-stm32.13.3.rel1.win32_1.0.0.202411081344/tools/bin/../lib/gcc/arm-none-eabi/13.3.1/../../../../arm-none-eabi/lib/thumb/v7e-m+fp/hard\libc_nano.a(libc_a-mlock.o)
                0x0800c644                __malloc_lock
 .text.__malloc_unlock
                0x0800c650        0xc C:/ST/STM32CubeIDE_1.18.0/STM32CubeIDE/plugins/com.st.stm32cube.ide.mcu.externaltools.gnu-tools-for-stm32.13.3.rel1.win32_1.0.0.202411081344/tools/bin/../lib/gcc/arm-none-eabi/13.3.1/../../../../arm-none-eabi/lib/thumb/v7e-m+fp/hard\libc_nano.a(libc_a-mlock.o)
                0x0800c650                __malloc_unlock
 .text.__ssputs_r
                0x0800c65c       0xb6 C:/ST/STM32CubeIDE_1.18.0/STM32CubeIDE/plugins/com.st.stm32cube.ide.mcu.externaltools.gnu-tools-for-stm32.13.3.rel1.win32_1.0.0.202411081344/tools/bin/../lib/gcc/arm-none-eabi/13.3.1/../../../../arm-none-eabi/lib/thumb/v7e-m+fp/hard\libc_nano.a(libc_a-nano-svfprintf.o)
                0x0800c65c                __ssputs_r
 *fill*         0x0800c712        0x2 
 .text._svfprintf_r
                0x0800c714      0x1f8 C:/ST/STM32CubeIDE_1.18.0/STM32CubeIDE/plugins/com.st.stm32cube.ide.mcu.externaltools.gnu-tools-for-stm32.13.3.rel1.win32_1.0.0.202411081344/tools/bin/../lib/gcc/arm-none-eabi/13.3.1/../../../../arm-none-eabi/lib/thumb/v7e-m+fp/hard\libc_nano.a(libc_a-nano-svfprintf.o)
                0x0800c714                _svfiprintf_r
                0x0800c714                _svfprintf_r
 .text._printf_common
                0x0800c90c       0xda C:/ST/STM32CubeIDE_1.18.0/STM32CubeIDE/plugins/com.st.stm32cube.ide.mcu.externaltools.gnu-tools-for-stm32.13.3.rel1.win32_1.0.0.202411081344/tools/bin/../lib/gcc/arm-none-eabi/13.3.1/../../../../arm-none-eabi/lib/thumb/v7e-m+fp/hard\libc_nano.a(libc_a-nano-vfprintf_i.o)
                0x0800c90c                _printf_common
 *fill*         0x0800c9e6        0x2 
 .text._printf_i
                0x0800c9e8      0x23c C:/ST/STM32CubeIDE_1.18.0/STM32CubeIDE/plugins/com.st.stm32cube.ide.mcu.externaltools.gnu-tools-for-stm32.13.3.rel1.win32_1.0.0.202411081344/tools/bin/../lib/gcc/arm-none-eabi/13.3.1/../../../../arm-none-eabi/lib/thumb/v7e-m+fp/hard\libc_nano.a(libc_a-nano-vfprintf_i.o)
                0x0800c9e8                _printf_i
 .text.memmove  0x0800cc24       0x34 C:/ST/STM32CubeIDE_1.18.0/STM32CubeIDE/plugins/com.st.stm32cube.ide.mcu.externaltools.gnu-tools-for-stm32.13.3.rel1.win32_1.0.0.202411081344/tools/bin/../lib/gcc/arm-none-eabi/13.3.1/../../../../arm-none-eabi/lib/thumb/v7e-m+fp/hard\libc_nano.a(libc_a-memmove.o)
                0x0800cc24                memmove
 .text._sbrk_r  0x0800cc58       0x20 C:/ST/STM32CubeIDE_1.18.0/STM32CubeIDE/plugins/com.st.stm32cube.ide.mcu.externaltools.gnu-tools-for-stm32.13.3.rel1.win32_1.0.0.202411081344/tools/bin/../lib/gcc/arm-none-eabi/13.3.1/../../../../arm-none-eabi/lib/thumb/v7e-m+fp/hard\libc_nano.a(libc_a-sbrkr.o)
                0x0800cc58                _sbrk_r
 .text.memcpy   0x0800cc78       0x1c C:/ST/STM32CubeIDE_1.18.0/STM32CubeIDE/plugins/com.st.stm32cube.ide.mcu.externaltools.gnu-tools-for-stm32.13.3.rel1.win32_1.0.0.202411081344/tools/bin/../lib/gcc/arm-none-eabi/13.3.1/../../../../arm-none-eabi/lib/thumb/v7e-m+fp/hard\libc_nano.a(libc_a-memcpy-stub.o)
                0x0800cc78                memcpy
 .text._realloc_r
                0x0800cc94       0x5c C:/ST/STM32CubeIDE_1.18.0/STM32CubeIDE/plugins/com.st.stm32cube.ide.mcu.externaltools.gnu-tools-for-stm32.13.3.rel1.win32_1.0.0.202411081344/tools/bin/../lib/gcc/arm-none-eabi/13.3.1/../../../../arm-none-eabi/lib/thumb/v7e-m+fp/hard\libc_nano.a(libc_a-reallocr.o)
                0x0800cc94                _realloc_r
 .text._malloc_usable_size_r
                0x0800ccf0       0x10 C:/ST/STM32CubeIDE_1.18.0/STM32CubeIDE/plugins/com.st.stm32cube.ide.mcu.externaltools.gnu-tools-for-stm32.13.3.rel1.win32_1.0.0.202411081344/tools/bin/../lib/gcc/arm-none-eabi/13.3.1/../../../../arm-none-eabi/lib/thumb/v7e-m+fp/hard\libc_nano.a(libc_a-msizer.o)
                0x0800ccf0                _malloc_usable_size_r
 *(.glue_7)
 .glue_7        0x0800cd00        0x0 linker stubs
 *(.glue_7t)
 .glue_7t       0x0800cd00        0x0 linker stubs
 *(.eh_frame)
 .eh_frame      0x0800cd00        0x0 C:/ST/STM32CubeIDE_1.18.0/STM32CubeIDE/plugins/com.st.stm32cube.ide.mcu.externaltools.gnu-tools-for-stm32.13.3.rel1.win32_1.0.0.202411081344/tools/bin/../lib/gcc/arm-none-eabi/13.3.1/thumb/v7e-m+fp/hard/crtbegin.o
 *(.init)
 .init          0x0800cd00        0x4 C:/ST/STM32CubeIDE_1.18.0/STM32CubeIDE/plugins/com.st.stm32cube.ide.mcu.externaltools.gnu-tools-for-stm32.13.3.rel1.win32_1.0.0.202411081344/tools/bin/../lib/gcc/arm-none-eabi/13.3.1/thumb/v7e-m+fp/hard/crti.o
                0x0800cd00                _init
 .init          0x0800cd04        0x8 C:/ST/STM32CubeIDE_1.18.0/STM32CubeIDE/plugins/com.st.stm32cube.ide.mcu.externaltools.gnu-tools-for-stm32.13.3.rel1.win32_1.0.0.202411081344/tools/bin/../lib/gcc/arm-none-eabi/13.3.1/thumb/v7e-m+fp/hard/crtn.o
 *(.fini)
 .fini          0x0800cd0c        0x4 C:/ST/STM32CubeIDE_1.18.0/STM32CubeIDE/plugins/com.st.stm32cube.ide.mcu.externaltools.gnu-tools-for-stm32.13.3.rel1.win32_1.0.0.202411081344/tools/bin/../lib/gcc/arm-none-eabi/13.3.1/thumb/v7e-m+fp/hard/crti.o
                0x0800cd0c                _fini
 .fini          0x0800cd10        0x8 C:/ST/STM32CubeIDE_1.18.0/STM32CubeIDE/plugins/com.st.stm32cube.ide.mcu.externaltools.gnu-tools-for-stm32.13.3.rel1.win32_1.0.0.202411081344/tools/bin/../lib/gcc/arm-none-eabi/13.3.1/thumb/v7e-m+fp/hard/crtn.o
                0x0800cd18                        . = ALIGN (0x4)
                0x0800cd18                        _etext = .

.vfp11_veneer   0x0800cd18        0x0
 .vfp11_veneer  0x0800cd18        0x0 linker stubs

.v4_bx          0x0800cd18        0x0
 .v4_bx         0x0800cd18        0x0 linker stubs

.iplt           0x0800cd18        0x0
 .iplt          0x0800cd18        0x0 C:/ST/STM32CubeIDE_1.18.0/STM32CubeIDE/plugins/com.st.stm32cube.ide.mcu.externaltools.gnu-tools-for-stm32.13.3.rel1.win32_1.0.0.202411081344/tools/bin/../lib/gcc/arm-none-eabi/13.3.1/thumb/v7e-m+fp/hard/crtbegin.o

.rodata         0x0800cd18      0x454
                0x0800cd18                        . = ALIGN (0x4)
 *(.rodata)
 .rodata        0x0800cd18       0xac ./Core/Src/binary_game.o
 .rodata        0x0800cdc4       0xcf ./Core/Src/main.o
 *fill*         0x0800ce93        0x1 
 .rodata        0x0800ce94       0x6b ./Core/Src/rhythm_game.o
 *fill*         0x0800ceff        0x1 
 .rodata        0x0800cf00       0x46 ./USB_DEVICE/App/usbd_desc.o
 *(.rodata*)
 *fill*         0x0800cf46        0x2 
 .rodata._leds  0x0800cf48       0x40 ./Core/Src/binary_game.o
 .rodata.leds   0x0800cf88       0x40 ./Core/Src/main.o
 .rodata.pat.2  0x0800cfc8        0xe ./Core/Src/main.o
 *fill*         0x0800cfd6        0x2 
 .rodata._leds  0x0800cfd8       0x40 ./Core/Src/rhythm_game.o
 .rodata.LEVEL_LEN
                0x0800d018        0x5 ./Core/Src/rhythm_game.o
 *fill*         0x0800d01d        0x3 
 .rodata.AHBPrescTable
                0x0800d020       0x10 ./Core/Src/system_stm32f4xx.o
                0x0800d020                AHBPrescTable
 .rodata.flagBitshiftOffset.0
                0x0800d030        0x8 ./Drivers/STM32F4xx_HAL_Driver/Src/stm32f4xx_hal_dma.o
 .rodata._ctype_
                0x0800d038      0x101 C:/ST/STM32CubeIDE_1.18.0/STM32CubeIDE/plugins/com.st.stm32cube.ide.mcu.externaltools.gnu-tools-for-stm32.13.3.rel1.win32_1.0.0.202411081344/tools/bin/../lib/gcc/arm-none-eabi/13.3.1/../../../../arm-none-eabi/lib/thumb/v7e-m+fp/hard\libc_nano.a(libc_a-ctype_.o)
                0x0800d038                _ctype_
 .rodata._svfprintf_r.str1.1
                0x0800d139       0x33 C:/ST/STM32CubeIDE_1.18.0/STM32CubeIDE/plugins/com.st.stm32cube.ide.mcu.externaltools.gnu-tools-for-stm32.13.3.rel1.win32_1.0.0.202411081344/tools/bin/../lib/gcc/arm-none-eabi/13.3.1/../../../../arm-none-eabi/lib/thumb/v7e-m+fp/hard\libc_nano.a(libc_a-nano-svfprintf.o)
                                 0x11 (size before relaxing)
 .rodata._printf_i.str1.1
                0x0800d16c       0x22 C:/ST/STM32CubeIDE_1.18.0/STM32CubeIDE/plugins/com.st.stm32cube.ide.mcu.externaltools.gnu-tools-for-stm32.13.3.rel1.win32_1.0.0.202411081344/tools/bin/../lib/gcc/arm-none-eabi/13.3.1/../../../../arm-none-eabi/lib/thumb/v7e-m+fp/hard\libc_nano.a(libc_a-nano-vfprintf_i.o)
                0x0800d190                        . = ALIGN (0x4)

.ARM.extab      0x0800d16c        0x0
                0x0800d16c                        . = ALIGN (0x4)
 *(.ARM.extab* .gnu.linkonce.armextab.*)
                0x0800d16c                        . = ALIGN (0x4)

.ARM            0x0800d16c        0x8
                0x0800d16c                        . = ALIGN (0x4)
                0x0800d16c                        __exidx_start = .
 *(.ARM.exidx*)
 .ARM.exidx     0x0800d16c        0x8 C:/ST/STM32CubeIDE_1.18.0/STM32CubeIDE/plugins/com.st.stm32cube.ide.mcu.externaltools.gnu-tools-for-stm32.13.3.rel1.win32_1.0.0.202411081344/tools/bin/../lib/gcc/arm-none-eabi/13.3.1/../../../../arm-none-eabi/lib/thumb/v7e-m+fp/hard\libc_nano.a(libc_a-strcmp.o)
 .ARM.exidx     0x0800d174        0x0 C:/ST/STM32CubeIDE_1.18.0/STM32CubeIDE/plugins/com.st.stm32cube.ide.mcu.externaltools.gnu-tools-for-stm32.13.3.rel1.win32_1.0.0.202411081344/tools/bin/../lib/gcc/arm-none-eabi/13.3.1/../../../../arm-none-eabi/lib/thumb/v7e-m+fp/hard\libc_nano.a(libc_a-memchr.o)
                                  0x8 (size before relaxing)
 .ARM.exidx     0x0800d174        0x0 C:/ST/STM32CubeIDE_1.18.0/STM32CubeIDE/plugins/com.st.stm32cube.ide.mcu.externaltools.gnu-tools-for-stm32.13.3.rel1.win32_1.0.0.202411081344/tools/bin/../lib/gcc/arm-none-eabi/13.3.1/thumb/v7e-m+fp/hard\libgcc.a(_udivmoddi4.o)
                                  0x8 (size before relaxing)
                0x0800d174                        __exidx_end = .
                0x0800d174                        . = ALIGN (0x4)

.preinit_array  0x0800d174        0x0
                0x0800d174                        . = ALIGN (0x4)
                0x0800d174                        PROVIDE (__preinit_array_start = .)
 *(.preinit_array*)
                0x0800d174                        PROVIDE (__preinit_array_end = .)
                0x0800d174                        . = ALIGN (0x4)

.init_array     0x0800d174        0x4
                0x0800d174                        . = ALIGN (0x4)
                0x0800d174                        PROVIDE (__init_array_start = .)
 *(SORT_BY_NAME(.init_array.*))
 *(.init_array*)
 .init_array    0x0800d174        0x4 C:/ST/STM32CubeIDE_1.18.0/STM32CubeIDE/plugins/com.st.stm32cube.ide.mcu.externaltools.gnu-tools-for-stm32.13.3.rel1.win32_1.0.0.202411081344/tools/bin/../lib/gcc/arm-none-eabi/13.3.1/thumb/v7e-m+fp/hard/crtbegin.o
                0x0800d178                        PROVIDE (__init_array_end = .)
                0x0800d178                        . = ALIGN (0x4)

.fini_array     0x0800d178        0x4
                0x0800d178                        . = ALIGN (0x4)
                [!provide]                        PROVIDE (__fini_array_start = .)
 *(SORT_BY_NAME(.fini_array.*))
 *(.fini_array*)
 .fini_array    0x0800d178        0x4 C:/ST/STM32CubeIDE_1.18.0/STM32CubeIDE/plugins/com.st.stm32cube.ide.mcu.externaltools.gnu-tools-for-stm32.13.3.rel1.win32_1.0.0.202411081344/tools/bin/../lib/gcc/arm-none-eabi/13.3.1/thumb/v7e-m+fp/hard/crtbegin.o
                [!provide]                        PROVIDE (__fini_array_end = .)
                0x0800d17c                        . = ALIGN (0x4)
                0x0800d17c                        _sidata = LOADADDR (.data)

.rel.dyn        0x0800d17c        0x0
 .rel.iplt      0x0800d17c        0x0 C:/ST/STM32CubeIDE_1.18.0/STM32CubeIDE/plugins/com.st.stm32cube.ide.mcu.externaltools.gnu-tools-for-stm32.13.3.rel1.win32_1.0.0.202411081344/tools/bin/../lib/gcc/arm-none-eabi/13.3.1/thumb/v7e-m+fp/hard/crtbegin.o

.data           0x20000000      0x150 load address 0x0800d17c
                0x20000000                        . = ALIGN (0x4)
                0x20000000                        _sdata = .
 *(.data)
 *(.data*)
 .data.current_mode
                0x20000000        0x1 ./Core/Src/main.o
                0x20000000                current_mode
 *fill*         0x20000001        0x3 
 .data.SystemCoreClock
                0x20000004        0x4 ./Core/Src/system_stm32f4xx.o
                0x20000004                SystemCoreClock
 .data.uwTickPrio
                0x20000008        0x4 ./Drivers/STM32F4xx_HAL_Driver/Src/stm32f4xx_hal.o
                0x20000008                uwTickPrio
 .data.uwTickFreq
                0x2000000c        0x1 ./Drivers/STM32F4xx_HAL_Driver/Src/stm32f4xx_hal.o
                0x2000000c                uwTickFreq
 *fill*         0x2000000d        0x3 
 .data.USBD_CDC_DeviceQualifierDesc
                0x20000010        0xa ./Middlewares/ST/STM32_USB_Device_Library/Class/CDC/Src/usbd_cdc.o
 *fill*         0x2000001a        0x2 
 .data.USBD_CDC
                0x2000001c       0x38 ./Middlewares/ST/STM32_USB_Device_Library/Class/CDC/Src/usbd_cdc.o
                0x2000001c                USBD_CDC
 .data.USBD_CDC_CfgDesc
                0x20000054       0x43 ./Middlewares/ST/STM32_USB_Device_Library/Class/CDC/Src/usbd_cdc.o
 .data.CDCInEpAdd
                0x20000097        0x1 ./Middlewares/ST/STM32_USB_Device_Library/Class/CDC/Src/usbd_cdc.o
 .data.CDCOutEpAdd
                0x20000098        0x1 ./Middlewares/ST/STM32_USB_Device_Library/Class/CDC/Src/usbd_cdc.o
 .data.CDCCmdEpAdd
                0x20000099        0x1 ./Middlewares/ST/STM32_USB_Device_Library/Class/CDC/Src/usbd_cdc.o
 *fill*         0x2000009a        0x2 
 .data.USBD_Interface_fops_FS
                0x2000009c       0x14 ./USB_DEVICE/App/usbd_cdc_if.o
                0x2000009c                USBD_Interface_fops_FS
 .data.FS_Desc  0x200000b0       0x1c ./USB_DEVICE/App/usbd_desc.o
                0x200000b0                FS_Desc
 .data.USBD_FS_DeviceDesc
                0x200000cc       0x12 ./USB_DEVICE/App/usbd_desc.o
                0x200000cc                USBD_FS_DeviceDesc
 *fill*         0x200000de        0x2 
 .data.USBD_LangIDDesc
                0x200000e0        0x4 ./USB_DEVICE/App/usbd_desc.o
                0x200000e0                USBD_LangIDDesc
 .data.USBD_StringSerial
                0x200000e4       0x1a ./USB_DEVICE/App/usbd_desc.o
                0x200000e4                USBD_StringSerial
 *fill*         0x200000fe        0x2 
 .data._impure_ptr
                0x20000100        0x4 C:/ST/STM32CubeIDE_1.18.0/STM32CubeIDE/plugins/com.st.stm32cube.ide.mcu.externaltools.gnu-tools-for-stm32.13.3.rel1.win32_1.0.0.202411081344/tools/bin/../lib/gcc/arm-none-eabi/13.3.1/../../../../arm-none-eabi/lib/thumb/v7e-m+fp/hard\libc_nano.a(libc_a-impure.o)
                0x20000100                _impure_ptr
 .data._impure_data
                0x20000104       0x4c C:/ST/STM32CubeIDE_1.18.0/STM32CubeIDE/plugins/com.st.stm32cube.ide.mcu.externaltools.gnu-tools-for-stm32.13.3.rel1.win32_1.0.0.202411081344/tools/bin/../lib/gcc/arm-none-eabi/13.3.1/../../../../arm-none-eabi/lib/thumb/v7e-m+fp/hard\libc_nano.a(libc_a-impure.o)
                0x20000104                _impure_data
 *(.RamFunc)
 *(.RamFunc*)
                0x20000150                        . = ALIGN (0x4)
                0x20000150                        _edata = .

.igot.plt       0x20000150        0x0 load address 0x0800d2cc
 .igot.plt      0x20000150        0x0 C:/ST/STM32CubeIDE_1.18.0/STM32CubeIDE/plugins/com.st.stm32cube.ide.mcu.externaltools.gnu-tools-for-stm32.13.3.rel1.win32_1.0.0.202411081344/tools/bin/../lib/gcc/arm-none-eabi/13.3.1/thumb/v7e-m+fp/hard/crtbegin.o
                0x20000150                        . = ALIGN (0x4)

.bss            0x20000150     0x1878 load address 0x0800d2cc
                0x20000150                        _sbss = .
                0x20000150                        __bss_start__ = _sbss
 *(.bss)
 .bss           0x20000150       0x1c C:/ST/STM32CubeIDE_1.18.0/STM32CubeIDE/plugins/com.st.stm32cube.ide.mcu.externaltools.gnu-tools-for-stm32.13.3.rel1.win32_1.0.0.202411081344/tools/bin/../lib/gcc/arm-none-eabi/13.3.1/thumb/v7e-m+fp/hard/crtbegin.o
 *(.bss*)
 .bss.bg_target
                0x2000016c        0x1 ./Core/Src/binary_game.o
 .bss.bg_input  0x2000016d        0x1 ./Core/Src/binary_game.o
 .bss.bg_bit_count
                0x2000016e        0x1 ./Core/Src/binary_game.o
 .bss.bg_score  0x2000016f        0x1 ./Core/Src/binary_game.o
 .bss.bg_round  0x20000170        0x1 ./Core/Src/binary_game.o
 *fill*         0x20000171        0x3 
 .bss.bg_rng    0x20000174        0x4 ./Core/Src/binary_game.o
 .bss.bg_session_done
                0x20000178        0x1 ./Core/Src/binary_game.o
                0x20000178                bg_session_done
 .bss.bg_process_pending
                0x20000179        0x1 ./Core/Src/binary_game.o
                0x20000179                bg_process_pending
 *fill*         0x2000017a        0x2 
 .bss.hadc1     0x2000017c       0x48 ./Core/Src/main.o
                0x2000017c                hadc1
 .bss.hdma_adc1
                0x200001c4       0x60 ./Core/Src/main.o
                0x200001c4                hdma_adc1
 .bss.htim2     0x20000224       0x48 ./Core/Src/main.o
                0x20000224                htim2
 .bss.htim3     0x2000026c       0x48 ./Core/Src/main.o
                0x2000026c                htim3
 .bss.htim4     0x200002b4       0x48 ./Core/Src/main.o
                0x200002b4                htim4
 .bss.btn1_flag
                0x200002fc        0x1 ./Core/Src/main.o
                0x200002fc                btn1_flag
 .bss.btn2_flag
                0x200002fd        0x1 ./Core/Src/main.o
                0x200002fd                btn2_flag
 *fill*         0x200002fe        0x2 
 .bss.btn1_last_tick
                0x20000300        0x4 ./Core/Src/main.o
                0x20000300                btn1_last_tick
 .bss.btn2_last_tick
                0x20000304        0x4 ./Core/Src/main.o
                0x20000304                btn2_last_tick
 .bss.servo_last_tick
                0x20000308        0x4 ./Core/Src/main.o
                0x20000308                servo_last_tick
 .bss.servo_step
                0x2000030c        0x1 ./Core/Src/main.o
                0x2000030c                servo_step
 .bss.hcsr04_state
                0x2000030d        0x1 ./Core/Src/main.o
                0x2000030d                hcsr04_state
 *fill*         0x2000030e        0x2 
 .bss.hcsr04_last_tick
                0x20000310        0x4 ./Core/Src/main.o
                0x20000310                hcsr04_last_tick
 .bss.hcsr04_trig_start
                0x20000314        0x2 ./Core/Src/main.o
                0x20000314                hcsr04_trig_start
 .bss.hcsr04_ic_val1
                0x20000316        0x2 ./Core/Src/main.o
                0x20000316                hcsr04_ic_val1
 .bss.hcsr04_ic_val2
                0x20000318        0x2 ./Core/Src/main.o
                0x20000318                hcsr04_ic_val2
 *fill*         0x2000031a        0x2 
 .bss.distance_cm
                0x2000031c        0x4 ./Core/Src/main.o
                0x2000031c                distance_cm
 .bss.shift_pos
                0x20000320        0x1 ./Core/Src/main.o
                0x20000320                shift_pos
 *fill*         0x20000321        0x3 
 .bss.counter_value
                0x20000324        0x4 ./Core/Src/main.o
                0x20000324                counter_value
 .bss.counter_phase
                0x20000328        0x1 ./Core/Src/main.o
                0x20000328                counter_phase
 *fill*         0x20000329        0x3 
 .bss.adc_dma_val
                0x2000032c        0x4 ./Core/Src/main.o
                0x2000032c                adc_dma_val
 .bss.led_count
                0x20000330        0x4 ./Core/Src/main.o
                0x20000330                led_count
 .bss.current_led_mask
                0x20000334        0x1 ./Core/Src/main.o
                0x20000334                current_led_mask
 .bss.train_step
                0x20000335        0x1 ./Core/Src/main.o
                0x20000335                train_step
 .bss.binary_count
                0x20000336        0x1 ./Core/Src/main.o
                0x20000336                binary_count
 .bss.mode6_step
                0x20000337        0x1 ./Core/Src/main.o
                0x20000337                mode6_step
 .bss.mode6_pattern
                0x20000338        0x1 ./Core/Src/main.o
                0x20000338                mode6_pattern
 .bss.simultaneous_flag
                0x20000339        0x1 ./Core/Src/main.o
                0x20000339                simultaneous_flag
 .bss.game_lobby
                0x2000033a        0x1 ./Core/Src/main.o
                0x2000033a                game_lobby
 .bss.game_start_pending
                0x2000033b        0x1 ./Core/Src/main.o
                0x2000033b                game_start_pending
 .bss.btn2_first_click_pending
                0x2000033c        0x1 ./Core/Src/main.o
                0x2000033c                btn2_first_click_pending
 *fill*         0x2000033d        0x3 
 .bss.btn2_first_click_tick
                0x20000340        0x4 ./Core/Src/main.o
                0x20000340                btn2_first_click_tick
 .bss.dht11     0x20000344       0x78 ./Core/Src/main.o
                0x20000344                dht11
 .bss.dht11_temp
                0x200003bc        0x4 ./Core/Src/main.o
                0x200003bc                dht11_temp
 .bss.dht11_hum
                0x200003c0        0x4 ./Core/Src/main.o
                0x200003c0                dht11_hum
 .bss.dht11_last_tick
                0x200003c4        0x4 ./Core/Src/main.o
                0x200003c4                dht11_last_tick
 .bss.usb_cmd_ready
                0x200003c8        0x1 ./Core/Src/main.o
                0x200003c8                usb_cmd_ready
 *fill*         0x200003c9        0x3 
 .bss.usb_cmd_buffer
                0x200003cc       0x40 ./Core/Src/main.o
                0x200003cc                usb_cmd_buffer
 .bss.web_force_led_mode
                0x2000040c        0x1 ./Core/Src/main.o
                0x2000040c                web_force_led_mode
 *fill*         0x2000040d        0x3 
 .bss.idx.6     0x20000410        0x4 ./Core/Src/main.o
 .bss.f_dist.5  0x20000414        0x4 ./Core/Src/main.o
 .bss.mode_last_tick.4
                0x20000418        0x4 ./Core/Src/main.o
 .bss.filtered_adc.3
                0x2000041c        0x4 ./Core/Src/main.o
 .bss.servo_adc_filtered.1
                0x20000420        0x4 ./Core/Src/main.o
 .bss.usb_last_tick.0
                0x20000424        0x4 ./Core/Src/main.o
 .bss.rg        0x20000428       0x68 ./Core/Src/rhythm_game.o
                0x20000428                rg
 .bss.rg_btn2_flag
                0x20000490        0x1 ./Core/Src/rhythm_game.o
 .bss.rg_session_done
                0x20000491        0x1 ./Core/Src/rhythm_game.o
                0x20000491                rg_session_done
 *fill*         0x20000492        0x2 
 .bss.__sbrk_heap_end
                0x20000494        0x4 ./Core/Src/sysmem.o
 .bss.uwTick    0x20000498        0x4 ./Drivers/STM32F4xx_HAL_Driver/Src/stm32f4xx_hal.o
                0x20000498                uwTick
 .bss.cfgidx.0  0x2000049c        0x1 ./Middlewares/ST/STM32_USB_Device_Library/Core/Src/usbd_ctlreq.o
 *fill*         0x2000049d        0x3 
 .bss.hUsbDeviceFS
                0x200004a0      0x2dc ./USB_DEVICE/App/usb_device.o
                0x200004a0                hUsbDeviceFS
 .bss.UserRxBufferFS
                0x2000077c      0x400 ./USB_DEVICE/App/usbd_cdc_if.o
                0x2000077c                UserRxBufferFS
 .bss.UserTxBufferFS
                0x20000b7c      0x400 ./USB_DEVICE/App/usbd_cdc_if.o
                0x20000b7c                UserTxBufferFS
 .bss.USBD_StrDesc
                0x20000f7c      0x200 ./USB_DEVICE/App/usbd_desc.o
                0x20000f7c                USBD_StrDesc
 .bss.hpcd_USB_OTG_FS
                0x2000117c      0x4e4 ./USB_DEVICE/Target/usbd_conf.o
                0x2000117c                hpcd_USB_OTG_FS
 .bss.mem.0     0x20001660      0x220 ./USB_DEVICE/Target/usbd_conf.o
 .bss.__sf      0x20001880      0x138 C:/ST/STM32CubeIDE_1.18.0/STM32CubeIDE/plugins/com.st.stm32cube.ide.mcu.externaltools.gnu-tools-for-stm32.13.3.rel1.win32_1.0.0.202411081344/tools/bin/../lib/gcc/arm-none-eabi/13.3.1/../../../../arm-none-eabi/lib/thumb/v7e-m+fp/hard\libc_nano.a(libc_a-findfp.o)
                0x20001880                __sf
 .bss.errno     0x200019b8        0x4 C:/ST/STM32CubeIDE_1.18.0/STM32CubeIDE/plugins/com.st.stm32cube.ide.mcu.externaltools.gnu-tools-for-stm32.13.3.rel1.win32_1.0.0.202411081344/tools/bin/../lib/gcc/arm-none-eabi/13.3.1/../../../../arm-none-eabi/lib/thumb/v7e-m+fp/hard\libc_nano.a(libc_a-reent.o)
                0x200019b8                errno
 .bss.__lock___malloc_recursive_mutex
                0x200019bc        0x1 C:/ST/STM32CubeIDE_1.18.0/STM32CubeIDE/plugins/com.st.stm32cube.ide.mcu.externaltools.gnu-tools-for-stm32.13.3.rel1.win32_1.0.0.202411081344/tools/bin/../lib/gcc/arm-none-eabi/13.3.1/../../../../arm-none-eabi/lib/thumb/v7e-m+fp/hard\libc_nano.a(libc_a-lock.o)
                0x200019bc                __lock___malloc_recursive_mutex
 *fill*         0x200019bd        0x3 
 .bss.__malloc_sbrk_start
                0x200019c0        0x4 C:/ST/STM32CubeIDE_1.18.0/STM32CubeIDE/plugins/com.st.stm32cube.ide.mcu.externaltools.gnu-tools-for-stm32.13.3.rel1.win32_1.0.0.202411081344/tools/bin/../lib/gcc/arm-none-eabi/13.3.1/../../../../arm-none-eabi/lib/thumb/v7e-m+fp/hard\libc_nano.a(libc_a-mallocr.o)
                0x200019c0                __malloc_sbrk_start
 .bss.__malloc_free_list
                0x200019c4        0x4 C:/ST/STM32CubeIDE_1.18.0/STM32CubeIDE/plugins/com.st.stm32cube.ide.mcu.externaltools.gnu-tools-for-stm32.13.3.rel1.win32_1.0.0.202411081344/tools/bin/../lib/gcc/arm-none-eabi/13.3.1/../../../../arm-none-eabi/lib/thumb/v7e-m+fp/hard\libc_nano.a(libc_a-mallocr.o)
                0x200019c4                __malloc_free_list
 *(COMMON)
                0x200019c8                        . = ALIGN (0x4)
                0x200019c8                        _ebss = .
                0x200019c8                        __bss_end__ = _ebss

._user_heap_stack
                0x200019c8      0xc00 load address 0x0800d2cc
                0x200019c8                        . = ALIGN (0x8)
                [!provide]                        PROVIDE (end = .)
                0x200019c8                        PROVIDE (_end = .)
                0x20001fc8                        . = (. + _Min_Heap_Size)
 *fill*         0x200019c8      0x600 
                0x200025c8                        . = (. + _Min_Stack_Size)
 *fill*         0x20001fc8      0x600 
                0x200025c8                        . = ALIGN (0x8)

/DISCARD/
 libc.a(*)
 libm.a(*)
 libgcc.a(*)

.ARM.attributes
                0x00000000       0x30
 *(.ARM.attributes)
 .ARM.attributes
                0x00000000       0x22 C:/ST/STM32CubeIDE_1.18.0/STM32CubeIDE/plugins/com.st.stm32cube.ide.mcu.externaltools.gnu-tools-for-stm32.13.3.rel1.win32_1.0.0.202411081344/tools/bin/../lib/gcc/arm-none-eabi/13.3.1/thumb/v7e-m+fp/hard/crti.o
 .ARM.attributes
                0x00000022       0x34 C:/ST/STM32CubeIDE_1.18.0/STM32CubeIDE/plugins/com.st.stm32cube.ide.mcu.externaltools.gnu-tools-for-stm32.13.3.rel1.win32_1.0.0.202411081344/tools/bin/../lib/gcc/arm-none-eabi/13.3.1/thumb/v7e-m+fp/hard/crtbegin.o
 .ARM.attributes
                0x00000056       0x34 ./Core/Src/binary_game.o
 .ARM.attributes
                0x0000008a       0x34 ./Core/Src/dht.o
 .ARM.attributes
                0x000000be       0x34 ./Core/Src/main.o
 .ARM.attributes
                0x000000f2       0x34 ./Core/Src/rhythm_game.o
 .ARM.attributes
                0x00000126       0x34 ./Core/Src/stm32f4xx_hal_msp.o
 .ARM.attributes
                0x0000015a       0x34 ./Core/Src/stm32f4xx_it.o
 .ARM.attributes
                0x0000018e       0x34 ./Core/Src/sysmem.o
 .ARM.attributes
                0x000001c2       0x34 ./Core/Src/system_stm32f4xx.o
 .ARM.attributes
                0x000001f6       0x21 ./Core/Startup/startup_stm32f401ccux.o
 .ARM.attributes
                0x00000217       0x34 ./Drivers/STM32F4xx_HAL_Driver/Src/stm32f4xx_hal.o
 .ARM.attributes
                0x0000024b       0x34 ./Drivers/STM32F4xx_HAL_Driver/Src/stm32f4xx_hal_adc.o
 .ARM.attributes
                0x0000027f       0x34 ./Drivers/STM32F4xx_HAL_Driver/Src/stm32f4xx_hal_cortex.o
 .ARM.attributes
                0x000002b3       0x34 ./Drivers/STM32F4xx_HAL_Driver/Src/stm32f4xx_hal_dma.o
 .ARM.attributes
                0x000002e7       0x34 ./Drivers/STM32F4xx_HAL_Driver/Src/stm32f4xx_hal_gpio.o
 .ARM.attributes
                0x0000031b       0x34 ./Drivers/STM32F4xx_HAL_Driver/Src/stm32f4xx_hal_pcd.o
 .ARM.attributes
                0x0000034f       0x34 ./Drivers/STM32F4xx_HAL_Driver/Src/stm32f4xx_hal_pcd_ex.o
 .ARM.attributes
                0x00000383       0x34 ./Drivers/STM32F4xx_HAL_Driver/Src/stm32f4xx_hal_rcc.o
 .ARM.attributes
                0x000003b7       0x34 ./Drivers/STM32F4xx_HAL_Driver/Src/stm32f4xx_hal_tim.o
 .ARM.attributes
                0x000003eb       0x34 ./Drivers/STM32F4xx_HAL_Driver/Src/stm32f4xx_hal_tim_ex.o
 .ARM.attributes
                0x0000041f       0x34 ./Drivers/STM32F4xx_HAL_Driver/Src/stm32f4xx_ll_usb.o
 .ARM.attributes
                0x00000453       0x34 ./Middlewares/ST/STM32_USB_Device_Library/Class/CDC/Src/usbd_cdc.o
 .ARM.attributes
                0x00000487       0x34 ./Middlewares/ST/STM32_USB_Device_Library/Core/Src/usbd_core.o
 .ARM.attributes
                0x000004bb       0x34 ./Middlewares/ST/STM32_USB_Device_Library/Core/Src/usbd_ctlreq.o
 .ARM.attributes
                0x000004ef       0x34 ./Middlewares/ST/STM32_USB_Device_Library/Core/Src/usbd_ioreq.o
 .ARM.attributes
                0x00000523       0x34 ./USB_DEVICE/App/usb_device.o
 .ARM.attributes
                0x00000557       0x34 ./USB_DEVICE/App/usbd_cdc_if.o
 .ARM.attributes
                0x0000058b       0x34 ./USB_DEVICE/App/usbd_desc.o
 .ARM.attributes