../Core/Src/binary_game.c:57:13:bg_set_leds	24	static
../Core/Src/binary_game.c:66:13:bg_all_leds_off	8	static
../Core/Src/binary_game.c:67:13:bg_all_leds_on	8	static
../Core/Src/binary_game.c:72:13:bg_buzzer_on	8	static
../Core/Src/binary_game.c:77:13:bg_buzzer_off	8	static
../Core/Src/binary_game.c:83:13:bg_beep	16	static
../Core/Src/binary_game.c:97:13:bg_buzz_countdown	24	static
../Core/Src/binary_game.c:112:13:bg_buzz_correct	8	static
../Core/Src/binary_game.c:123:13:bg_buzz_wrong	8	static
../Core/Src/binary_game.c:132:13:BinaryGame_UART_Transmit	16	static
../Core/Src/binary_game.c:142:13:bg_transmit_fmt	16	static
../Core/Src/binary_game.c:150:16:bg_rand_byte	4	static
../Core/Src/binary_game.c:159:13:bg_new_round	88	static
../Core/Src/binary_game.c:212:6:BinaryGame_Init	8	static
../Core/Src/binary_game.c:229:9:BinaryGame_GetTarget	4	static
../Core/Src/binary_game.c:234:9:BinaryGame_GetScore	4	static
../Core/Src/binary_game.c:239:9:BinaryGame_GetRound	4	static
../Core/Src/binary_game.c:244:6:BinaryGame_Run	104	static
../Core/Src/binary_game.c:320:6:BinaryGame_Reset	8	static
../Core/Src/binary_game.c:336:13:bg_process_bit	16	static
../Core/Src/binary_game.c:352:6:BinaryGame_BTN1_Press	8	static
../Core/Src/binary_game.c:357:6:BinaryGame_BTN2_Press	8	static
