../Core/Src/binary_game.c:50:13:bg_set_leds	24	static
../Core/Src/binary_game.c:59:13:bg_all_leds_off	8	static
../Core/Src/binary_game.c:60:13:bg_all_leds_on	8	static
../Core/Src/binary_game.c:65:13:bg_buzzer_on	8	static
../Core/Src/binary_game.c:70:13:bg_buzzer_off	8	static
../Core/Src/binary_game.c:76:13:bg_beep	16	static
../Core/Src/binary_game.c:90:13:bg_buzz_countdown	24	static
../Core/Src/binary_game.c:105:13:bg_buzz_correct	8	static
../Core/Src/binary_game.c:116:13:bg_buzz_wrong	8	static
../Core/Src/binary_game.c:125:13:BinaryGame_UART_Transmit	16	static
../Core/Src/binary_game.c:135:13:bg_transmit_fmt	16	static
../Core/Src/binary_game.c:143:16:bg_rand_byte	4	static
../Core/Src/binary_game.c:152:13:bg_new_round	88	static
../Core/Src/binary_game.c:195:6:BinaryGame_Init	8	static
../Core/Src/binary_game.c:210:6:BinaryGame_Run	4	static
../Core/Src/binary_game.c:216:6:BinaryGame_Reset	8	static
../Core/Src/binary_game.c:230:13:bg_process_bit	104	static
../Core/Src/binary_game.c:287:6:BinaryGame_BTN1_Press	8	static
../Core/Src/binary_game.c:292:6:BinaryGame_BTN2_Press	8	static
