../Core/Src/main.c:118:13:set_leds	24	static
../Core/Src/main.c:126:13:all_leds_on	8	static
../Core/Src/main.c:127:13:all_leds_off	8	static
../Core/Src/main.c:135:5:main	48	static
../Core/Src/main.c:446:6:SystemClock_Config	88	static
../Core/Src/main.c:488:13:MX_ADC1_Init	24	static
../Core/Src/main.c:538:13:MX_DMA_Init	16	static
../Core/Src/main.c:556:13:MX_GPIO_Init	40	static
../Core/Src/main.c:622:6:HAL_GPIO_EXTI_Callback	24	static
../Core/Src/main.c:709:6:Error_Handler	4	static,ignoring_inline_asm
