../Core/Src/main.c:142:6:Process_USB_Command	24	static
../Core/Src/main.c:158:6:BinaryGame_UART_Transmit	16	static
../Core/Src/main.c:180:13:set_leds	24	static
../Core/Src/main.c:192:13:all_leds_on	8	static
../Core/Src/main.c:193:13:all_leds_off	8	static
../Core/Src/main.c:201:5:main	472	static
../Core/Src/main.c:831:6:SystemClock_Config	88	static
../Core/Src/main.c:877:13:MX_ADC1_Init	24	static
../Core/Src/main.c:929:13:MX_TIM2_Init	32	static
../Core/Src/main.c:974:13:MX_TIM3_Init	32	static
../Core/Src/main.c:1022:13:MX_TIM4_Init	48	static
../Core/Src/main.c:1069:13:MX_DMA_Init	16	static
../Core/Src/main.c:1087:13:MX_GPIO_Init	40	static
../Core/Src/main.c:1175:6:HAL_GPIO_EXTI_Callback	24	static
../Core/Src/main.c:1245:6:Error_Handler	4	static,ignoring_inline_asm
