../Core/Src/rhythm_game.c:43:13:rg_set_leds	24	static
../Core/Src/rhythm_game.c:74:13:buzzer_beep	16	static
../Core/Src/rhythm_game.c:85:13:buzzer_correct_perfect	8	static
../Core/Src/rhythm_game.c:95:13:buzzer_correct_near	8	static
../Core/Src/rhythm_game.c:103:13:buzzer_wrong	8	static
../Core/Src/rhythm_game.c:113:17:rg_calc_beat_ms	16	static
../Core/Src/rhythm_game.c:122:13:rg_play_demo	24	static
../Core/Src/rhythm_game.c:140:13:rg_ready_signal	16	static
../Core/Src/rhythm_game.c:166:13:rg_compute_errors	16	static
../Core/Src/rhythm_game.c:179:16:_abs32	16	static
../Core/Src/rhythm_game.c:182:16:rg_classify	24	static
../Core/Src/rhythm_game.c:195:17:rg_calc_round_score	32	static
../Core/Src/rhythm_game.c:227:13:rg_show_feedback	16	static
../Core/Src/rhythm_game.c:265:13:rg_level_up_anim	32	static
../Core/Src/rhythm_game.c:287:13:rg_game_over_anim	32	static
../Core/Src/rhythm_game.c:324:13:RhythmGame_UART_Transmit	16	static
../Core/Src/rhythm_game.c:329:13:rg_send_uart_result	168	static
../Core/Src/rhythm_game.c:358:6:RhythmGame_Init	8	static
../Core/Src/rhythm_game.c:368:6:RhythmGame_Reset	8	static
../Core/Src/rhythm_game.c:374:6:RhythmGame_BTN1_Tap	16	static
../Core/Src/rhythm_game.c:387:6:RhythmGame_BTN2_Press	4	static
../Core/Src/rhythm_game.c:399:6:RhythmGame_Run	32	static
