../Core/Src/rhythm_game.c:43:13:rg_set_leds	24	static
../Core/Src/rhythm_game.c:74:17:rg_calc_beat_ms	16	static
../Core/Src/rhythm_game.c:83:13:rg_play_demo	24	static
../Core/Src/rhythm_game.c:97:13:rg_ready_signal	16	static
../Core/Src/rhythm_game.c:113:13:rg_compute_errors	16	static
../Core/Src/rhythm_game.c:126:16:_abs32	16	static
../Core/Src/rhythm_game.c:129:16:rg_classify	24	static
../Core/Src/rhythm_game.c:142:17:rg_calc_round_score	32	static
../Core/Src/rhythm_game.c:174:13:rg_show_feedback	16	static
../Core/Src/rhythm_game.c:210:13:rg_level_up_anim	16	static
../Core/Src/rhythm_game.c:227:13:rg_game_over_anim	16	static
../Core/Src/rhythm_game.c:254:13:RhythmGame_UART_Transmit	16	static
../Core/Src/rhythm_game.c:259:13:rg_send_uart_result	168	static
../Core/Src/rhythm_game.c:288:6:RhythmGame_Init	8	static
../Core/Src/rhythm_game.c:298:6:RhythmGame_Reset	8	static
../Core/Src/rhythm_game.c:304:6:RhythmGame_BTN1_Tap	16	static
../Core/Src/rhythm_game.c:317:6:RhythmGame_BTN2_Press	4	static
../Core/Src/rhythm_game.c:329:6:RhythmGame_Run	32	static
