../Core/Src/whack_game.c:9:13:WhackGame_UART_Transmit	16	static
../Core/Src/whack_game.c:13:13:whack_send_uart	16	static
../Core/Src/whack_game.c:17:13:LED_WriteRaw	16	static
../Core/Src/whack_game.c:75:6:WhackGame_TIM3_ISR	4	static
../Core/Src/whack_game.c:93:6:WhackGame_Init	16	static
../Core/Src/whack_game.c:106:6:WhackGame_Reset	8	static
../Core/Src/whack_game.c:124:6:WhackGame_BTN1_Press	8	static
../Core/Src/whack_game.c:146:6:WhackGame_BTN2_Press	8	static
../Core/Src/whack_game.c:155:16:getCorrectButton	16	static
../Core/Src/whack_game.c:159:13:evaluate_hit	176	static
../Core/Src/whack_game.c:254:6:WhackGame_Run	200	static
